---
source: crates/rust_debug_info/src/db/tests.rs
expression: index
snapshot_kind: text
---
IndexData {
    function_name_to_die: {
        "<&T as core::fmt::Debug>::fmt": "$OUT_DIR/simple-test:0xc2844:0x14b3d",
        "<&T as core::fmt::Display>::fmt": "$OUT_DIR/simple-test:0xc2844:0x154e0",
        "<&mut T as core::fmt::Display>::fmt": "$OUT_DIR/simple-test:0x1b7e:0x28912",
        "<&str as core::str::pattern::Pattern>::is_contained_in": "$OUT_DIR/simple-test:0x1b7e:0x28c3a",
        "<() as core::fmt::Debug>::fmt": "$OUT_DIR/simple-test:0x1b7e:0x2775c",
        "<() as std::process::Termination>::report": "$OUT_DIR/simple-test:0x143d:0x39",
        "<*mut T as core::fmt::Debug>::fmt": "$OUT_DIR/simple-test:0x1b7e:0x288c6",
        "<T as core::any::Any>::type_id": "$OUT_DIR/simple-test:0x1b7e:0x26b65",
        "<alloc::string::String as core::fmt::Display>::fmt": "$OUT_DIR/simple-test:0x1b7e:0x100d7",
        "<alloc::string::String as core::fmt::Write>::write_char": "$OUT_DIR/simple-test:0x1b7e:0xff6d",
        "<alloc::string::String as core::fmt::Write>::write_str": "$OUT_DIR/simple-test:0x1b7e:0xff87",
        "<core::fmt::Error as core::fmt::Debug>::fmt": "$OUT_DIR/simple-test:0x1b7e:0x28932",
        "<core::ops::range::Range<Idx> as core::fmt::Debug>::fmt": "$OUT_DIR/simple-test:0xc2844:0x15efd",
        "<core::str::pattern::CharSearcher as core::str::pattern::Searcher>::next_match": "$OUT_DIR/simple-test:0x1b7e:0x28f78",
        "<core::str::pattern::StrSearcher as core::str::pattern::Searcher>::next": "$OUT_DIR/simple-test:0x1b7e:0x28f52",
        "<gimli::read::unit::AttributeValue<R,Offset> as core::clone::Clone>::clone": "$OUT_DIR/simple-test:0x1b7e:0xa0e27",
        "<std::backtrace_rs::symbolize::gimli::parse_running_mmaps::MapsEntry as core::str::traits::FromStr>::from_str::{{closure}}": "$OUT_DIR/simple-test:0x1b7e:0x8ca29",
        "<std::io::Write::write_fmt::Adapter<T> as core::fmt::Write>::write_str": "$OUT_DIR/simple-test:0x1b7e:0x55cf3",
        "<std::panicking::begin_panic_handler::StaticStrPayload as core::panic::PanicPayload>::as_str": "$OUT_DIR/simple-test:0x1b7e:0x33345",
        "<std::panicking::begin_panic_handler::StaticStrPayload as core::panic::PanicPayload>::get": "$OUT_DIR/simple-test:0x1b7e:0x3332b",
        "<std::path::Component as core::cmp::PartialEq>::eq": "$OUT_DIR/simple-test:0x1b7e:0x6dce2",
        "<std::path::Components as core::cmp::PartialEq>::eq": "$OUT_DIR/simple-test:0x1b7e:0x6d116",
        "<std::path::StripPrefixError as core::fmt::Debug>::fmt": "$OUT_DIR/simple-test:0x1b7e:0x6de76",
        "<std::sys::pal::unix::stdio::Stderr as std::io::Write>::flush": "$OUT_DIR/simple-test:0x1b7e:0x47610",
        "<std::sys::pal::unix::stdio::Stderr as std::io::Write>::is_write_vectored": "$OUT_DIR/simple-test:0x1b7e:0x475f7",
        "addr2line::Context<R>::find_unit": "$OUT_DIR/simple-test:0x1b7e:0xb067c",
        "addr2line::function::Function<R>::parse_children": "$OUT_DIR/simple-test:0x1b7e:0xaba0a",
        "addr2line::function::name_attr": "$OUT_DIR/simple-test:0x1b7e:0xad6dc",
        "addr2line::function::name_entry": "$OUT_DIR/simple-test:0x1b7e:0xad217",
        "addr2line::line::LazyLines::borrow": "$OUT_DIR/simple-test:0x1b7e:0xb0f8c",
        "addr2line::line::render_file": "$OUT_DIR/simple-test:0x1b7e:0xb06b3",
        "addr2line::lookup::LoopingLookup<T,L,F>::new_lookup": "$OUT_DIR/simple-test:0x1b7e:0xb41a6",
        "addr2line::unit::ResUnit<R>::find_function_or_location": "$OUT_DIR/simple-test:0x1b7e:0xad8f6",
        "addr2line::unit::ResUnit<R>::find_function_or_location::{{closure}}": "$OUT_DIR/simple-test:0x1b7e:0xaddf1",
        "alloc::collections::btree::map::IntoIter<K,V,A>::dying_next": "$OUT_DIR/simple-test:0x1b7e:0x89eb",
        "alloc::raw_vec::RawVec<T,A>::grow_one": "$OUT_DIR/simple-test:0xb691a:0x15b8",
        "alloc::raw_vec::RawVecInner<A>::reserve::do_reserve_and_handle": "$OUT_DIR/simple-test:0xb691a:0x1807",
        "alloc::raw_vec::capacity_overflow": "$OUT_DIR/simple-test:0xb691a:0x1580",
        "alloc::raw_vec::finish_grow": "$OUT_DIR/simple-test:0xb691a:0x1906",
        "alloc::string::String::push": "$OUT_DIR/simple-test:0x1b7e:0xfe18",
        "alloc::sync::Arc<T,A>::drop_slow": "$OUT_DIR/simple-test:0x1b7e:0xecb7",
        "compiler_builtins::int::specialized_div_rem::u128_div_rem": "$OUT_DIR/simple-test:0xe5d8c:0x161",
        "core::char::methods::<impl char>::escape_debug_ext": "$OUT_DIR/simple-test:0x1b7e:0x2aaef",
        "core::fmt::Arguments::new_const": "$OUT_DIR/simple-test:0x14fa:0x20e",
        "core::fmt::Arguments::new_v1": "$OUT_DIR/simple-test:0x14fa:0x1f3",
        "core::fmt::Formatter::pad_integral::write_prefix": "$OUT_DIR/simple-test:0xc2844:0x149a7",
        "core::fmt::Write::write_char": "$OUT_DIR/simple-test:0x1b7e:0x2857b",
        "core::fmt::Write::write_fmt": "$OUT_DIR/simple-test:0xc2844:0x13c17",
        "core::fmt::num::imp::<impl u32>::_fmt": "$OUT_DIR/simple-test:0xc2844:0x11738",
        "core::fmt::num::imp::<impl u64>::_fmt": "$OUT_DIR/simple-test:0xc2844:0x11800",
        "core::fmt::rt::Argument::new_display": "$OUT_DIR/simple-test:0x5c6:0x8e",
        "core::num::<impl u64>::from_ascii_radix": "$OUT_DIR/simple-test:0x1b7e:0x2a1f2",
        "core::num::<impl usize>::from_ascii_radix": "$OUT_DIR/simple-test:0x1b7e:0x2a2da",
        "core::ops::function::FnOnce::call_once": "$OUT_DIR/simple-test:0x1b7e:0x2c7bb",
        "core::ops::function::FnOnce::call_once{{vtable.shim}}": "$OUT_DIR/simple-test:0x1b7e:0x2c693",
        "core::panic::PanicPayload::as_str": "$OUT_DIR/simple-test:0x1b7e:0x2a9a2",
        "core::panicking::assert_failed": "$OUT_DIR/simple-test:0xc2844:0x1fdb7",
        "core::ptr::drop_in_place<(usize,std::backtrace_rs::symbolize::gimli::Mapping)>": "$OUT_DIR/simple-test:0x1b7e:0x19857",
        "core::ptr::drop_in_place<<alloc::collections::btree::map::IntoIter<K,V,A> as core::ops::drop::Drop>::drop::DropGuard<u64,core::result::Result<alloc::sync::Arc<gimli::read::abbrev::Abbreviations>,gimli::read::Error>,alloc::alloc::Global>>": "$OUT_DIR/simple-test:0x1b7e:0x1644a",
        "core::ptr::drop_in_place<addr2line::Context<gimli::read::endian_slice::EndianSlice<gimli::endianity::LittleEndian>>>": "$OUT_DIR/simple-test:0x1b7e:0x14a76",
        "core::ptr::drop_in_place<addr2line::function::LazyFunction<gimli::read::endian_slice::EndianSlice<gimli::endianity::LittleEndian>>>": "$OUT_DIR/simple-test:0x1b7e:0x14762",
        "core::ptr::drop_in_place<addr2line::unit::DwoUnit<gimli::read::endian_slice::EndianSlice<gimli::endianity::LittleEndian>>>": "$OUT_DIR/simple-test:0x1b7e:0x15f49",
        "core::ptr::drop_in_place<addr2line::unit::ResUnit<gimli::read::endian_slice::EndianSlice<gimli::endianity::LittleEndian>>>": "$OUT_DIR/simple-test:0x1b7e:0x13607",
        "core::ptr::drop_in_place<addr2line::unit::ResUnits<gimli::read::endian_slice::EndianSlice<gimli::endianity::LittleEndian>>>": "$OUT_DIR/simple-test:0x1b7e:0x138fb",
        "core::ptr::drop_in_place<addr2line::unit::SupUnit<gimli::read::endian_slice::EndianSlice<gimli::endianity::LittleEndian>>>": "$OUT_DIR/simple-test:0x1b7e:0x13a72",
        "core::ptr::drop_in_place<addr2line::unit::SupUnits<gimli::read::endian_slice::EndianSlice<gimli::endianity::LittleEndian>>>": "$OUT_DIR/simple-test:0x1b7e:0x13a7f",
        "core::ptr::drop_in_place<alloc::boxed::Box<[addr2line::function::LazyFunction<gimli::read::endian_slice::EndianSlice<gimli::endianity::LittleEndian>>]>>": "$OUT_DIR/simple-test:0x1b7e:0x15315",
        "core::ptr::drop_in_place<alloc::boxed::Box<[alloc::string::String]>>": "$OUT_DIR/simple-test:0x1b7e:0x1a71b",
        "core::ptr::drop_in_place<alloc::collections::btree::map::BTreeMap<u64,gimli::read::abbrev::Abbreviation>>": "$OUT_DIR/simple-test:0x1b7e:0x1b325",
        "core::ptr::drop_in_place<alloc::string::String>": "$OUT_DIR/simple-test:0x1b7e:0x16139",
        "core::ptr::drop_in_place<alloc::sync::Arc<std::sync::poison::mutex::Mutex<alloc::vec::Vec<u8>>>>": "$OUT_DIR/simple-test:0x1b7e:0x15e7b",
        "core::ptr::drop_in_place<alloc::sync::ArcInner<gimli::read::abbrev::Abbreviations>>": "$OUT_DIR/simple-test:0x1b7e:0x19d2c",
        "core::ptr::drop_in_place<alloc::sync::ArcInner<gimli::read::dwarf::Dwarf<gimli::read::endian_slice::EndianSlice<gimli::endianity::LittleEndian>>>>": "$OUT_DIR/simple-test:0x1b7e:0x146a3",
        "core::ptr::drop_in_place<alloc::vec::Vec<addr2line::function::LazyFunction<gimli::read::endian_slice::EndianSlice<gimli::endianity::LittleEndian>>>>": "$OUT_DIR/simple-test:0x1b7e:0x1b40f",
        "core::ptr::drop_in_place<alloc::vec::Vec<addr2line::line::LineSequence>>": "$OUT_DIR/simple-test:0x1b7e:0x1ad07",
        "core::ptr::drop_in_place<alloc::vec::Vec<addr2line::unit::ResUnit<gimli::read::endian_slice::EndianSlice<gimli::endianity::LittleEndian>>>>": "$OUT_DIR/simple-test:0x1b7e:0x1bf08",
        "core::ptr::drop_in_place<alloc::vec::Vec<addr2line::unit::SupUnit<gimli::read::endian_slice::EndianSlice<gimli::endianity::LittleEndian>>>>": "$OUT_DIR/simple-test:0x1b7e:0x144bd",
        "core::ptr::drop_in_place<alloc::vec::Vec<alloc::string::String>>": "$OUT_DIR/simple-test:0x1b7e:0x1b3e8",
        "core::ptr::drop_in_place<alloc::vec::Vec<std::backtrace_rs::symbolize::gimli::Library>>": "$OUT_DIR/simple-test:0x1b7e:0x1bf63",
        "core::ptr::drop_in_place<alloc::vec::Vec<std::backtrace_rs::symbolize::gimli::parse_running_mmaps::MapsEntry>>": "$OUT_DIR/simple-test:0x1b7e:0x1bf3c",
        "core::ptr::drop_in_place<alloc::vec::Vec<u8>>": "$OUT_DIR/simple-test:0x1b7e:0x121a9",
        "core::ptr::drop_in_place<core::option::Option<gimli::read::line::IncompleteLineProgram<gimli::read::endian_slice::EndianSlice<gimli::endianity::LittleEndian>,usize>>>": "$OUT_DIR/simple-test:0x1b7e:0x1b332",
        "core::ptr::drop_in_place<core::result::Result<(),std::io::error::Error>>": "$OUT_DIR/simple-test:0x1b7e:0x1175b",
        "core::ptr::drop_in_place<core::result::Result<addr2line::Context<gimli::read::endian_slice::EndianSlice<gimli::endianity::LittleEndian>>,gimli::read::Error>>": "$OUT_DIR/simple-test:0x1b7e:0x14a83",
        "core::ptr::drop_in_place<core::result::Result<addr2line::frame::FrameIter<gimli::read::endian_slice::EndianSlice<gimli::endianity::LittleEndian>>,gimli::read::Error>>": "$OUT_DIR/simple-test:0x1b7e:0x151f5",
        "core::ptr::drop_in_place<core::result::Result<addr2line::function::Functions<gimli::read::endian_slice::EndianSlice<gimli::endianity::LittleEndian>>,gimli::read::Error>>": "$OUT_DIR/simple-test:0x1b7e:0x1532f",
        "core::ptr::drop_in_place<core::result::Result<addr2line::line::Lines,gimli::read::Error>>": "$OUT_DIR/simple-test:0x1b7e:0x1a735",
        "core::ptr::drop_in_place<core::result::Result<core::option::Option<alloc::boxed::Box<addr2line::unit::DwoUnit<gimli::read::endian_slice::EndianSlice<gimli::endianity::LittleEndian>>>>,gimli::read::Error>>": "$OUT_DIR/simple-test:0x1b7e:0x15f70",
        "core::ptr::drop_in_place<gimli::read::abbrev::Abbreviations>": "$OUT_DIR/simple-test:0x1b7e:0x19d1f",
        "core::ptr::drop_in_place<gimli::read::abbrev::AbbreviationsCache>": "$OUT_DIR/simple-test:0x1b7e:0x183d9",
        "core::ptr::drop_in_place<gimli::read::dwarf::Dwarf<gimli::read::endian_slice::EndianSlice<gimli::endianity::LittleEndian>>>": "$OUT_DIR/simple-test:0x1b7e:0x14696",
        "core::ptr::drop_in_place<gimli::read::dwarf::Unit<gimli::read::endian_slice::EndianSlice<gimli::endianity::LittleEndian>,usize>>": "$OUT_DIR/simple-test:0x1b7e:0x13435",
        "core::ptr::drop_in_place<gimli::read::line::LineRows<gimli::read::endian_slice::EndianSlice<gimli::endianity::LittleEndian>,gimli::read::line::IncompleteLineProgram<gimli::read::endian_slice::EndianSlice<gimli::endianity::LittleEndian>,usize>,usize>>": "$OUT_DIR/simple-test:0x1b7e:0x1b3a7",
        "core::ptr::drop_in_place<std::backtrace_rs::backtrace::libunwind::Bomb>": "$OUT_DIR/simple-test:0x1b7e:0x188c0",
        "core::ptr::drop_in_place<std::backtrace_rs::symbolize::gimli::Library>": "$OUT_DIR/simple-test:0x1b7e:0x1a1a5",
        "core::ptr::drop_in_place<std::backtrace_rs::symbolize::gimli::stash::Stash>": "$OUT_DIR/simple-test:0x1b7e:0x18bf7",
        "core::ptr::drop_in_place<std::ffi::os_str::OsString>": "$OUT_DIR/simple-test:0x1b7e:0x121c3",
        "core::ptr::drop_in_place<std::io::Write::write_fmt::Adapter<std::io::cursor::Cursor<&mut [u8]>>>": "$OUT_DIR/simple-test:0x1b7e:0x1b8bc",
        "core::ptr::drop_in_place<std::io::buffered::bufwriter::BufWriter<W>::flush_buf::BufGuard>": "$OUT_DIR/simple-test:0x1b7e:0x1b784",
        "core::ptr::drop_in_place<std::io::buffered::linewriter::LineWriter<std::io::stdio::StdoutRaw>>": "$OUT_DIR/simple-test:0x1b7e:0x1a953",
        "core::ptr::drop_in_place<std::io::error::Error>": "$OUT_DIR/simple-test:0x1b7e:0x1a946",
        "core::ptr::drop_in_place<std::io::stdio::StdinLock>": "$OUT_DIR/simple-test:0x1b7e:0x1b7ab",
        "core::ptr::drop_in_place<std::panicking::begin_panic_handler::FormatStringPayload>": "$OUT_DIR/simple-test:0x1b7e:0x1bbae",
        "core::ptr::drop_in_place<std::sync::poison::rwlock::RwLockReadGuard<std::panicking::Hook>>": "$OUT_DIR/simple-test:0x1b7e:0x1a6ad",
        "core::ptr::drop_in_place<std::sync::reentrant_lock::ReentrantLockGuard<core::cell::RefCell<std::io::buffered::linewriter::LineWriter<std::io::stdio::StdoutRaw>>>>": "$OUT_DIR/simple-test:0x1b7e:0x1b7b8",
        "core::ptr::drop_in_place<std::sys::thread_local::native::lazy::State<core::cell::Cell<core::option::Option<alloc::sync::Arc<std::sync::poison::mutex::Mutex<alloc::vec::Vec<u8>>>>>,()>>": "$OUT_DIR/simple-test:0x1b7e:0x1be5f",
        "core::slice::sort::shared::pivot::median3_rec": "$OUT_DIR/simple-test:0x1b7e:0x1e83c",
        "core::slice::sort::shared::smallsort::insertion_sort_shift_left": "$OUT_DIR/simple-test:0x1b7e:0x1f996",
        "core::slice::sort::shared::smallsort::small_sort_general": "$OUT_DIR/simple-test:0x1b7e:0x1f0c1",
        "core::slice::sort::shared::smallsort::sort4_stable": "$OUT_DIR/simple-test:0x1b7e:0x1e9c9",
        "core::slice::sort::shared::smallsort::sort8_stable": "$OUT_DIR/simple-test:0x1b7e:0x1eba0",
        "core::slice::sort::stable::drift::sort": "$OUT_DIR/simple-test:0x1b7e:0x223a4",
        "core::slice::sort::stable::driftsort_main": "$OUT_DIR/simple-test:0x1b7e:0x20599",
        "core::slice::sort::stable::quicksort::quicksort": "$OUT_DIR/simple-test:0x1b7e:0x24f4e",
        "core::slice::sort::unstable::heapsort::heapsort": "$OUT_DIR/simple-test:0x1b7e:0x26047",
        "core::slice::sort::unstable::ipnsort": "$OUT_DIR/simple-test:0x1b7e:0x25f25",
        "core::slice::sort::unstable::quicksort::quicksort": "$OUT_DIR/simple-test:0x1b7e:0x262a4",
        "core::str::<impl str>::split_once": "$OUT_DIR/simple-test:0x1b7e:0x299f7",
        "core::str::<impl str>::trim_start_matches": "$OUT_DIR/simple-test:0x1b7e:0x29725",
        "core::str::validations::next_code_point": "$OUT_DIR/simple-test:0x1b7e:0x28aff",
        "gimli::read::aranges::ArangeHeader<R,Offset>::parse": "$OUT_DIR/simple-test:0x1b7e:0xa85ba",
        "gimli::read::dwarf::Dwarf<R>::attr_string": "$OUT_DIR/simple-test:0x1b7e:0xa3ed2",
        "gimli::read::dwarf::Unit<R>::new": "$OUT_DIR/simple-test:0x1b7e:0xa4704",
        "gimli::read::index::UnitIndex<R>::parse": "$OUT_DIR/simple-test:0x1b7e:0xa804b",
        "gimli::read::line::FileEntry<R,Offset>::parse": "$OUT_DIR/simple-test:0x1b7e:0xa3a34",
        "gimli::read::line::FileEntryFormat::parse": "$OUT_DIR/simple-test:0x1b7e:0xa1953",
        "gimli::read::line::parse_attribute": "$OUT_DIR/simple-test:0x1b7e:0xa20bd",
        "gimli::read::line::parse_directory_v5": "$OUT_DIR/simple-test:0x1b7e:0xa376a",
        "gimli::read::line::parse_file_v5": "$OUT_DIR/simple-test:0x1b7e:0xa17dd",
        "gimli::read::reader::Reader::read_offset": "$OUT_DIR/simple-test:0x1b7e:0xa0f95",
        "gimli::read::reader::Reader::read_sized_offset": "$OUT_DIR/simple-test:0x1b7e:0xa13d0",
        "gimli::read::reader::Reader::read_sleb128": "$OUT_DIR/simple-test:0x1b7e:0xa1238",
        "gimli::read::reader::Reader::read_uleb128": "$OUT_DIR/simple-test:0x1b7e:0xa0f54",
        "gimli::read::rnglists::RngListIter<R>::next": "$OUT_DIR/simple-test:0x1b7e:0xa8db3",
        "gimli::read::unit::Attribute<R>::value": "$OUT_DIR/simple-test:0x1b7e:0x9f378",
        "gimli::read::unit::AttributeValue<R,Offset>::udata_value": "$OUT_DIR/simple-test:0x1b7e:0x9bc55",
        "gimli::read::unit::DebugInfoUnitHeadersIter<R>::next": "$OUT_DIR/simple-test:0x1b7e:0x9fdfc",
        "gimli::read::unit::EntriesCursor<R>::next_entry": "$OUT_DIR/simple-test:0x1b7e:0x9f831",
        "gimli::read::unit::parse_attribute": "$OUT_DIR/simple-test:0x1b7e:0x9bceb",
        "gimli::read::unit::skip_attributes": "$OUT_DIR/simple-test:0x1b7e:0x9e95f",
        "panic_abort::__rust_start_panic::abort": "$OUT_DIR/simple-test:0xb68a0:0x5e",
        "simple_test::function_call": "$OUT_DIR/simple-test:0x0:0xaa",
        "simple_test::main": "$OUT_DIR/simple-test:0x0:0xe7",
        "std::alloc::default_alloc_error_hook": "$OUT_DIR/simple-test:0x1b7e:0x9b6d0",
        "std::backtrace_rs::backtrace::libunwind::trace::trace_fn": "$OUT_DIR/simple-test:0x1b7e:0x819af",
        "std::backtrace_rs::print::BacktraceFrameFmt::print_raw_with_column": "$OUT_DIR/simple-test:0x1b7e:0x9249e",
        "std::backtrace_rs::symbolize::gimli::Cache::with_global": "$OUT_DIR/simple-test:0x1b7e:0x87118",
        "std::backtrace_rs::symbolize::gimli::Context::new": "$OUT_DIR/simple-test:0x1b7e:0x81f20",
        "std::backtrace_rs::symbolize::gimli::elf::<impl std::backtrace_rs::symbolize::gimli::Mapping>::load_dwarf_package": "$OUT_DIR/simple-test:0x1b7e:0x8ebc3",
        "std::backtrace_rs::symbolize::gimli::elf::<impl std::backtrace_rs::symbolize::gimli::Mapping>::new_debug": "$OUT_DIR/simple-test:0x1b7e:0x8d3c4",
        "std::backtrace_rs::symbolize::gimli::elf::Object::build_id": "$OUT_DIR/simple-test:0x1b7e:0x915df",
        "std::backtrace_rs::symbolize::gimli::elf::Object::parse": "$OUT_DIR/simple-test:0x1b7e:0x8fa07",
        "std::backtrace_rs::symbolize::gimli::elf::Object::search_symtab": "$OUT_DIR/simple-test:0x1b7e:0x91457",
        "std::backtrace_rs::symbolize::gimli::elf::Object::section": "$OUT_DIR/simple-test:0x1b7e:0x90b99",
        "std::backtrace_rs::symbolize::gimli::elf::decompress_zlib": "$OUT_DIR/simple-test:0x1b7e:0x91961",
        "std::backtrace_rs::symbolize::gimli::elf::locate_build_id": "$OUT_DIR/simple-test:0x1b7e:0x919b5",
        "std::backtrace_rs::symbolize::gimli::libs_dl_iterate_phdr::callback": "$OUT_DIR/simple-test:0x1b7e:0x8670d",
        "std::backtrace_rs::symbolize::gimli::mmap": "$OUT_DIR/simple-test:0x1b7e:0x860e6",
        "std::backtrace_rs::symbolize::gimli::stash::Stash::allocate": "$OUT_DIR/simple-test:0x1b7e:0x81b80",
        "std::fs::buffer_capacity_required": "$OUT_DIR/simple-test:0x1b7e:0x77664",
        "std::io::Write::write_all": "$OUT_DIR/simple-test:0x1b7e:0x562f1",
        "std::io::Write::write_all_vectored": "$OUT_DIR/simple-test:0x1b7e:0x568d6",
        "std::io::Write::write_fmt": "$OUT_DIR/simple-test:0x1b7e:0x5715f",
        "std::io::buffered::bufwriter::BufWriter<W>::flush_buf": "$OUT_DIR/simple-test:0x1b7e:0x5895e",
        "std::io::buffered::bufwriter::BufWriter<W>::write_all_cold": "$OUT_DIR/simple-test:0x1b7e:0x590eb",
        "std::io::default_read_to_end": "$OUT_DIR/simple-test:0x1b7e:0x67d3e",
        "std::io::default_read_to_end::small_probe_read": "$OUT_DIR/simple-test:0x1b7e:0x66cc1",
        "std::io::impls::<impl std::io::Write for alloc::vec::Vec<u8,A>>::flush": "$OUT_DIR/simple-test:0x1b7e:0x578cb",
        "std::io::impls::<impl std::io::Write for alloc::vec::Vec<u8,A>>::is_write_vectored": "$OUT_DIR/simple-test:0x1b7e:0x5777c",
        "std::io::impls::<impl std::io::Write for alloc::vec::Vec<u8,A>>::write": "$OUT_DIR/simple-test:0x1b7e:0x573ed",
        "std::io::impls::<impl std::io::Write for alloc::vec::Vec<u8,A>>::write_all": "$OUT_DIR/simple-test:0x1b7e:0x573e0",
        "std::io::impls::<impl std::io::Write for alloc::vec::Vec<u8,A>>::write_vectored": "$OUT_DIR/simple-test:0x1b7e:0x578e5",
        "std::io::stdio::print_to_buffer_if_capture_used": "$OUT_DIR/simple-test:0x1b7e:0x657bf",
        "std::panicking::begin_panic_handler::{{closure}}": "$OUT_DIR/simple-test:0x1b7e:0x33380",
        "std::panicking::default_hook::{{closure}}": "$OUT_DIR/simple-test:0x1b7e:0x327e5",
        "std::panicking::default_hook::{{closure}}::{{closure}}": "$OUT_DIR/simple-test:0x1b7e:0x329a6",
        "std::path::Components::len_before_body": "$OUT_DIR/simple-test:0x1b7e:0x6c18f",
        "std::path::Components::parse_next_component_back": "$OUT_DIR/simple-test:0x1b7e:0x6c67f",
        "std::rt::lang_start": "$OUT_DIR/simple-test:0x1d9:0x132",
        "std::rt::lang_start::{{closure}}": "$OUT_DIR/simple-test:0x1d9:0xc8",
        "std::sync::once_lock::OnceLock<T>::initialize": "$OUT_DIR/simple-test:0x1b7e:0x72134",
        "std::sync::poison::once::Once::call_once::{{closure}}": "$OUT_DIR/simple-test:0x1b7e:0x70f9f",
        "std::sync::poison::once::Once::call_once_force::{{closure}}": "$OUT_DIR/simple-test:0x1b7e:0x70ab5",
        "std::sys::backtrace::BacktraceLock::print": "$OUT_DIR/simple-test:0x1b7e:0x5033c",
        "std::sys::backtrace::__rust_begin_short_backtrace": "$OUT_DIR/simple-test:0x4d0:0x70",
        "std::sys::backtrace::__rust_end_short_backtrace": "$OUT_DIR/simple-test:0x1b7e:0x50901",
        "std::sys::backtrace::_print_fmt::{{closure}}": "$OUT_DIR/simple-test:0x1b7e:0x4fee2",
        "std::sys::backtrace::_print_fmt::{{closure}}::{{closure}}": "$OUT_DIR/simple-test:0x1b7e:0x5004d",
        "std::sys::backtrace::output_filename": "$OUT_DIR/simple-test:0x1b7e:0x5091a",
        "std::sys::exit_guard::unique_thread_exit": "$OUT_DIR/simple-test:0x1b7e:0x54ad6",
        "std::sys::pal::common::small_c_string::run_with_cstr_allocating": "$OUT_DIR/simple-test:0x1b7e:0x4d0b1",
        "std::sys::pal::unix::decode_error_kind": "$OUT_DIR/simple-test:0x1b7e:0x4c64e",
        "std::sys::pal::unix::fs::File::open_c": "$OUT_DIR/simple-test:0x1b7e:0x39064",
        "std::sys::pal::unix::fs::readlink::{{closure}}": "$OUT_DIR/simple-test:0x1b7e:0x3b524",
        "std::sys::pal::unix::fs::stat::{{closure}}": "$OUT_DIR/simple-test:0x1b7e:0x3be5f",
        "std::sys::pal::unix::fs::try_statx": "$OUT_DIR/simple-test:0x1b7e:0x3e454",
        "std::sys::pal::unix::os::getenv::{{closure}}": "$OUT_DIR/simple-test:0x1b7e:0x4679f",
        "std::sys::pal::unix::stack_overflow::imp::make_handler": "$OUT_DIR/simple-test:0x1b7e:0x4a423",
        "std::sys::pal::unix::stack_overflow::imp::signal_handler": "$OUT_DIR/simple-test:0x1b7e:0x4a122",
        "std::sys::pal::unix::stack_overflow::imp::signal_handler::{{closure}}": "$OUT_DIR/simple-test:0x1b7e:0x4a208",
        "std::sys::personality::dwarf::eh::read_encoded_offset": "$OUT_DIR/simple-test:0x1b7e:0x4e4ca",
        "std::sys::personality::gcc::find_eh_action::{{closure}}": "$OUT_DIR/simple-test:0x1b7e:0x4e163",
        "std::sys::thread_local::guard::key::enable": "$OUT_DIR/simple-test:0x1b7e:0x513ba",
        "std::sys::thread_local::guard::key::enable::run": "$OUT_DIR/simple-test:0x1b7e:0x514ce",
        "std::sys::thread_local::native::lazy::Storage<T,D>::initialize": "$OUT_DIR/simple-test:0x1b7e:0x50d0b",
        "std::sys::thread_local::native::lazy::destroy": "$OUT_DIR/simple-test:0x1b7e:0x50ef6",
        "std::thread::ThreadId::new::exhausted": "$OUT_DIR/simple-test:0x1b7e:0x7da17",
        "std::thread::current::try_with_current": "$OUT_DIR/simple-test:0x1b7e:0x7a8e6",
    },
    symbol_name_to_die: {
        "simple_test::STATIC_FIELD": "$OUT_DIR/simple-test:0x0:0x2f",
        "simple_test::STATIC_TEST_STRUCT": "$OUT_DIR/simple-test:0x0:0x49",
        "simple_test::STRUCTS": "$OUT_DIR/simple-test:0x0:0x90",
    },
    type_name_to_die: {
        "&[&str]": "$OUT_DIR/simple-test:0x14fa:0x48e",
        "&[core::fmt::rt::Argument]": "$OUT_DIR/simple-test:0x14fa:0x51f",
        "&[core::fmt::rt::Placeholder]": "$OUT_DIR/simple-test:0x14fa:0x4ea",
        "&mut dyn core::fmt::Write": "$OUT_DIR/simple-test:0x14fa:0x584",
        "&str": "$OUT_DIR/simple-test:0x14fa:0x4b5",
        "()": "$OUT_DIR/simple-test:0x14fa:0x546",
        "<std::rt::lang_start::{closure_env#0}<()> as core::ops::function::Fn<()>>::{vtable_type}": "$OUT_DIR/simple-test:0x1d9:0x3d",
        "__ARRAY_SIZE_TYPE__": "$OUT_DIR/simple-test:0x14fa:0x5cc",
        "alloc::alloc::Global": "$OUT_DIR/simple-test:0xa33:0x95c",
        "char": "$OUT_DIR/simple-test:0x14fa:0x511",
        "core::alloc::layout::Layout": "$OUT_DIR/simple-test:0xa33:0x656",
        "core::fmt::Alignment": "$OUT_DIR/simple-test:0x14fa:0x1a9",
        "core::fmt::Arguments": "$OUT_DIR/simple-test:0x14fa:0x1c7",
        "core::fmt::Error": "$OUT_DIR/simple-test:0x14fa:0x225",
        "core::fmt::Formatter": "$OUT_DIR/simple-test:0x14fa:0x22d",
        "core::fmt::FormattingOptions": "$OUT_DIR/simple-test:0x14fa:0x24e",
        "core::fmt::rt::Alignment": "$OUT_DIR/simple-test:0x14fa:0x39",
        "core::fmt::rt::Argument": "$OUT_DIR/simple-test:0x14fa:0x120",
        "core::fmt::rt::ArgumentType": "$OUT_DIR/simple-test:0x14fa:0x135",
        "core::fmt::rt::Count": "$OUT_DIR/simple-test:0x14fa:0xae",
        "core::fmt::rt::Placeholder": "$OUT_DIR/simple-test:0x14fa:0x5d",
        "core::marker::PhantomData<&()>": "$OUT_DIR/simple-test:0x14fa:0x473",
        "core::marker::PhantomData<simple_test::TestStruct>": "$OUT_DIR/simple-test:0xa33:0x6b6",
        "core::marker::PhantomData<u8>": "$OUT_DIR/simple-test:0xa33:0x6c8",
        "core::option::Option<&[core::fmt::rt::Placeholder]>": "$OUT_DIR/simple-test:0x14fa:0x299",
        "core::option::Option<alloc::boxed::Box<simple_test::TestStruct, alloc::alloc::Global>>": "$OUT_DIR/simple-test:0xa33:0x5ea",
        "core::option::Option<core::fmt::Alignment>": "$OUT_DIR/simple-test:0x14fa:0x2fa",
        "core::option::Option<usize>": "$OUT_DIR/simple-test:0x14fa:0x35b",
        "core::ptr::alignment::Alignment": "$OUT_DIR/simple-test:0xa33:0x2ca",
        "core::ptr::alignment::AlignmentEnum": "$OUT_DIR/simple-test:0xa33:0x39",
        "core::ptr::non_null::NonNull<()>": "$OUT_DIR/simple-test:0x14fa:0x3c8",
        "core::ptr::non_null::NonNull<simple_test::TestStruct>": "$OUT_DIR/simple-test:0xa33:0x3d0",
        "core::ptr::non_null::NonNull<u8>": "$OUT_DIR/simple-test:0xa33:0x416",
        "core::ptr::unique::Unique<simple_test::TestStruct>": "$OUT_DIR/simple-test:0xa33:0x43a",
        "core::ptr::unique::Unique<u8>": "$OUT_DIR/simple-test:0xa33:0x48b",
        "core::result::Result<(), core::fmt::Error>": "$OUT_DIR/simple-test:0x14fa:0x3ed",
        "dyn core::fmt::Write": "$OUT_DIR/simple-test:0x14fa:0x5ab",
        "i32": "$OUT_DIR/simple-test:0xa33:0x9a0",
        "isize": "$OUT_DIR/simple-test:0x1d9:0x24f",
        "simple_test::TestStruct": "$OUT_DIR/simple-test:0xa33:0x6e8",
        "std::process::ExitCode": "$OUT_DIR/simple-test:0x143d:0x64",
        "std::rt::lang_start::{closure_env#0}<()>": "$OUT_DIR/simple-test:0xa33:0x975",
        "std::sys::pal::unix::process::process_common::ExitCode": "$OUT_DIR/simple-test:0x143d:0x93",
        "u32": "$OUT_DIR/simple-test:0x14fa:0x518",
        "u64": "$OUT_DIR/simple-test:0x14fa:0x4e3",
        "u8": "$OUT_DIR/simple-test:0x14fa:0x487",
        "usize": "$OUT_DIR/simple-test:0x14fa:0x4dc",
    },
    cu_to_base_addr: {
        "$OUT_DIR/simple-test:0x0": "0x0",
        "$OUT_DIR/simple-test:0x143d": "0x0",
        "$OUT_DIR/simple-test:0x1b7e": "0x0",
        "$OUT_DIR/simple-test:0x1d9": "0x0",
        "$OUT_DIR/simple-test:0x4d0": "0x0",
        "$OUT_DIR/simple-test:0xa33": "0x0",
        "$OUT_DIR/simple-test:0xb68a0": "0x0",
        "$OUT_DIR/simple-test:0xb691a": "0x0",
        "$OUT_DIR/simple-test:0xc2844": "0x0",
        "$OUT_DIR/simple-test:0xe5d8c": "0x0",
    },
    address_range_to_cu: {
        "0x4cb0..0x2e520": "$OUT_DIR/simple-test:0x1b7e",
        "0x5bcc..0x3bc94": "$OUT_DIR/simple-test:0xb691a",
        "0x5d34..0x407fc": "$OUT_DIR/simple-test:0xc2844",
        "0x6384..0x64fc": "$OUT_DIR/simple-test:0x0",
        "0x6534..0x65c8": "$OUT_DIR/simple-test:0x1d9",
        "0x65c8..0x65ec": "$OUT_DIR/simple-test:0x4d0",
        "0x6624..0x6694": "$OUT_DIR/simple-test:0xa33",
        "0x6694..0x66b0": "$OUT_DIR/simple-test:0x143d",
        "0x2e520..0x2e558": "$OUT_DIR/simple-test:0xb68a0",
        "0x40d5c..0x410b4": "$OUT_DIR/simple-test:0xe5d8c",
    },
    address_range_to_function: {
        "0x4cb0..0x4ccc": "core::panicking::assert_failed",
        "0x4ccc..0x4d54": "alloc::raw_vec::finish_grow",
        "0x4d54..0x4e44": "alloc::raw_vec::RawVecInner<A>::reserve::do_reserve_and_handle",
        "0x4e44..0x4e7c": "std::thread::ThreadId::new::exhausted",
        "0x4e7c..0x4fc8": "std::io::buffered::bufwriter::BufWriter<W>::write_all_cold",
        "0x4fd4..0x503c": "std::sync::once_lock::OnceLock<T>::initialize",
        "0x503c..0x5090": "std::sync::once_lock::OnceLock<T>::initialize",
        "0x5090..0x5148": "std::sys::pal::common::small_c_string::run_with_cstr_allocating",
        "0x5148..0x5208": "std::sys::pal::common::small_c_string::run_with_cstr_allocating",
        "0x5208..0x52e0": "std::sys::pal::common::small_c_string::run_with_cstr_allocating",
        "0x52e0..0x53c4": "std::sys::pal::common::small_c_string::run_with_cstr_allocating",
        "0x5a3c..0x5b18": "std::sys::thread_local::native::lazy::Storage<T,D>::initialize",
        "0x5bcc..0x5c7c": "alloc::raw_vec::RawVecInner<A>::reserve::do_reserve_and_handle",
        "0x5c7c..0x5d04": "alloc::raw_vec::finish_grow",
        "0x5f64..0x5f80": "core::panicking::assert_failed",
        "0x6384..0x64bc": "simple_test::function_call",
        "0x64bc..0x64fc": "simple_test::main",
        "0x6534..0x6594": "std::rt::lang_start",
        "0x6594..0x65c8": "std::rt::lang_start::{{closure}}",
        "0x65c8..0x65ec": "std::sys::backtrace::__rust_begin_short_backtrace",
        "0x6624..0x664c": "core::ops::function::FnOnce::call_once{{vtable.shim}}",
        "0x664c..0x6674": "core::ops::function::FnOnce::call_once",
        "0x6674..0x6694": "core::ops::function::FnOnce::call_once",
        "0x6694..0x66b0": "<() as std::process::Termination>::report",
        "0x6778..0x67a8": "<T as core::any::Any>::type_id",
        "0x67a8..0x67d8": "<T as core::any::Any>::type_id",
        "0x67d8..0x67f8": "<&T as core::fmt::Debug>::fmt",
        "0x67f8..0x6828": "<&T as core::fmt::Debug>::fmt",
        "0x6828..0x6848": "<&T as core::fmt::Display>::fmt",
        "0x6848..0x68b0": "<&T as core::fmt::Display>::fmt",
        "0x68b0..0x6a04": "core::fmt::Write::write_char",
        "0x6a04..0x6b78": "core::fmt::Write::write_char",
        "0x6b78..0x6c98": "core::fmt::Write::write_char",
        "0x6c98..0x6e2c": "core::fmt::Write::write_char",
        "0x6e2c..0x6e48": "core::fmt::Write::write_fmt",
        "0x6e48..0x6e64": "core::fmt::Write::write_fmt",
        "0x6e64..0x6e80": "core::fmt::Write::write_fmt",
        "0x6e80..0x6e9c": "core::fmt::Write::write_fmt",
        "0x6e9c..0x6eb8": "core::fmt::Write::write_fmt",
        "0x6eb8..0x6fc8": "core::num::<impl u64>::from_ascii_radix",
        "0x718c..0x71a4": "core::ops::function::FnOnce::call_once{{vtable.shim}}",
        "0x71a4..0x71cc": "core::ops::function::FnOnce::call_once{{vtable.shim}}",
        "0x71cc..0x71dc": "core::ops::function::FnOnce::call_once{{vtable.shim}}",
        "0x71dc..0x71f4": "core::ops::function::FnOnce::call_once{{vtable.shim}}",
        "0x71f4..0x7204": "core::ops::function::FnOnce::call_once{{vtable.shim}}",
        "0x7204..0x7244": "core::ops::function::FnOnce::call_once{{vtable.shim}}",
        "0x7244..0x72bc": "core::ops::function::FnOnce::call_once{{vtable.shim}}",
        "0x72bc..0x7374": "core::ops::function::FnOnce::call_once{{vtable.shim}}",
        "0x7374..0x73b8": "core::ops::function::FnOnce::call_once",
        "0x7648..0x772c": "core::ptr::drop_in_place<addr2line::unit::ResUnit<gimli::read::endian_slice::EndianSlice<gimli::endianity::LittleEndian>>>",
        "0x7780..0x7850": "core::ptr::drop_in_place<addr2line::unit::ResUnits<gimli::read::endian_slice::EndianSlice<gimli::endianity::LittleEndian>>>",
        "0x7850..0x7934": "core::ptr::drop_in_place<addr2line::unit::SupUnits<gimli::read::endian_slice::EndianSlice<gimli::endianity::LittleEndian>>>",
        "0x7b10..0x7c04": "core::ptr::drop_in_place<alloc::vec::Vec<addr2line::unit::SupUnit<gimli::read::endian_slice::EndianSlice<gimli::endianity::LittleEndian>>>>",
        "0x7c04..0x7c64": "core::ptr::drop_in_place<alloc::sync::ArcInner<gimli::read::dwarf::Dwarf<gimli::read::endian_slice::EndianSlice<gimli::endianity::LittleEndian>>>>",
        "0x7d10..0x7d90": "core::ptr::drop_in_place<core::result::Result<addr2line::Context<gimli::read::endian_slice::EndianSlice<gimli::endianity::LittleEndian>>,gimli::read::Error>>",
        "0x7f24..0x7f68": "core::ptr::drop_in_place<core::result::Result<addr2line::frame::FrameIter<gimli::read::endian_slice::EndianSlice<gimli::endianity::LittleEndian>>,gimli::read::Error>>",
        "0x7f68..0x8040": "core::ptr::drop_in_place<core::result::Result<addr2line::function::Functions<gimli::read::endian_slice::EndianSlice<gimli::endianity::LittleEndian>>,gimli::read::Error>>",
        "0x8094..0x816c": "core::ptr::drop_in_place<core::result::Result<core::option::Option<alloc::boxed::Box<addr2line::unit::DwoUnit<gimli::read::endian_slice::EndianSlice<gimli::endianity::LittleEndian>>>>,gimli::read::Error>>",
        "0x81f8..0x8268": "core::ptr::drop_in_place<<alloc::collections::btree::map::IntoIter<K,V,A> as core::ops::drop::Drop>::drop::DropGuard<u64,core::result::Result<alloc::sync::Arc<gimli::read::abbrev::Abbreviations>,gimli::read::Error>,alloc::alloc::Global>>",
        "0x8488..0x8540": "core::ptr::drop_in_place<gimli::read::abbrev::AbbreviationsCache>",
        "0x8610..0x8650": "core::ptr::drop_in_place<std::backtrace_rs::backtrace::libunwind::Bomb>",
        "0x8650..0x8708": "core::ptr::drop_in_place<std::backtrace_rs::symbolize::gimli::stash::Stash>",
        "0x8830..0x8908": "core::ptr::drop_in_place<(usize,std::backtrace_rs::symbolize::gimli::Mapping)>",
        "0x8928..0x89ac": "core::ptr::drop_in_place<alloc::sync::ArcInner<gimli::read::abbrev::Abbreviations>>",
        "0x8aa4..0x8af0": "core::ptr::drop_in_place<std::sync::poison::rwlock::RwLockReadGuard<std::panicking::Hook>>",
        "0x8af0..0x8bd4": "core::ptr::drop_in_place<core::result::Result<addr2line::line::Lines,gimli::read::Error>>",
        "0x8bd4..0x8cc4": "core::ptr::drop_in_place<std::io::buffered::linewriter::LineWriter<std::io::stdio::StdoutRaw>>",
        "0x8eb4..0x8ff0": "core::str::<impl str>::trim_start_matches",
        "0x8ff0..0x9004": "core::panic::PanicPayload::as_str",
        "0x9004..0x90d0": "core::slice::sort::shared::pivot::median3_rec",
        "0x90d0..0x919c": "core::slice::sort::shared::pivot::median3_rec",
        "0x919c..0x9268": "core::slice::sort::shared::pivot::median3_rec",
        "0x9268..0x9338": "core::slice::sort::shared::pivot::median3_rec",
        "0x9338..0x9468": "core::slice::sort::shared::pivot::median3_rec",
        "0x9468..0x9538": "core::slice::sort::shared::pivot::median3_rec",
        "0x9538..0x96ec": "core::slice::sort::shared::smallsort::sort4_stable",
        "0x96ec..0x99a8": "core::slice::sort::shared::smallsort::sort8_stable",
        "0x99a8..0x9e50": "core::slice::sort::shared::smallsort::small_sort_general",
        "0x9e50..0x9f00": "core::slice::sort::shared::smallsort::insertion_sort_shift_left",
        "0x9f00..0x9fac": "core::slice::sort::shared::smallsort::insertion_sort_shift_left",
        "0x9fac..0xa054": "core::slice::sort::shared::smallsort::insertion_sort_shift_left",
        "0xa054..0xa128": "core::slice::sort::shared::smallsort::insertion_sort_shift_left",
        "0xa128..0xa1b8": "core::slice::sort::shared::smallsort::insertion_sort_shift_left",
        "0xa1b8..0xa324": "core::slice::sort::stable::driftsort_main",
        "0xa324..0xa46c": "core::slice::sort::stable::driftsort_main",
        "0xa46c..0xa5b4": "core::slice::sort::stable::driftsort_main",
        "0xa5b4..0xa6fc": "core::slice::sort::stable::driftsort_main",
        "0xa6fc..0xa844": "core::slice::sort::stable::driftsort_main",
        "0xa844..0xad1c": "core::slice::sort::stable::drift::sort",
        "0xad1c..0xb2fc": "core::slice::sort::stable::drift::sort",
        "0xb2fc..0xb9e0": "core::slice::sort::stable::drift::sort",
        "0xb9e0..0xbfc0": "core::slice::sort::stable::drift::sort",
        "0xbfc0..0xc5f0": "core::slice::sort::stable::drift::sort",
        "0xc5f0..0xcd84": "core::slice::sort::stable::quicksort::quicksort",
        "0xcd84..0xd474": "core::slice::sort::stable::quicksort::quicksort",
        "0xd474..0xdb5c": "core::slice::sort::stable::quicksort::quicksort",
        "0xdb5c..0xe348": "core::slice::sort::stable::quicksort::quicksort",
        "0xe348..0xeb74": "core::slice::sort::stable::quicksort::quicksort",
        "0xeb74..0xed58": "core::slice::sort::unstable::ipnsort",
        "0xed58..0xee64": "core::slice::sort::unstable::heapsort::heapsort",
        "0xee64..0xf2b8": "core::slice::sort::unstable::quicksort::quicksort",
        "0xf2b8..0xf2cc": "<*mut T as core::fmt::Debug>::fmt",
        "0xf2cc..0xf2e4": "<&mut T as core::fmt::Display>::fmt",
        "0xf2e4..0xf6c0": "<&str as core::str::pattern::Pattern>::is_contained_in",
        "0xf6c0..0xf6d8": "<alloc::string::String as core::fmt::Write>::write_char",
        "0xf6d8..0xf758": "<alloc::string::String as core::fmt::Write>::write_str",
        "0xf758..0xf988": "alloc::collections::btree::map::IntoIter<K,V,A>::dying_next",
        "0xf988..0xfbb8": "alloc::collections::btree::map::IntoIter<K,V,A>::dying_next",
        "0xfbb8..0xfcb8": "alloc::sync::Arc<T,A>::drop_slow",
        "0xfcb8..0xfd8c": "alloc::sync::Arc<T,A>::drop_slow",
        "0xfd8c..0xfdfc": "alloc::sync::Arc<T,A>::drop_slow",
        "0xfdfc..0xfe64": "alloc::sync::Arc<T,A>::drop_slow",
        "0xffc0..0x10080": "alloc::raw_vec::RawVec<T,A>::grow_one",
        "0x10080..0x10150": "alloc::raw_vec::RawVec<T,A>::grow_one",
        "0x10150..0x1021c": "alloc::raw_vec::RawVec<T,A>::grow_one",
        "0x1021c..0x102dc": "alloc::raw_vec::RawVec<T,A>::grow_one",
        "0x102dc..0x103ac": "alloc::raw_vec::RawVec<T,A>::grow_one",
        "0x103ac..0x1046c": "alloc::raw_vec::RawVec<T,A>::grow_one",
        "0x1046c..0x10538": "alloc::raw_vec::RawVec<T,A>::grow_one",
        "0x10538..0x10608": "alloc::raw_vec::RawVec<T,A>::grow_one",
        "0x10608..0x106d8": "alloc::raw_vec::RawVec<T,A>::grow_one",
        "0x106d8..0x10798": "alloc::raw_vec::RawVec<T,A>::grow_one",
        "0x10798..0x10864": "alloc::raw_vec::RawVec<T,A>::grow_one",
        "0x10864..0x10b28": "gimli::read::line::parse_file_v5",
        "0x10b28..0x10e98": "gimli::read::line::FileEntryFormat::parse",
        "0x10e98..0x117bc": "gimli::read::line::parse_attribute",
        "0x117bc..0x118a0": "gimli::read::line::parse_directory_v5",
        "0x11ad4..0x12a88": "gimli::read::unit::parse_attribute",
        "0x12a88..0x13060": "gimli::read::unit::skip_attributes",
        "0x13060..0x13794": "gimli::read::unit::Attribute<R>::value",
        "0x13794..0x13a90": "gimli::read::unit::EntriesCursor<R>::next_entry",
        "0x13b34..0x14044": "gimli::read::unit::DebugInfoUnitHeadersIter<R>::next",
        "0x14044..0x15d88": "gimli::read::dwarf::Unit<R>::new",
        "0x15d88..0x15f9c": "gimli::read::dwarf::Dwarf<R>::attr_string",
        "0x15f9c..0x16724": "gimli::read::index::UnitIndex<R>::parse",
        "0x167f0..0x16a1c": "gimli::read::reader::Reader::read_sleb128",
        "0x16ad8..0x16c00": "gimli::read::reader::Reader::read_sized_offset",
        "0x16c00..0x16f38": "gimli::read::aranges::ArangeHeader<R,Offset>::parse",
        "0x16f38..0x17b9c": "gimli::read::rnglists::RngListIter<R>::next",
        "0x17b9c..0x17bbc": "<alloc::string::String as core::fmt::Display>::fmt",
        "0x17f68..0x1841c": "addr2line::line::render_file",
        "0x1841c..0x19f54": "addr2line::line::LazyLines::borrow",
        "0x19f54..0x1a2e8": "addr2line::unit::ResUnit<R>::find_function_or_location",
        "0x1a2e8..0x1b78c": "addr2line::unit::ResUnit<R>::find_function_or_location::{{closure}}",
        "0x1b78c..0x1bbdc": "addr2line::lookup::LoopingLookup<T,L,F>::new_lookup",
        "0x1bbdc..0x1bf50": "addr2line::function::name_entry",
        "0x1bf50..0x1ce70": "addr2line::function::Function<R>::parse_children",
        "0x1ce70..0x1d074": "addr2line::function::name_attr",
        "0x1d748..0x1d7e4": "std::thread::current::try_with_current",
        "0x1dd28..0x1ded4": "std::fs::buffer_capacity_required",
        "0x1e220..0x1e41c": "std::io::buffered::bufwriter::BufWriter<W>::flush_buf",
        "0x1e620..0x1e6a4": "std::io::impls::<impl std::io::Write for alloc::vec::Vec<u8,A>>::write",
        "0x1e7f0..0x1e804": "std::io::impls::<impl std::io::Write for alloc::vec::Vec<u8,A>>::is_write_vectored",
        "0x1e884..0x1e898": "std::io::impls::<impl std::io::Write for alloc::vec::Vec<u8,A>>::flush",
        "0x1eed0..0x1f124": "std::io::stdio::print_to_buffer_if_capture_used",
        "0x1f208..0x1f484": "std::io::default_read_to_end",
        "0x1f484..0x1f59c": "std::io::default_read_to_end::small_probe_read",
        "0x1f684..0x1f924": "std::io::Write::write_all_vectored",
        "0x1f924..0x1fb88": "std::io::Write::write_all_vectored",
        "0x1fb88..0x1fcc4": "std::io::Write::write_fmt",
        "0x1fcc4..0x1fe00": "std::io::Write::write_fmt",
        "0x1fe00..0x1ff3c": "std::io::Write::write_fmt",
        "0x209bc..0x20ad8": "std::path::Components::parse_next_component_back",
        "0x211c0..0x2142c": "<std::path::Components as core::cmp::PartialEq>::eq",
        "0x21b68..0x21dfc": "std::sync::poison::once::Once::call_once::{{closure}}",
        "0x21eb4..0x22054": "std::sys::personality::dwarf::eh::read_encoded_offset",
        "0x220e8..0x2213c": "std::sys::backtrace::BacktraceLock::print",
        "0x22394..0x224ec": "std::sys::backtrace::_print_fmt::{{closure}}",
        "0x224ec..0x22770": "std::sys::backtrace::_print_fmt::{{closure}}::{{closure}}",
        "0x22770..0x2277c": "std::sys::backtrace::__rust_end_short_backtrace",
        "0x2277c..0x2288c": "std::sys::backtrace::output_filename",
        "0x2288c..0x229c8": "std::alloc::default_alloc_error_hook",
        "0x22d58..0x22f0c": "std::panicking::default_hook::{{closure}}",
        "0x22f0c..0x23190": "std::panicking::default_hook::{{closure}}::{{closure}}",
        "0x234c0..0x234d8": "<std::panicking::begin_panic_handler::StaticStrPayload as core::panic::PanicPayload>::get",
        "0x234d8..0x234f0": "<std::panicking::begin_panic_handler::StaticStrPayload as core::panic::PanicPayload>::as_str",
        "0x2350c..0x235c8": "std::panicking::begin_panic_handler::{{closure}}",
        "0x23ae8..0x23fb8": "std::backtrace_rs::print::BacktraceFrameFmt::print_raw_with_column",
        "0x23fb8..0x24120": "<std::path::Component as core::cmp::PartialEq>::eq",
        "0x24120..0x24160": "<std::path::StripPrefixError as core::fmt::Debug>::fmt",
        "0x24340..0x24500": "std::sys::pal::unix::fs::readlink::{{closure}}",
        "0x248f0..0x24a8c": "std::sys::pal::unix::os::getenv::{{closure}}",
        "0x24a8c..0x24b74": "std::sys::pal::unix::stack_overflow::imp::signal_handler",
        "0x24b74..0x24c74": "std::sys::pal::unix::stack_overflow::imp::signal_handler::{{closure}}",
        "0x24c74..0x24f7c": "std::sys::pal::unix::stack_overflow::imp::make_handler",
        "0x2501c..0x25030": "<std::sys::pal::unix::stdio::Stderr as std::io::Write>::is_write_vectored",
        "0x25030..0x25044": "<std::sys::pal::unix::stdio::Stderr as std::io::Write>::flush",
        "0x25044..0x25230": "std::sys::pal::unix::decode_error_kind",
        "0x2523c..0x254a8": "std::sys::pal::unix::fs::try_statx",
        "0x2584c..0x25a04": "std::sys::exit_guard::unique_thread_exit",
        "0x25c8c..0x25ce0": "std::sys::thread_local::native::lazy::destroy",
        "0x25e58..0x25f68": "std::sys::thread_local::guard::key::enable",
        "0x25f68..0x260d4": "std::sys::thread_local::guard::key::enable::run",
        "0x26118..0x26164": "std::backtrace_rs::backtrace::libunwind::trace::trace_fn",
        "0x26164..0x26278": "std::backtrace_rs::symbolize::gimli::stash::Stash::allocate",
        "0x26278..0x28920": "std::backtrace_rs::symbolize::gimli::Context::new",
        "0x28920..0x28b80": "std::backtrace_rs::symbolize::gimli::mmap",
        "0x28b80..0x2bd04": "std::backtrace_rs::symbolize::gimli::Cache::with_global",
        "0x2bd04..0x2c5b0": "std::backtrace_rs::symbolize::gimli::elf::<impl std::backtrace_rs::symbolize::gimli::Mapping>::new_debug",
        "0x2c5b0..0x2c958": "std::backtrace_rs::symbolize::gimli::elf::<impl std::backtrace_rs::symbolize::gimli::Mapping>::load_dwarf_package",
        "0x2c958..0x2cf44": "std::backtrace_rs::symbolize::gimli::elf::Object::parse",
        "0x2cf44..0x2d32c": "std::backtrace_rs::symbolize::gimli::elf::Object::section",
        "0x2d32c..0x2d420": "std::backtrace_rs::symbolize::gimli::elf::Object::search_symtab",
        "0x2d420..0x2d57c": "std::backtrace_rs::symbolize::gimli::elf::Object::build_id",
        "0x2d6fc..0x2d99c": "std::backtrace_rs::symbolize::gimli::elf::locate_build_id",
        "0x2d99c..0x2dd30": "std::backtrace_rs::symbolize::gimli::libs_dl_iterate_phdr::callback",
        "0x2e3e8..0x2e4c0": "<std::backtrace_rs::symbolize::gimli::parse_running_mmaps::MapsEntry as core::str::traits::FromStr>::from_str::{{closure}}",
        "0x2e54c..0x2e558": "panic_abort::__rust_start_panic::abort",
        "0x3086c..0x3088c": "<core::fmt::Error as core::fmt::Debug>::fmt",
        "0x30c74..0x30e20": "<core::str::pattern::CharSearcher as core::str::pattern::Searcher>::next_match",
        "0x3b50c..0x3b540": "alloc::raw_vec::capacity_overflow",
        "0x3b540..0x3b5ec": "alloc::raw_vec::RawVec<T,A>::grow_one",
        "0x3bc94..0x3be9c": "<core::ops::range::Range<Idx> as core::fmt::Debug>::fmt",
        "0x3c874..0x3c890": "core::fmt::Write::write_fmt",
        "0x3ceac..0x3cf34": "core::fmt::Formatter::pad_integral::write_prefix",
        "0x40180..0x402a4": "core::fmt::num::imp::<impl u32>::_fmt",
        "0x402c0..0x403f0": "core::fmt::num::imp::<impl u64>::_fmt",
        "0x403f0..0x404d4": "<&T as core::fmt::Debug>::fmt",
        "0x404ec..0x40508": "<&T as core::fmt::Display>::fmt",
        "0x40d5c..0x410b4": "compiler_builtins::int::specialized_div_rem::u128_div_rem",
    },
}
