---
source: crates/rudy-dwarf/tests/example_visitor.rs
expression: all_structure
snapshot_kind: text
---
=== [CARGO_WORKSPACE_DIR]/test-artifacts/aarch64-unknown-linux-gnu/examples/lldb_demo ===
0x0000aab6:  namespace 'lldb_demo'
0x0000aabb:    structure_type 'User'
0x0000aaf3:      subprogram 'new'
0x0000ab02:        formal_parameter
0x0000ab07:        formal_parameter
0x0000ab0c:        formal_parameter
0x0000ab13:    structure_type 'Session'
0x0000ab3f:      subprogram 'is_expired'
0x0000ab4e:        formal_parameter
0x0000ab55:    subprogram 'create_session'
0x0000ab72:      formal_parameter 'user'
0x0000ab82:    subprogram 'main'
0x0000aba0:      variable 'user'
0x0000abb5:      variable 'session'
0x0000abca:      variable 'users'
0x0000abdf:      variable 'iter'
0x0000abf4:      variable 'i'
0x0000ac46:    namespace '{impl#2}'
0x0000ac4b:      subprogram 'fmt'
0x0000ac68:        formal_parameter 'self'
0x0000ac76:        formal_parameter 'f'
0x0000ac86:    namespace '{impl#3}'
0x0000ac8b:      subprogram 'fmt'
0x0000aca8:        formal_parameter 'self'
0x0000acb6:        formal_parameter 'f'
0x0000c743:  namespace 'lldb_demo'
0x0000c748:    structure_type 'User'
0x00010734:  namespace 'lldb_demo'
0x00010739:    structure_type 'Session'
0x00010766:    structure_type 'User'
0x00017762:  namespace 'lldb_demo'
0x00017767:    structure_type 'User'
0x00018b8e:  namespace 'lldb_demo'
0x00018b93:    structure_type 'User'
0x00018bcc:    structure_type 'Session'
