---
source: crates/rudy-dwarf/tests/example_visitor.rs
expression: all_structure
snapshot_kind: text
---
=== [CARGO_WORKSPACE_DIR]/test-artifacts/aarch64-apple-darwin/examples/lldb_demo-4fb46d66525a9738.01uii0t86evghvf301f7rulbz.1q0t443.rcgu.o ===
0x0000063a:  namespace 'lldb_demo'
0x0000063f:    structure_type 'User'
0x00000677:      subprogram 'new'
0x00000686:        formal_parameter
0x0000068b:        formal_parameter
0x00000690:        formal_parameter
0x00000697:    structure_type 'Session'
0x000006c3:      subprogram 'is_expired'
0x000006d2:        formal_parameter
0x000006d9:    subprogram 'create_session'
0x000006f6:      formal_parameter 'user'
0x00000706:    subprogram 'main'
0x00000724:      variable 'user'
0x00000739:      variable 'session'
0x0000074e:      variable 'users'
0x00000763:      variable 'iter'
0x00000778:      variable 'i'
0x000007ca:    namespace '{impl#2}'
0x000007cf:      subprogram 'fmt'
0x000007ec:        formal_parameter 'self'
0x000007fa:        formal_parameter 'f'
0x0000080a:    namespace '{impl#3}'
0x0000080f:      subprogram 'fmt'
0x0000082c:        formal_parameter 'self'
0x0000083a:        formal_parameter 'f'

=== [CARGO_WORKSPACE_DIR]/test-artifacts/aarch64-apple-darwin/examples/lldb_demo-4fb46d66525a9738.20r8zifbyvfytodsihxql4hg9.1q0t443.rcgu.o ===
0x00000768:  namespace 'lldb_demo'
0x0000076d:    structure_type 'User'

=== [CARGO_WORKSPACE_DIR]/test-artifacts/aarch64-apple-darwin/examples/lldb_demo-4fb46d66525a9738.57j50cccl61bps5o28s4qlnsi.1q0t443.rcgu.o ===
0x00000d9d:  namespace 'lldb_demo'
0x00000da2:    structure_type 'User'

=== [CARGO_WORKSPACE_DIR]/test-artifacts/aarch64-apple-darwin/examples/lldb_demo-4fb46d66525a9738.c7k85xtb883ariwxp3n146inh.1q0t443.rcgu.o ===
0x00000ce8:  namespace 'lldb_demo'
0x00000ced:    structure_type 'User'
0x00000d26:    structure_type 'Session'

=== [CARGO_WORKSPACE_DIR]/test-artifacts/aarch64-apple-darwin/examples/lldb_demo-4fb46d66525a9738.drq4p2mtcsfl4l46k3nunx3x1.1q0t443.rcgu.o ===
0x000003fc:  namespace 'lldb_demo'
0x00000401:    structure_type 'Session'
0x0000042e:    structure_type 'User'
