---
source: crates/rudy-dwarf/tests/example_visitor.rs
expression: all_structure
snapshot_kind: text
---
=== [CARGO_WORKSPACE_DIR]/test-artifacts/x86_64-unknown-linux-gnu/examples/lldb_demo ===
0x00003d8c:  namespace 'lldb_demo'
0x00003d91:    structure_type 'User'
0x00003dca:    structure_type 'Session'
0x0000ff38:  namespace 'lldb_demo'
0x0000ff3d:    structure_type 'Session'
0x0000ff6a:    structure_type 'User'
0x00011d7a:  namespace 'lldb_demo'
0x00011d7f:    structure_type 'User'
0x000127cc:  namespace 'lldb_demo'
0x000127d1:    structure_type 'User'
0x00012809:      subprogram 'new'
0x00012818:        formal_parameter
0x0001281d:        formal_parameter
0x00012822:        formal_parameter
0x00012829:    structure_type 'Session'
0x00012855:      subprogram 'is_expired'
0x00012864:        formal_parameter
0x0001286b:    subprogram 'create_session'
0x00012888:      formal_parameter 'user'
0x00012898:    subprogram 'main'
0x000128b6:      variable 'user'
0x000128cb:      variable 'session'
0x000128e0:      variable 'users'
0x000128f5:      variable 'iter'
0x0001290a:      variable 'i'
0x0001295c:    namespace '{impl#2}'
0x00012961:      subprogram 'fmt'
0x0001297e:        formal_parameter 'self'
0x0001298c:        formal_parameter 'f'
0x0001299c:    namespace '{impl#3}'
0x000129a1:      subprogram 'fmt'
0x000129be:        formal_parameter 'self'
0x000129cc:        formal_parameter 'f'
0x00018bec:  namespace 'lldb_demo'
0x00018bf1:    structure_type 'User'
