---
source: crates/rudy-dwarf/tests/example_visitor.rs
expression: all_structure
snapshot_kind: text
---
=== [CARGO_WORKSPACE_DIR]/test-artifacts/aarch64-unknown-linux-gnu/lldb_demo ===
0x00001c1c:  namespace 'lldb_demo'
0x00001c21:    structure_type 'User'
0x00001c59:      subprogram 'new'
0x00001c68:        formal_parameter
0x00001c6d:        formal_parameter
0x00001c72:        formal_parameter
0x00001c79:    structure_type 'Session'
0x00001ca5:      subprogram 'is_expired'
0x00001cb4:        formal_parameter
0x00001cbb:    subprogram 'create_session'
0x00001cd8:      formal_parameter 'user'
0x00001ce8:    subprogram 'main'
0x00001d06:      variable 'user'
0x00001d1b:      variable 'session'
0x00001d30:      variable 'users'
0x00001d45:      variable 'iter'
0x00001d5a:      variable 'i'
0x00001dac:    namespace '{impl#2}'
0x00001db1:      subprogram 'fmt'
0x00001dce:        formal_parameter 'self'
0x00001ddc:        formal_parameter 'f'
0x00001dec:    namespace '{impl#3}'
0x00001df1:      subprogram 'fmt'
0x00001e0e:        formal_parameter 'self'
0x00001e1c:        formal_parameter 'f'
0x00003511:  namespace 'lldb_demo'
0x00003516:    structure_type 'User'
0x0000d98e:  namespace 'lldb_demo'
0x0000d993:    structure_type 'User'
0x0000d9cc:    structure_type 'Session'
0x00017bdb:  namespace 'lldb_demo'
0x00017be0:    structure_type 'Session'
0x00017c0d:    structure_type 'User'
0x00019222:  namespace 'lldb_demo'
0x00019227:    structure_type 'User'
