---
source: crates/rudy-dwarf/tests/example_visitor.rs
expression: all_structure
snapshot_kind: text
---
=== [CARGO_WORKSPACE_DIR]/test-artifacts/x86_64-unknown-linux-gnu/method_discovery ===
0x0000088e:  namespace 'method_discovery'
0x00000893:    structure_type 'Session'
0x000008b3:      subprogram 'new'
0x000008c2:        formal_parameter
0x000008c7:        formal_parameter
0x000008cd:      subprogram 'get_id'
0x000008dc:        formal_parameter
0x000008e2:      subprogram 'set_name'
0x000008ed:        formal_parameter
0x000008f2:        formal_parameter
0x000008f9:    namespace '{impl#1}'
0x000008fe:      subprogram 'describe'
0x0000091b:        formal_parameter 'self'
0x00000948:      subprogram 'description_length'
0x00000965:        formal_parameter 'self'
0x00000975:    namespace '{impl#2}'
0x0000097a:      subprogram 'identifier'
0x00000997:        formal_parameter 'self'
0x000009c5:    namespace '{impl#3}'
0x000009ca:      subprogram 'fmt'
0x000009e7:        formal_parameter 'self'
0x000009f5:        formal_parameter 'f'
0x00000a05:    structure_type 'Container<method_discovery::Session>'
0x00000a22:      subprogram 'get_session_id'
0x00000a31:        formal_parameter
0x00000a38:    subprogram 'process_session'
0x00000a55:      formal_parameter 'session'
0x00000a82:    subprogram 'modify_session'
0x00000a9b:      formal_parameter 'session'
0x00000aa9:      formal_parameter 'new_name'
0x00000ab9:    subprogram 'test_all_methods'
0x00000ad2:      formal_parameter 'session'
0x00000b04:      variable 'container'
0x00000b16:    subprogram 'main'
0x00000b3c:      variable 'session'
0x00001439:  namespace 'method_discovery'
0x0000143e:    structure_type 'Session'
0x0000384d:  namespace 'method_discovery'
0x00003852:    structure_type 'Session'
0x00003873:    structure_type 'Container<method_discovery::Session>'
0x00003912:  namespace 'method_discovery'
0x00003917:    namespace 'utils'
0x0000391c:      subprogram 'validate_session'
0x00003939:        formal_parameter 'session'
0x00003948:      subprogram 'format_session'
0x00003965:        formal_parameter 'session'
0x00003993:    structure_type 'Session'
0x00005379:  namespace 'method_discovery'
0x0000537e:    structure_type 'Container<method_discovery::Session>'
0x0000539b:      subprogram 'new<method_discovery::Session>'
0x000053b3:        formal_parameter
0x000053b9:      subprogram 'get<method_discovery::Session>'
0x000053d1:        formal_parameter
0x000053d8:    structure_type 'Session'
