---
source: crates/rudy-dwarf/tests/example_visitor.rs
expression: all_structure
snapshot_kind: text
---
=== [CARGO_WORKSPACE_DIR]/test-artifacts/aarch64-unknown-linux-gnu/examples/method_discovery ===
0x0000009f:  namespace 'method_discovery'
0x000000a4:    namespace 'utils'
0x000000a9:      subprogram 'validate_session'
0x000000c6:        formal_parameter 'session'
0x000000d5:      subprogram 'format_session'
0x000000f2:        formal_parameter 'session'
0x0000011f:    structure_type 'Session'
0x000049f8:  namespace 'method_discovery'
0x000049fd:    structure_type 'Session'
0x00004a1e:    structure_type 'Container<method_discovery::Session>'
0x0000542c:  namespace 'method_discovery'
0x00005431:    structure_type 'Session'
0x0000560a:  namespace 'method_discovery'
0x0000560f:    structure_type 'Container<method_discovery::Session>'
0x0000562c:      subprogram 'new<method_discovery::Session>'
0x00005644:        formal_parameter
0x0000564a:      subprogram 'get<method_discovery::Session>'
0x00005662:        formal_parameter
0x00005669:    structure_type 'Session'
0x000058b8:  namespace 'method_discovery'
0x000058bd:    structure_type 'Session'
0x000058dd:      subprogram 'new'
0x000058ec:        formal_parameter
0x000058f1:        formal_parameter
0x000058f7:      subprogram 'get_id'
0x00005906:        formal_parameter
0x0000590c:      subprogram 'set_name'
0x00005917:        formal_parameter
0x0000591c:        formal_parameter
0x00005923:    namespace '{impl#1}'
0x00005928:      subprogram 'describe'
0x00005945:        formal_parameter 'self'
0x00005971:      subprogram 'description_length'
0x0000598e:        formal_parameter 'self'
0x0000599e:    namespace '{impl#2}'
0x000059a3:      subprogram 'identifier'
0x000059c0:        formal_parameter 'self'
0x000059ed:    namespace '{impl#3}'
0x000059f2:      subprogram 'fmt'
0x00005a0f:        formal_parameter 'self'
0x00005a1d:        formal_parameter 'f'
0x00005a2d:    structure_type 'Container<method_discovery::Session>'
0x00005a4a:      subprogram 'get_session_id'
0x00005a59:        formal_parameter
0x00005a60:    subprogram 'process_session'
0x00005a7d:      formal_parameter 'session'
0x00005aa9:    subprogram 'modify_session'
0x00005ac2:      formal_parameter 'session'
0x00005ad0:      formal_parameter 'new_name'
0x00005ae0:    subprogram 'test_all_methods'
0x00005af9:      formal_parameter 'session'
0x00005b2b:      variable 'container'
0x00005b3d:    subprogram 'main'
0x00005b63:      variable 'session'
