---
source: crates/rudy-dwarf/tests/example_visitor.rs
expression: all_structure
snapshot_kind: text
---
=== [CARGO_WORKSPACE_DIR]/test-artifacts/x86_64-unknown-linux-gnu/examples/method_discovery ===
0x0000002a:  namespace 'method_discovery'
0x0000002f:    namespace 'utils'
0x00000034:      subprogram 'validate_session'
0x00000051:        formal_parameter 'session'
0x00000060:      subprogram 'format_session'
0x0000007d:        formal_parameter 'session'
0x000000ab:    structure_type 'Session'
0x00001fce:  namespace 'method_discovery'
0x00001fd3:    structure_type 'Session'
0x00001ff3:      subprogram 'new'
0x00002002:        formal_parameter
0x00002007:        formal_parameter
0x0000200d:      subprogram 'get_id'
0x0000201c:        formal_parameter
0x00002022:      subprogram 'set_name'
0x0000202d:        formal_parameter
0x00002032:        formal_parameter
0x00002039:    namespace '{impl#1}'
0x0000203e:      subprogram 'describe'
0x0000205b:        formal_parameter 'self'
0x00002088:      subprogram 'description_length'
0x000020a5:        formal_parameter 'self'
0x000020b5:    namespace '{impl#2}'
0x000020ba:      subprogram 'identifier'
0x000020d7:        formal_parameter 'self'
0x00002105:    namespace '{impl#3}'
0x0000210a:      subprogram 'fmt'
0x00002127:        formal_parameter 'self'
0x00002135:        formal_parameter 'f'
0x00002145:    structure_type 'Container<method_discovery::Session>'
0x00002162:      subprogram 'get_session_id'
0x00002171:        formal_parameter
0x00002178:    subprogram 'process_session'
0x00002195:      formal_parameter 'session'
0x000021c2:    subprogram 'modify_session'
0x000021db:      formal_parameter 'session'
0x000021e9:      formal_parameter 'new_name'
0x000021f9:    subprogram 'test_all_methods'
0x00002212:      formal_parameter 'session'
0x00002244:      variable 'container'
0x00002256:    subprogram 'main'
0x0000227c:      variable 'session'
0x00002e90:  namespace 'method_discovery'
0x00002e95:    structure_type 'Container<method_discovery::Session>'
0x00002eb2:      subprogram 'new<method_discovery::Session>'
0x00002eca:        formal_parameter
0x00002ed0:      subprogram 'get<method_discovery::Session>'
0x00002ee8:        formal_parameter
0x00002eef:    structure_type 'Session'
0x0000637a:  namespace 'method_discovery'
0x0000637f:    structure_type 'Session'
0x000063a0:    structure_type 'Container<method_discovery::Session>'
0x000067c7:  namespace 'method_discovery'
0x000067cc:    structure_type 'Session'
