---
source: crates/rudy-dwarf/tests/example_visitor.rs
expression: all_structure
snapshot_kind: text
---
=== [CARGO_WORKSPACE_DIR]/test-artifacts/aarch64-unknown-linux-gnu/method_discovery ===
0x00000bc2:  namespace 'method_discovery'
0x00000bc7:    structure_type 'Session'
0x00000c4c:  namespace 'method_discovery'
0x00000c51:    structure_type 'Container<method_discovery::Session>'
0x00000c6e:      subprogram 'new<method_discovery::Session>'
0x00000c86:        formal_parameter
0x00000c8c:      subprogram 'get<method_discovery::Session>'
0x00000ca4:        formal_parameter
0x00000cab:    structure_type 'Session'
0x000024b3:  namespace 'method_discovery'
0x000024b8:    structure_type 'Session'
0x000024d9:    structure_type 'Container<method_discovery::Session>'
0x00002f2b:  namespace 'method_discovery'
0x00002f30:    structure_type 'Session'
0x00002f50:      subprogram 'new'
0x00002f5f:        formal_parameter
0x00002f64:        formal_parameter
0x00002f6a:      subprogram 'get_id'
0x00002f79:        formal_parameter
0x00002f7f:      subprogram 'set_name'
0x00002f8a:        formal_parameter
0x00002f8f:        formal_parameter
0x00002f96:    namespace '{impl#1}'
0x00002f9b:      subprogram 'describe'
0x00002fb8:        formal_parameter 'self'
0x00002fe4:      subprogram 'description_length'
0x00003001:        formal_parameter 'self'
0x00003011:    namespace '{impl#2}'
0x00003016:      subprogram 'identifier'
0x00003033:        formal_parameter 'self'
0x00003060:    namespace '{impl#3}'
0x00003065:      subprogram 'fmt'
0x00003082:        formal_parameter 'self'
0x00003090:        formal_parameter 'f'
0x000030a0:    structure_type 'Container<method_discovery::Session>'
0x000030bd:      subprogram 'get_session_id'
0x000030cc:        formal_parameter
0x000030d3:    subprogram 'process_session'
0x000030f0:      formal_parameter 'session'
0x0000311c:    subprogram 'modify_session'
0x00003135:      formal_parameter 'session'
0x00003143:      formal_parameter 'new_name'
0x00003153:    subprogram 'test_all_methods'
0x0000316c:      formal_parameter 'session'
0x0000319e:      variable 'container'
0x000031b0:    subprogram 'main'
0x000031d6:      variable 'session'
0x00006cb5:  namespace 'method_discovery'
0x00006cba:    namespace 'utils'
0x00006cbf:      subprogram 'validate_session'
0x00006cdc:        formal_parameter 'session'
0x00006ceb:      subprogram 'format_session'
0x00006d08:        formal_parameter 'session'
0x00006d35:    structure_type 'Session'
