---
source: crates/rudy-dwarf/tests/example_visitor.rs
expression: all_structure
snapshot_kind: text
---
=== [CARGO_WORKSPACE_DIR]/test-artifacts/aarch64-unknown-linux-gnu/simple_test ===
0x000000e1:  namespace 'simple_test'
0x000000e6:    subprogram 'function_call'
0x00000103:      formal_parameter 'x'
0x00000116:      variable 'y'
0x00000127:    subprogram 'main'
0x0000014d:      variable 'x'
0x00000169:      variable 'result'
