---
source: rudy-db/tests/static_tests.rs
expression: repr_c_typedef
snapshot_kind: text
---
TypeDefinition {
    layout: Enum(
        EnumLayout {
            name: "ReprCEnum",
            discriminant: Discriminant {
                ty: UnsignedInt(
                    UnsignedIntLayout {
                        size: 4,
                    },
                ),
                offset: 0,
            },
            variants: [
                EnumVariantLayout {
                    name: "Unit",
                    discriminant: Some(
                        0,
                    ),
                    layout: TypeDefinition {
                        layout: Alias {
                            name: "Unit",
                        },
                        location: Die at DebugFile { [salsa id]: Id(800) } 0x00000092,
                    },
                },
                EnumVariantLayout {
                    name: "Tuple",
                    discriminant: Some(
                        1,
                    ),
                    layout: TypeDefinition {
                        layout: Alias {
                            name: "Tuple",
                        },
                        location: Die at DebugFile { [salsa id]: Id(800) } 0x0000009a,
                    },
                },
                EnumVariantLayout {
                    name: "Struct",
                    discriminant: Some(
                        2,
                    ),
                    layout: TypeDefinition {
                        layout: Alias {
                            name: "Struct",
                        },
                        location: Die at DebugFile { [salsa id]: Id(800) } 0x000000bb,
                    },
                },
            ],
            size: 40,
        },
    ),
    location: Die at DebugFile { [salsa id]: Id(800) } 0x00000053,
}
