---
source: rudy-db/tests/static_tests.rs
expression: test_enum_typedef
snapshot_kind: text
---
TypeDefinition {
    layout: Enum(
        EnumLayout {
            name: "TestEnum",
            discriminant: Discriminant {
                ty: UnsignedInt(
                    UnsignedIntLayout {
                        size: 8,
                    },
                ),
                offset: 0,
            },
            variants: [
                EnumVariantLayout {
                    name: "Unit",
                    discriminant: Some(
                        9223372036854775808,
                    ),
                    layout: TypeDefinition {
                        layout: Alias {
                            name: "Unit",
                        },
                        location: Die [CARGO_WORKSPACE_DIR]/test-artifacts/aarch64-apple-darwin/enums-4ed4a2f18de4d16a.ewahujymv3a3w50no99glyex8.0gzg4p4.rcgu.o 0x00000812,
                    },
                },
                EnumVariantLayout {
                    name: "Tuple",
                    discriminant: None,
                    layout: TypeDefinition {
                        layout: Alias {
                            name: "Tuple",
                        },
                        location: Die [CARGO_WORKSPACE_DIR]/test-artifacts/aarch64-apple-darwin/enums-4ed4a2f18de4d16a.ewahujymv3a3w50no99glyex8.0gzg4p4.rcgu.o 0x0000081a,
                    },
                },
                EnumVariantLayout {
                    name: "Struct",
                    discriminant: Some(
                        9223372036854775810,
                    ),
                    layout: TypeDefinition {
                        layout: Alias {
                            name: "Struct",
                        },
                        location: Die [CARGO_WORKSPACE_DIR]/test-artifacts/aarch64-apple-darwin/enums-4ed4a2f18de4d16a.ewahujymv3a3w50no99glyex8.0gzg4p4.rcgu.o 0x0000083b,
                    },
                },
            ],
            size: 32,
        },
    ),
    location: Die [CARGO_WORKSPACE_DIR]/test-artifacts/aarch64-apple-darwin/enums-4ed4a2f18de4d16a.ewahujymv3a3w50no99glyex8.0gzg4p4.rcgu.o 0x000007c6,
}
