---
source: rudy-db/tests/static_tests.rs
expression: repr_c_typedef
snapshot_kind: text
---
TypeDefinition {
    layout: Enum(
        EnumLayout {
            name: "ReprCEnum",
            discriminant: Discriminant {
                ty: UnsignedInt(
                    UnsignedIntLayout {
                        size: 4,
                    },
                ),
                offset: 0,
            },
            variants: [
                EnumVariantLayout {
                    name: "Unit",
                    discriminant: Some(
                        0,
                    ),
                    layout: TypeDefinition {
                        layout: Alias {
                            name: "Unit",
                        },
                        location: Die [CARGO_WORKSPACE_DIR]/test-artifacts/x86_64-unknown-linux-gnu/examples/enums 0x00000b7b,
                    },
                },
                EnumVariantLayout {
                    name: "Tuple",
                    discriminant: Some(
                        1,
                    ),
                    layout: TypeDefinition {
                        layout: Alias {
                            name: "Tuple",
                        },
                        location: Die [CARGO_WORKSPACE_DIR]/test-artifacts/x86_64-unknown-linux-gnu/examples/enums 0x00000b83,
                    },
                },
                EnumVariantLayout {
                    name: "Struct",
                    discriminant: Some(
                        2,
                    ),
                    layout: TypeDefinition {
                        layout: Alias {
                            name: "Struct",
                        },
                        location: Die [CARGO_WORKSPACE_DIR]/test-artifacts/x86_64-unknown-linux-gnu/examples/enums 0x00000ba4,
                    },
                },
            ],
            size: 40,
        },
    ),
    location: Die [CARGO_WORKSPACE_DIR]/test-artifacts/x86_64-unknown-linux-gnu/examples/enums 0x00000b3c,
}
