---
source: rudy-db/tests/dynamic_tests.rs
expression: u8_enum_typedef
---
(
    CEnum(
        CEnumLayout {
            name: "U8Enum",
            discriminant_type: UnsignedInt(
                UnsignedIntLayout {
                    size: 1,
                },
            ),
            variants: [
                CEnumVariant {
                    name: "First",
                    value: 0,
                },
                CEnumVariant {
                    name: "Second",
                    value: 1,
                },
                CEnumVariant {
                    name: "Third",
                    value: 2,
                },
                CEnumVariant {
                    name: "Fifth",
                    value: 5,
                },
            ],
            size: 1,
        },
    ),
    DebugFile {
        [salsa id]: Id(804),
    },
)
