---
source: rudy-db/tests/static_tests.rs
expression: main_functions
snapshot_kind: text
---
[
    DiscoveredFunction {
        name: "main",
        full_name: "simple_test::main",
        signature: "fn main()",
        address: 4294969904,
        callable: true,
        module_path: Some(
            "simple_test",
        ),
        return_type: None,
        parameters: [],
    },
    DiscoveredFunction {
        name: "driftsort_main",
        full_name: "core::slice::sort::stable::driftsort_main",
        signature: "fn driftsort_main()",
        address: 4294987376,
        callable: true,
        module_path: Some(
            "core::slice::sort::stable",
        ),
        return_type: None,
        parameters: [],
    },
    DiscoveredFunction {
        name: "driftsort_main",
        full_name: "core::slice::sort::stable::driftsort_main",
        signature: "fn driftsort_main()",
        address: 4294987712,
        callable: true,
        module_path: Some(
            "core::slice::sort::stable",
        ),
        return_type: None,
        parameters: [],
    },
    DiscoveredFunction {
        name: "driftsort_main",
        full_name: "core::slice::sort::stable::driftsort_main",
        signature: "fn driftsort_main()",
        address: 4294988080,
        callable: true,
        module_path: Some(
            "core::slice::sort::stable",
        ),
        return_type: None,
        parameters: [],
    },
    DiscoveredFunction {
        name: "driftsort_main",
        full_name: "core::slice::sort::stable::driftsort_main",
        signature: "fn driftsort_main()",
        address: 4294988432,
        callable: true,
        module_path: Some(
            "core::slice::sort::stable",
        ),
        return_type: None,
        parameters: [],
    },
    DiscoveredFunction {
        name: "driftsort_main",
        full_name: "core::slice::sort::stable::driftsort_main",
        signature: "fn driftsort_main()",
        address: 4294988768,
        callable: true,
        module_path: Some(
            "core::slice::sort::stable",
        ),
        return_type: None,
        parameters: [],
    },
    DiscoveredFunction {
        name: "driftsort_main",
        full_name: "core::slice::sort::stable::driftsort_main",
        signature: "fn driftsort_main()",
        address: 4294989104,
        callable: true,
        module_path: Some(
            "core::slice::sort::stable",
        ),
        return_type: None,
        parameters: [],
    },
]
