---
source: rudy-db/tests/static_tests.rs
expression: main_functions
snapshot_kind: text
---
[
    DiscoveredFunction {
        name: "main",
        full_name: "simple_test::main",
        signature: "fn main()",
        address: 4294969680,
        callable: true,
        module_path: Some(
            "simple_test",
        ),
        return_type: None,
        parameters: [],
    },
    DiscoveredFunction {
        name: "driftsort_main",
        full_name: "core::slice::sort::stable::driftsort_main",
        signature: "fn driftsort_main()",
        address: 4294986236,
        callable: true,
        module_path: Some(
            "core::slice::sort::stable",
        ),
        return_type: None,
        parameters: [],
    },
    DiscoveredFunction {
        name: "driftsort_main",
        full_name: "core::slice::sort::stable::driftsort_main",
        signature: "fn driftsort_main()",
        address: 4294986564,
        callable: true,
        module_path: Some(
            "core::slice::sort::stable",
        ),
        return_type: None,
        parameters: [],
    },
    DiscoveredFunction {
        name: "driftsort_main",
        full_name: "core::slice::sort::stable::driftsort_main",
        signature: "fn driftsort_main()",
        address: 4294986892,
        callable: true,
        module_path: Some(
            "core::slice::sort::stable",
        ),
        return_type: None,
        parameters: [],
    },
    DiscoveredFunction {
        name: "driftsort_main",
        full_name: "core::slice::sort::stable::driftsort_main",
        signature: "fn driftsort_main()",
        address: 4294987220,
        callable: true,
        module_path: Some(
            "core::slice::sort::stable",
        ),
        return_type: None,
        parameters: [],
    },
    DiscoveredFunction {
        name: "driftsort_main",
        full_name: "core::slice::sort::stable::driftsort_main",
        signature: "fn driftsort_main()",
        address: 4294987584,
        callable: true,
        module_path: Some(
            "core::slice::sort::stable",
        ),
        return_type: None,
        parameters: [],
    },
    DiscoveredFunction {
        name: "driftsort_main",
        full_name: "core::slice::sort::stable::driftsort_main",
        signature: "fn driftsort_main()",
        address: 4294987912,
        callable: true,
        module_path: Some(
            "core::slice::sort::stable",
        ),
        return_type: None,
        parameters: [],
    },
]
