---
source: rudy-db/tests/mod.rs
expression: "debug_info.resolve_function(\"TestStruct0::method_0\").unwrap().unwrap()"
---
ResolvedFunction {
    name: "large::TestStruct0::method_0",
    address: "0x100007cb8",
    params: [
        Variable {
            name: "self",
            value: None,
            ty: Some(
                Type {
                    name: "&TestStruct0",
                },
            ),
        },
        Variable {
            name: "param",
            value: None,
            ty: Some(
                Type {
                    name: "i32",
                },
            ),
        },
    ],
}
