---
source: rudy-db/tests/static_tests.rs
expression: parsed
snapshot_kind: text
---
DebugInfo {
    symbol_index: SymbolIndex {
        functions: {
            "__rust_begin_short_backtrace": {
                std::sys::backtrace::__rust_begin_short_backtrace::he50a87e599f425aa: Symbol {
                    name: std::sys::backtrace::__rust_begin_short_backtrace::he50a87e599f425aa,
                    address: 4294969520,
                    debug_file: DebugFile {
                        [salsa id]: Id(803),
                        file: File {
                            [salsa id]: Id(3),
                            path: "[CARGO_WORKSPACE_DIR]/test-artifacts/x86_64-apple-darwin/examples/simple_test-b1a4a25dd437a2d4.3mylwj1ru3zxk00unpw5ituee.0x9dyrw.rcgu.o",
                            member_file: None,
                            mtime: SystemTime {
                                tv_sec: [ts],
                                tv_nsec: [ts],
                            },
                            size: 3144,
                        },
                        relocatable: true,
                    },
                },
            },
            "call_once": {
                core::ops::function::FnOnce::call_once::h563022ce4ec0c4f5: Symbol {
                    name: core::ops::function::FnOnce::call_once::h563022ce4ec0c4f5,
                    address: 4294969424,
                    debug_file: DebugFile {
                        [salsa id]: Id(802),
                        file: File {
                            [salsa id]: Id(2),
                            path: "[CARGO_WORKSPACE_DIR]/test-artifacts/x86_64-apple-darwin/examples/simple_test-b1a4a25dd437a2d4.35vrw4gxa6ag4v84tuyef6uf4.0x9dyrw.rcgu.o",
                            member_file: None,
                            mtime: SystemTime {
                                tv_sec: [ts],
                                tv_nsec: [ts],
                            },
                            size: 4912,
                        },
                        relocatable: true,
                    },
                },
                core::ops::function::FnOnce::call_once::h7c401a0de32156fd: Symbol {
                    name: core::ops::function::FnOnce::call_once::h7c401a0de32156fd,
                    address: 4294969488,
                    debug_file: DebugFile {
                        [salsa id]: Id(802),
                        file: File {
                            [salsa id]: Id(2),
                            path: "[CARGO_WORKSPACE_DIR]/test-artifacts/x86_64-apple-darwin/examples/simple_test-b1a4a25dd437a2d4.35vrw4gxa6ag4v84tuyef6uf4.0x9dyrw.rcgu.o",
                            member_file: None,
                            mtime: SystemTime {
                                tv_sec: [ts],
                                tv_nsec: [ts],
                            },
                            size: 4912,
                        },
                        relocatable: true,
                    },
                },
            },
            "call_once{{vtable.shim}}": {
                core::ops::function::FnOnce::call_once{{vtable.shim}}::h06be78d087e7e4e4: Symbol {
                    name: core::ops::function::FnOnce::call_once{{vtable.shim}}::h06be78d087e7e4e4,
                    address: 4294969392,
                    debug_file: DebugFile {
                        [salsa id]: Id(802),
                        file: File {
                            [salsa id]: Id(2),
                            path: "[CARGO_WORKSPACE_DIR]/test-artifacts/x86_64-apple-darwin/examples/simple_test-b1a4a25dd437a2d4.35vrw4gxa6ag4v84tuyef6uf4.0x9dyrw.rcgu.o",
                            member_file: None,
                            mtime: SystemTime {
                                tv_sec: [ts],
                                tv_nsec: [ts],
                            },
                            size: 4912,
                        },
                        relocatable: true,
                    },
                },
            },
            "function_call": {
                simple_test::function_call::hc52c95e5990a7096: Symbol {
                    name: simple_test::function_call::hc52c95e5990a7096,
                    address: 4294969760,
                    debug_file: DebugFile {
                        [salsa id]: Id(806),
                        file: File {
                            [salsa id]: Id(6),
                            path: "[CARGO_WORKSPACE_DIR]/test-artifacts/x86_64-apple-darwin/examples/simple_test-b1a4a25dd437a2d4.cemzqusq1lnrztssvtj9i7fb4.0x9dyrw.rcgu.o",
                            member_file: None,
                            mtime: SystemTime {
                                tv_sec: [ts],
                                tv_nsec: [ts],
                            },
                            size: 4696,
                        },
                        relocatable: true,
                    },
                },
            },
            "lang_start": {
                std::rt::lang_start::h79c08148cfaebf3b: Symbol {
                    name: std::rt::lang_start::h79c08148cfaebf3b,
                    address: 4294969552,
                    debug_file: DebugFile {
                        [salsa id]: Id(804),
                        file: File {
                            [salsa id]: Id(4),
                            path: "[CARGO_WORKSPACE_DIR]/test-artifacts/x86_64-apple-darwin/examples/simple_test-b1a4a25dd437a2d4.3zqupdxbecb40e40xpdmbu6nt.0x9dyrw.rcgu.o",
                            member_file: None,
                            mtime: SystemTime {
                                tv_sec: [ts],
                                tv_nsec: [ts],
                            },
                            size: 5512,
                        },
                        relocatable: true,
                    },
                },
            },
            "main": {
                simple_test::main::hb698d87dadd31696: Symbol {
                    name: simple_test::main::hb698d87dadd31696,
                    address: 4294969840,
                    debug_file: DebugFile {
                        [salsa id]: Id(806),
                        file: File {
                            [salsa id]: Id(6),
                            path: "[CARGO_WORKSPACE_DIR]/test-artifacts/x86_64-apple-darwin/examples/simple_test-b1a4a25dd437a2d4.cemzqusq1lnrztssvtj9i7fb4.0x9dyrw.rcgu.o",
                            member_file: None,
                            mtime: SystemTime {
                                tv_sec: [ts],
                                tv_nsec: [ts],
                            },
                            size: 4696,
                        },
                        relocatable: true,
                    },
                },
            },
            "new_display": {
                core::fmt::rt::Argument::new_display::h256558868047e3bd: Symbol {
                    name: core::fmt::rt::Argument::new_display::h256558868047e3bd,
                    address: 4294969664,
                    debug_file: DebugFile {
                        [salsa id]: Id(805),
                        file: File {
                            [salsa id]: Id(5),
                            path: "[CARGO_WORKSPACE_DIR]/test-artifacts/x86_64-apple-darwin/examples/simple_test-b1a4a25dd437a2d4.6kyxx8j2z4fs51lchs42uc3py.0x9dyrw.rcgu.o",
                            member_file: None,
                            mtime: SystemTime {
                                tv_sec: [ts],
                                tv_nsec: [ts],
                            },
                            size: 5408,
                        },
                        relocatable: true,
                    },
                },
            },
            "new_lower_hex": {
                core::fmt::rt::Argument::new_lower_hex::h4f7f2bc4b58739d5: Symbol {
                    name: core::fmt::rt::Argument::new_lower_hex::h4f7f2bc4b58739d5,
                    address: 4294969712,
                    debug_file: DebugFile {
                        [salsa id]: Id(805),
                        file: File {
                            [salsa id]: Id(5),
                            path: "[CARGO_WORKSPACE_DIR]/test-artifacts/x86_64-apple-darwin/examples/simple_test-b1a4a25dd437a2d4.6kyxx8j2z4fs51lchs42uc3py.0x9dyrw.rcgu.o",
                            member_file: None,
                            mtime: SystemTime {
                                tv_sec: [ts],
                                tv_nsec: [ts],
                            },
                            size: 5408,
                        },
                        relocatable: true,
                    },
                },
            },
            "new_v1": {
                core::fmt::rt::<impl core::fmt::Arguments>::new_v1::hf3fb3e54c4a23a8b: Symbol {
                    name: core::fmt::rt::<impl core::fmt::Arguments>::new_v1::hf3fb3e54c4a23a8b,
                    address: 4294970048,
                    debug_file: DebugFile {
                        [salsa id]: Id(807),
                        file: File {
                            [salsa id]: Id(7),
                            path: "[CARGO_WORKSPACE_DIR]/test-artifacts/x86_64-apple-darwin/examples/simple_test-b1a4a25dd437a2d4.f4pdl2ir366w0nk4e3lv4icot.0x9dyrw.rcgu.o",
                            member_file: None,
                            mtime: SystemTime {
                                tv_sec: [ts],
                                tv_nsec: [ts],
                            },
                            size: 5992,
                        },
                        relocatable: true,
                    },
                },
            },
            "report": {
                <() as std::process::Termination>::report::h638bf6ad1a69467e: Symbol {
                    name: <() as std::process::Termination>::report::h638bf6ad1a69467e,
                    address: 4294969376,
                    debug_file: DebugFile {
                        [salsa id]: Id(801),
                        file: File {
                            [salsa id]: Id(1),
                            path: "[CARGO_WORKSPACE_DIR]/test-artifacts/x86_64-apple-darwin/examples/simple_test-b1a4a25dd437a2d4.0lds0c00y5jtc9ew5ixy4ftyn.0x9dyrw.rcgu.o",
                            member_file: None,
                            mtime: SystemTime {
                                tv_sec: [ts],
                                tv_nsec: [ts],
                            },
                            size: 2720,
                        },
                        relocatable: true,
                    },
                },
            },
            "{{closure}}": {
                std::rt::lang_start::{{closure}}::h2cf4162953187074: Symbol {
                    name: std::rt::lang_start::{{closure}}::h2cf4162953187074,
                    address: 4294969616,
                    debug_file: DebugFile {
                        [salsa id]: Id(804),
                        file: File {
                            [salsa id]: Id(4),
                            path: "[CARGO_WORKSPACE_DIR]/test-artifacts/x86_64-apple-darwin/examples/simple_test-b1a4a25dd437a2d4.3zqupdxbecb40e40xpdmbu6nt.0x9dyrw.rcgu.o",
                            member_file: None,
                            mtime: SystemTime {
                                tv_sec: [ts],
                                tv_nsec: [ts],
                            },
                            size: 5512,
                        },
                        relocatable: true,
                    },
                },
            },
        },
        symbols: {},
        symbols_by_file: {
            DebugFile {
                [salsa id]: Id(801),
                file: File {
                    [salsa id]: Id(1),
                    path: "[CARGO_WORKSPACE_DIR]/test-artifacts/x86_64-apple-darwin/examples/simple_test-b1a4a25dd437a2d4.0lds0c00y5jtc9ew5ixy4ftyn.0x9dyrw.rcgu.o",
                    member_file: None,
                    mtime: SystemTime {
                        tv_sec: [ts],
                        tv_nsec: [ts],
                    },
                    size: 2720,
                },
                relocatable: true,
            }: {
                RawSymbol(__ZN54_$LT$$LP$$RP$$u20$as$u20$std..process..Termination$GT$6report17h638bf6ad1a69467eE): Symbol {
                    name: <() as std::process::Termination>::report::h638bf6ad1a69467e,
                    address: 4294969376,
                    debug_file: DebugFile {
                        [salsa id]: Id(801),
                        file: File {
                            [salsa id]: Id(1),
                            path: "[CARGO_WORKSPACE_DIR]/test-artifacts/x86_64-apple-darwin/examples/simple_test-b1a4a25dd437a2d4.0lds0c00y5jtc9ew5ixy4ftyn.0x9dyrw.rcgu.o",
                            member_file: None,
                            mtime: SystemTime {
                                tv_sec: [ts],
                                tv_nsec: [ts],
                            },
                            size: 2720,
                        },
                        relocatable: true,
                    },
                },
            },
            DebugFile {
                [salsa id]: Id(802),
                file: File {
                    [salsa id]: Id(2),
                    path: "[CARGO_WORKSPACE_DIR]/test-artifacts/x86_64-apple-darwin/examples/simple_test-b1a4a25dd437a2d4.35vrw4gxa6ag4v84tuyef6uf4.0x9dyrw.rcgu.o",
                    member_file: None,
                    mtime: SystemTime {
                        tv_sec: [ts],
                        tv_nsec: [ts],
                    },
                    size: 4912,
                },
                relocatable: true,
            }: {
                RawSymbol(__ZN4core3ops8function6FnOnce40call_once$u7b$$u7b$vtable.shim$u7d$$u7d$17h06be78d087e7e4e4E): Symbol {
                    name: core::ops::function::FnOnce::call_once{{vtable.shim}}::h06be78d087e7e4e4,
                    address: 4294969392,
                    debug_file: DebugFile {
                        [salsa id]: Id(802),
                        file: File {
                            [salsa id]: Id(2),
                            path: "[CARGO_WORKSPACE_DIR]/test-artifacts/x86_64-apple-darwin/examples/simple_test-b1a4a25dd437a2d4.35vrw4gxa6ag4v84tuyef6uf4.0x9dyrw.rcgu.o",
                            member_file: None,
                            mtime: SystemTime {
                                tv_sec: [ts],
                                tv_nsec: [ts],
                            },
                            size: 4912,
                        },
                        relocatable: true,
                    },
                },
                RawSymbol(__ZN4core3ops8function6FnOnce9call_once17h563022ce4ec0c4f5E): Symbol {
                    name: core::ops::function::FnOnce::call_once::h563022ce4ec0c4f5,
                    address: 4294969424,
                    debug_file: DebugFile {
                        [salsa id]: Id(802),
                        file: File {
                            [salsa id]: Id(2),
                            path: "[CARGO_WORKSPACE_DIR]/test-artifacts/x86_64-apple-darwin/examples/simple_test-b1a4a25dd437a2d4.35vrw4gxa6ag4v84tuyef6uf4.0x9dyrw.rcgu.o",
                            member_file: None,
                            mtime: SystemTime {
                                tv_sec: [ts],
                                tv_nsec: [ts],
                            },
                            size: 4912,
                        },
                        relocatable: true,
                    },
                },
                RawSymbol(__ZN4core3ops8function6FnOnce9call_once17h7c401a0de32156fdE): Symbol {
                    name: core::ops::function::FnOnce::call_once::h7c401a0de32156fd,
                    address: 4294969488,
                    debug_file: DebugFile {
                        [salsa id]: Id(802),
                        file: File {
                            [salsa id]: Id(2),
                            path: "[CARGO_WORKSPACE_DIR]/test-artifacts/x86_64-apple-darwin/examples/simple_test-b1a4a25dd437a2d4.35vrw4gxa6ag4v84tuyef6uf4.0x9dyrw.rcgu.o",
                            member_file: None,
                            mtime: SystemTime {
                                tv_sec: [ts],
                                tv_nsec: [ts],
                            },
                            size: 4912,
                        },
                        relocatable: true,
                    },
                },
            },
            DebugFile {
                [salsa id]: Id(803),
                file: File {
                    [salsa id]: Id(3),
                    path: "[CARGO_WORKSPACE_DIR]/test-artifacts/x86_64-apple-darwin/examples/simple_test-b1a4a25dd437a2d4.3mylwj1ru3zxk00unpw5ituee.0x9dyrw.rcgu.o",
                    member_file: None,
                    mtime: SystemTime {
                        tv_sec: [ts],
                        tv_nsec: [ts],
                    },
                    size: 3144,
                },
                relocatable: true,
            }: {
                RawSymbol(__ZN3std3sys9backtrace28__rust_begin_short_backtrace17he50a87e599f425aaE): Symbol {
                    name: std::sys::backtrace::__rust_begin_short_backtrace::he50a87e599f425aa,
                    address: 4294969520,
                    debug_file: DebugFile {
                        [salsa id]: Id(803),
                        file: File {
                            [salsa id]: Id(3),
                            path: "[CARGO_WORKSPACE_DIR]/test-artifacts/x86_64-apple-darwin/examples/simple_test-b1a4a25dd437a2d4.3mylwj1ru3zxk00unpw5ituee.0x9dyrw.rcgu.o",
                            member_file: None,
                            mtime: SystemTime {
                                tv_sec: [ts],
                                tv_nsec: [ts],
                            },
                            size: 3144,
                        },
                        relocatable: true,
                    },
                },
            },
            DebugFile {
                [salsa id]: Id(804),
                file: File {
                    [salsa id]: Id(4),
                    path: "[CARGO_WORKSPACE_DIR]/test-artifacts/x86_64-apple-darwin/examples/simple_test-b1a4a25dd437a2d4.3zqupdxbecb40e40xpdmbu6nt.0x9dyrw.rcgu.o",
                    member_file: None,
                    mtime: SystemTime {
                        tv_sec: [ts],
                        tv_nsec: [ts],
                    },
                    size: 5512,
                },
                relocatable: true,
            }: {
                RawSymbol(__ZN3std2rt10lang_start17h79c08148cfaebf3bE): Symbol {
                    name: std::rt::lang_start::h79c08148cfaebf3b,
                    address: 4294969552,
                    debug_file: DebugFile {
                        [salsa id]: Id(804),
                        file: File {
                            [salsa id]: Id(4),
                            path: "[CARGO_WORKSPACE_DIR]/test-artifacts/x86_64-apple-darwin/examples/simple_test-b1a4a25dd437a2d4.3zqupdxbecb40e40xpdmbu6nt.0x9dyrw.rcgu.o",
                            member_file: None,
                            mtime: SystemTime {
                                tv_sec: [ts],
                                tv_nsec: [ts],
                            },
                            size: 5512,
                        },
                        relocatable: true,
                    },
                },
                RawSymbol(__ZN3std2rt10lang_start28_$u7b$$u7b$closure$u7d$$u7d$17h2cf4162953187074E): Symbol {
                    name: std::rt::lang_start::{{closure}}::h2cf4162953187074,
                    address: 4294969616,
                    debug_file: DebugFile {
                        [salsa id]: Id(804),
                        file: File {
                            [salsa id]: Id(4),
                            path: "[CARGO_WORKSPACE_DIR]/test-artifacts/x86_64-apple-darwin/examples/simple_test-b1a4a25dd437a2d4.3zqupdxbecb40e40xpdmbu6nt.0x9dyrw.rcgu.o",
                            member_file: None,
                            mtime: SystemTime {
                                tv_sec: [ts],
                                tv_nsec: [ts],
                            },
                            size: 5512,
                        },
                        relocatable: true,
                    },
                },
            },
            DebugFile {
                [salsa id]: Id(805),
                file: File {
                    [salsa id]: Id(5),
                    path: "[CARGO_WORKSPACE_DIR]/test-artifacts/x86_64-apple-darwin/examples/simple_test-b1a4a25dd437a2d4.6kyxx8j2z4fs51lchs42uc3py.0x9dyrw.rcgu.o",
                    member_file: None,
                    mtime: SystemTime {
                        tv_sec: [ts],
                        tv_nsec: [ts],
                    },
                    size: 5408,
                },
                relocatable: true,
            }: {
                RawSymbol(__ZN4core3fmt2rt8Argument11new_display17h256558868047e3bdE): Symbol {
                    name: core::fmt::rt::Argument::new_display::h256558868047e3bd,
                    address: 4294969664,
                    debug_file: DebugFile {
                        [salsa id]: Id(805),
                        file: File {
                            [salsa id]: Id(5),
                            path: "[CARGO_WORKSPACE_DIR]/test-artifacts/x86_64-apple-darwin/examples/simple_test-b1a4a25dd437a2d4.6kyxx8j2z4fs51lchs42uc3py.0x9dyrw.rcgu.o",
                            member_file: None,
                            mtime: SystemTime {
                                tv_sec: [ts],
                                tv_nsec: [ts],
                            },
                            size: 5408,
                        },
                        relocatable: true,
                    },
                },
                RawSymbol(__ZN4core3fmt2rt8Argument13new_lower_hex17h4f7f2bc4b58739d5E): Symbol {
                    name: core::fmt::rt::Argument::new_lower_hex::h4f7f2bc4b58739d5,
                    address: 4294969712,
                    debug_file: DebugFile {
                        [salsa id]: Id(805),
                        file: File {
                            [salsa id]: Id(5),
                            path: "[CARGO_WORKSPACE_DIR]/test-artifacts/x86_64-apple-darwin/examples/simple_test-b1a4a25dd437a2d4.6kyxx8j2z4fs51lchs42uc3py.0x9dyrw.rcgu.o",
                            member_file: None,
                            mtime: SystemTime {
                                tv_sec: [ts],
                                tv_nsec: [ts],
                            },
                            size: 5408,
                        },
                        relocatable: true,
                    },
                },
            },
            DebugFile {
                [salsa id]: Id(806),
                file: File {
                    [salsa id]: Id(6),
                    path: "[CARGO_WORKSPACE_DIR]/test-artifacts/x86_64-apple-darwin/examples/simple_test-b1a4a25dd437a2d4.cemzqusq1lnrztssvtj9i7fb4.0x9dyrw.rcgu.o",
                    member_file: None,
                    mtime: SystemTime {
                        tv_sec: [ts],
                        tv_nsec: [ts],
                    },
                    size: 4696,
                },
                relocatable: true,
            }: {
                RawSymbol(__ZN11simple_test13function_call17hc52c95e5990a7096E): Symbol {
                    name: simple_test::function_call::hc52c95e5990a7096,
                    address: 4294969760,
                    debug_file: DebugFile {
                        [salsa id]: Id(806),
                        file: File {
                            [salsa id]: Id(6),
                            path: "[CARGO_WORKSPACE_DIR]/test-artifacts/x86_64-apple-darwin/examples/simple_test-b1a4a25dd437a2d4.cemzqusq1lnrztssvtj9i7fb4.0x9dyrw.rcgu.o",
                            member_file: None,
                            mtime: SystemTime {
                                tv_sec: [ts],
                                tv_nsec: [ts],
                            },
                            size: 4696,
                        },
                        relocatable: true,
                    },
                },
                RawSymbol(__ZN11simple_test4main17hb698d87dadd31696E): Symbol {
                    name: simple_test::main::hb698d87dadd31696,
                    address: 4294969840,
                    debug_file: DebugFile {
                        [salsa id]: Id(806),
                        file: File {
                            [salsa id]: Id(6),
                            path: "[CARGO_WORKSPACE_DIR]/test-artifacts/x86_64-apple-darwin/examples/simple_test-b1a4a25dd437a2d4.cemzqusq1lnrztssvtj9i7fb4.0x9dyrw.rcgu.o",
                            member_file: None,
                            mtime: SystemTime {
                                tv_sec: [ts],
                                tv_nsec: [ts],
                            },
                            size: 4696,
                        },
                        relocatable: true,
                    },
                },
            },
            DebugFile {
                [salsa id]: Id(807),
                file: File {
                    [salsa id]: Id(7),
                    path: "[CARGO_WORKSPACE_DIR]/test-artifacts/x86_64-apple-darwin/examples/simple_test-b1a4a25dd437a2d4.f4pdl2ir366w0nk4e3lv4icot.0x9dyrw.rcgu.o",
                    member_file: None,
                    mtime: SystemTime {
                        tv_sec: [ts],
                        tv_nsec: [ts],
                    },
                    size: 5992,
                },
                relocatable: true,
            }: {
                RawSymbol(__ZN4core3fmt2rt38_$LT$impl$u20$core..fmt..Arguments$GT$6new_v117hf3fb3e54c4a23a8bE): Symbol {
                    name: core::fmt::rt::<impl core::fmt::Arguments>::new_v1::hf3fb3e54c4a23a8b,
                    address: 4294970048,
                    debug_file: DebugFile {
                        [salsa id]: Id(807),
                        file: File {
                            [salsa id]: Id(7),
                            path: "[CARGO_WORKSPACE_DIR]/test-artifacts/x86_64-apple-darwin/examples/simple_test-b1a4a25dd437a2d4.f4pdl2ir366w0nk4e3lv4icot.0x9dyrw.rcgu.o",
                            member_file: None,
                            mtime: SystemTime {
                                tv_sec: [ts],
                                tv_nsec: [ts],
                            },
                            size: 5992,
                        },
                        relocatable: true,
                    },
                },
            },
        },
        functions_by_address: {
            4294969376: [
                Symbol {
                    name: <() as std::process::Termination>::report::h638bf6ad1a69467e,
                    address: 4294969376,
                    debug_file: DebugFile {
                        [salsa id]: Id(801),
                        file: File {
                            [salsa id]: Id(1),
                            path: "[CARGO_WORKSPACE_DIR]/test-artifacts/x86_64-apple-darwin/examples/simple_test-b1a4a25dd437a2d4.0lds0c00y5jtc9ew5ixy4ftyn.0x9dyrw.rcgu.o",
                            member_file: None,
                            mtime: SystemTime {
                                tv_sec: [ts],
                                tv_nsec: [ts],
                            },
                            size: 2720,
                        },
                        relocatable: true,
                    },
                },
            ],
            4294969392: [
                Symbol {
                    name: core::ops::function::FnOnce::call_once{{vtable.shim}}::h06be78d087e7e4e4,
                    address: 4294969392,
                    debug_file: DebugFile {
                        [salsa id]: Id(802),
                        file: File {
                            [salsa id]: Id(2),
                            path: "[CARGO_WORKSPACE_DIR]/test-artifacts/x86_64-apple-darwin/examples/simple_test-b1a4a25dd437a2d4.35vrw4gxa6ag4v84tuyef6uf4.0x9dyrw.rcgu.o",
                            member_file: None,
                            mtime: SystemTime {
                                tv_sec: [ts],
                                tv_nsec: [ts],
                            },
                            size: 4912,
                        },
                        relocatable: true,
                    },
                },
            ],
            4294969424: [
                Symbol {
                    name: core::ops::function::FnOnce::call_once::h563022ce4ec0c4f5,
                    address: 4294969424,
                    debug_file: DebugFile {
                        [salsa id]: Id(802),
                        file: File {
                            [salsa id]: Id(2),
                            path: "[CARGO_WORKSPACE_DIR]/test-artifacts/x86_64-apple-darwin/examples/simple_test-b1a4a25dd437a2d4.35vrw4gxa6ag4v84tuyef6uf4.0x9dyrw.rcgu.o",
                            member_file: None,
                            mtime: SystemTime {
                                tv_sec: [ts],
                                tv_nsec: [ts],
                            },
                            size: 4912,
                        },
                        relocatable: true,
                    },
                },
            ],
            4294969488: [
                Symbol {
                    name: core::ops::function::FnOnce::call_once::h7c401a0de32156fd,
                    address: 4294969488,
                    debug_file: DebugFile {
                        [salsa id]: Id(802),
                        file: File {
                            [salsa id]: Id(2),
                            path: "[CARGO_WORKSPACE_DIR]/test-artifacts/x86_64-apple-darwin/examples/simple_test-b1a4a25dd437a2d4.35vrw4gxa6ag4v84tuyef6uf4.0x9dyrw.rcgu.o",
                            member_file: None,
                            mtime: SystemTime {
                                tv_sec: [ts],
                                tv_nsec: [ts],
                            },
                            size: 4912,
                        },
                        relocatable: true,
                    },
                },
            ],
            4294969520: [
                Symbol {
                    name: std::sys::backtrace::__rust_begin_short_backtrace::he50a87e599f425aa,
                    address: 4294969520,
                    debug_file: DebugFile {
                        [salsa id]: Id(803),
                        file: File {
                            [salsa id]: Id(3),
                            path: "[CARGO_WORKSPACE_DIR]/test-artifacts/x86_64-apple-darwin/examples/simple_test-b1a4a25dd437a2d4.3mylwj1ru3zxk00unpw5ituee.0x9dyrw.rcgu.o",
                            member_file: None,
                            mtime: SystemTime {
                                tv_sec: [ts],
                                tv_nsec: [ts],
                            },
                            size: 3144,
                        },
                        relocatable: true,
                    },
                },
            ],
            4294969552: [
                Symbol {
                    name: std::rt::lang_start::h79c08148cfaebf3b,
                    address: 4294969552,
                    debug_file: DebugFile {
                        [salsa id]: Id(804),
                        file: File {
                            [salsa id]: Id(4),
                            path: "[CARGO_WORKSPACE_DIR]/test-artifacts/x86_64-apple-darwin/examples/simple_test-b1a4a25dd437a2d4.3zqupdxbecb40e40xpdmbu6nt.0x9dyrw.rcgu.o",
                            member_file: None,
                            mtime: SystemTime {
                                tv_sec: [ts],
                                tv_nsec: [ts],
                            },
                            size: 5512,
                        },
                        relocatable: true,
                    },
                },
            ],
            4294969616: [
                Symbol {
                    name: std::rt::lang_start::{{closure}}::h2cf4162953187074,
                    address: 4294969616,
                    debug_file: DebugFile {
                        [salsa id]: Id(804),
                        file: File {
                            [salsa id]: Id(4),
                            path: "[CARGO_WORKSPACE_DIR]/test-artifacts/x86_64-apple-darwin/examples/simple_test-b1a4a25dd437a2d4.3zqupdxbecb40e40xpdmbu6nt.0x9dyrw.rcgu.o",
                            member_file: None,
                            mtime: SystemTime {
                                tv_sec: [ts],
                                tv_nsec: [ts],
                            },
                            size: 5512,
                        },
                        relocatable: true,
                    },
                },
            ],
            4294969664: [
                Symbol {
                    name: core::fmt::rt::Argument::new_display::h256558868047e3bd,
                    address: 4294969664,
                    debug_file: DebugFile {
                        [salsa id]: Id(805),
                        file: File {
                            [salsa id]: Id(5),
                            path: "[CARGO_WORKSPACE_DIR]/test-artifacts/x86_64-apple-darwin/examples/simple_test-b1a4a25dd437a2d4.6kyxx8j2z4fs51lchs42uc3py.0x9dyrw.rcgu.o",
                            member_file: None,
                            mtime: SystemTime {
                                tv_sec: [ts],
                                tv_nsec: [ts],
                            },
                            size: 5408,
                        },
                        relocatable: true,
                    },
                },
            ],
            4294969712: [
                Symbol {
                    name: core::fmt::rt::Argument::new_lower_hex::h4f7f2bc4b58739d5,
                    address: 4294969712,
                    debug_file: DebugFile {
                        [salsa id]: Id(805),
                        file: File {
                            [salsa id]: Id(5),
                            path: "[CARGO_WORKSPACE_DIR]/test-artifacts/x86_64-apple-darwin/examples/simple_test-b1a4a25dd437a2d4.6kyxx8j2z4fs51lchs42uc3py.0x9dyrw.rcgu.o",
                            member_file: None,
                            mtime: SystemTime {
                                tv_sec: [ts],
                                tv_nsec: [ts],
                            },
                            size: 5408,
                        },
                        relocatable: true,
                    },
                },
            ],
            4294969760: [
                Symbol {
                    name: simple_test::function_call::hc52c95e5990a7096,
                    address: 4294969760,
                    debug_file: DebugFile {
                        [salsa id]: Id(806),
                        file: File {
                            [salsa id]: Id(6),
                            path: "[CARGO_WORKSPACE_DIR]/test-artifacts/x86_64-apple-darwin/examples/simple_test-b1a4a25dd437a2d4.cemzqusq1lnrztssvtj9i7fb4.0x9dyrw.rcgu.o",
                            member_file: None,
                            mtime: SystemTime {
                                tv_sec: [ts],
                                tv_nsec: [ts],
                            },
                            size: 4696,
                        },
                        relocatable: true,
                    },
                },
            ],
            4294969840: [
                Symbol {
                    name: simple_test::main::hb698d87dadd31696,
                    address: 4294969840,
                    debug_file: DebugFile {
                        [salsa id]: Id(806),
                        file: File {
                            [salsa id]: Id(6),
                            path: "[CARGO_WORKSPACE_DIR]/test-artifacts/x86_64-apple-darwin/examples/simple_test-b1a4a25dd437a2d4.cemzqusq1lnrztssvtj9i7fb4.0x9dyrw.rcgu.o",
                            member_file: None,
                            mtime: SystemTime {
                                tv_sec: [ts],
                                tv_nsec: [ts],
                            },
                            size: 4696,
                        },
                        relocatable: true,
                    },
                },
            ],
            4294970048: [
                Symbol {
                    name: core::fmt::rt::<impl core::fmt::Arguments>::new_v1::hf3fb3e54c4a23a8b,
                    address: 4294970048,
                    debug_file: DebugFile {
                        [salsa id]: Id(807),
                        file: File {
                            [salsa id]: Id(7),
                            path: "[CARGO_WORKSPACE_DIR]/test-artifacts/x86_64-apple-darwin/examples/simple_test-b1a4a25dd437a2d4.f4pdl2ir366w0nk4e3lv4icot.0x9dyrw.rcgu.o",
                            member_file: None,
                            mtime: SystemTime {
                                tv_sec: [ts],
                                tv_nsec: [ts],
                            },
                            size: 5992,
                        },
                        relocatable: true,
                    },
                },
            ],
        },
    },
    indexed_debug_files: [
        DebugFile {
            [salsa id]: Id(806),
            file: File {
                [salsa id]: Id(6),
                path: "[CARGO_WORKSPACE_DIR]/test-artifacts/x86_64-apple-darwin/examples/simple_test-b1a4a25dd437a2d4.cemzqusq1lnrztssvtj9i7fb4.0x9dyrw.rcgu.o",
                member_file: None,
                mtime: SystemTime {
                    tv_sec: [ts],
                    tv_nsec: [ts],
                },
                size: 4696,
            },
            relocatable: true,
        },
    ],
}
