---
source: rudy-db/tests/mod.rs
expression: methods_by_type
snapshot_kind: text
---
{
    "&str": [
        DiscoveredMethod {
            name: "spec_to_string",
            full_name: "<str as alloc::string::SpecToString>::spec_to_string",
            signature: "fn(self: &str) -> String",
            address: 4295024488,
            self_type: Owned,
            parameter_count: 1,
            callable: true,
        },
        DiscoveredMethod {
            name: "to_string",
            full_name: "<T as alloc::string::ToString>::to_string",
            signature: "fn(self: &str) -> String",
            address: 4295013768,
            self_type: Owned,
            parameter_count: 1,
            callable: true,
        },
    ],
    "BTreeMap<String, i32>": [
        DiscoveredMethod {
            name: "drop",
            full_name: "<alloc::collections::btree::map::BTreeMap<K,V,A> as core::ops::drop::Drop>::drop",
            signature: "fn(self: &mut BTreeMap<String, i32>)",
            address: 4295027404,
            self_type: BorrowedMut,
            parameter_count: 1,
            callable: true,
        },
        DiscoveredMethod {
            name: "into_iter",
            full_name: "<alloc::collections::btree::map::BTreeMap<K,V,A> as core::iter::traits::collect::IntoIterator>::into_iter",
            signature: "fn(self: BTreeMap<String, i32>) -> IntoIter<alloc::string::String, i32, alloc::alloc::Global>",
            address: 4295011120,
            self_type: Owned,
            parameter_count: 1,
            callable: true,
        },
    ],
    "BalancingContext<alloc::string::String, i32>": [
        DiscoveredMethod {
            name: "bulk_steal_left",
            full_name: "alloc::collections::btree::node::BalancingContext<K,V>::bulk_steal_left",
            signature: "fn(self: &mut BalancingContext<alloc::string::String, i32>, count: u64)",
            address: 4294984996,
            self_type: BorrowedMut,
            parameter_count: 2,
            callable: true,
        },
    ],
    "CopyOnDrop<(alloc::string::String, i32)>": [
        DiscoveredMethod {
            name: "drop",
            full_name: "<core::slice::sort::shared::smallsort::CopyOnDrop<T> as core::ops::drop::Drop>::drop",
            signature: "fn(self: &mut CopyOnDrop<(alloc::string::String, i32)>)",
            address: 4295049504,
            self_type: BorrowedMut,
            parameter_count: 1,
            callable: true,
        },
    ],
    "DedupSortedIter<alloc::string::String, i32, alloc::vec::into_iter::IntoIter<(alloc::string::String, i32), alloc::alloc::Global>>": [
        DiscoveredMethod {
            name: "next",
            full_name: "<alloc::collections::btree::dedup_sorted_iter::DedupSortedIter<K,V,I> as core::iter::traits::iterator::Iterator>::next",
            signature: "fn(self: &mut DedupSortedIter<alloc::string::String, i32, alloc::vec::into_iter::IntoIter<(alloc::string::String, i32), alloc::alloc::Global>>) -> Option<(String, i32)>",
            address: 4295012340,
            self_type: BorrowedMut,
            parameter_count: 1,
            callable: true,
        },
    ],
    "DefaultHasher": [
        DiscoveredMethod {
            name: "finish",
            full_name: "<std::hash::random::DefaultHasher as core::hash::Hasher>::finish",
            signature: "fn(self: &DefaultHasher) -> u64",
            address: 4295000004,
            self_type: Borrowed,
            parameter_count: 1,
            callable: true,
        },
        DiscoveredMethod {
            name: "write_str",
            full_name: "<std::hash::random::DefaultHasher as core::hash::Hasher>::write_str",
            signature: "fn(self: &mut DefaultHasher, s: &str)",
            address: 4295000048,
            self_type: BorrowedMut,
            parameter_count: 2,
            callable: true,
        },
    ],
    "Global": [
        DiscoveredMethod {
            name: "alloc_impl",
            full_name: "alloc::alloc::Global::alloc_impl",
            signature: "fn(self: &Global, layout: Layout, zeroed: bool) -> Result<<alias@0:423>, <alias@0:35d2>>",
            address: 4294996232,
            self_type: Borrowed,
            parameter_count: 3,
            callable: true,
        },
        DiscoveredMethod {
            name: "clone",
            full_name: "<alloc::alloc::Global as core::clone::Clone>::clone",
            signature: "fn(self: &Global)",
            address: 4294994928,
            self_type: Borrowed,
            parameter_count: 1,
            callable: true,
        },
        DiscoveredMethod {
            name: "deallocate",
            full_name: "<alloc::alloc::Global as core::alloc::Allocator>::deallocate",
            signature: "fn(self: &Global, ptr: NonNull<u8>, layout: Layout)",
            address: 4294997352,
            self_type: Borrowed,
            parameter_count: 3,
            callable: true,
        },
    ],
    "Group": [
        DiscoveredMethod {
            name: "convert_special_to_empty_and_full_to_deleted",
            full_name: "hashbrown::control::group::neon::Group::convert_special_to_empty_and_full_to_deleted",
            signature: "fn(self: Group) -> Group",
            address: 4295001224,
            self_type: Owned,
            parameter_count: 1,
            callable: true,
        },
        DiscoveredMethod {
            name: "match_empty_or_deleted",
            full_name: "hashbrown::control::group::neon::Group::match_empty_or_deleted",
            signature: "fn(self: Group) -> BitMask",
            address: 4295001120,
            self_type: Owned,
            parameter_count: 1,
            callable: true,
        },
        DiscoveredMethod {
            name: "match_full",
            full_name: "hashbrown::control::group::neon::Group::match_full",
            signature: "fn(self: Group) -> BitMask",
            address: 4295001016,
            self_type: Owned,
            parameter_count: 1,
            callable: true,
        },
        DiscoveredMethod {
            name: "match_tag",
            full_name: "hashbrown::control::group::neon::Group::match_tag",
            signature: "fn(self: Group, tag: Tag) -> BitMask",
            address: 4295001360,
            self_type: Owned,
            parameter_count: 2,
            callable: true,
        },
    ],
    "Handle<alloc::collections::btree::node::NodeRef<alloc::collections::btree::node::marker::Dying, alloc::string::String, i32, alloc::collections::btree::node::marker::Internal>, alloc::collections::btree::node::marker::Edge>": [
        DiscoveredMethod {
            name: "descend",
            full_name: "alloc::collections::btree::node::Handle<alloc::collections::btree::node::NodeRef<BorrowType,K,V,alloc::collections::btree::node::marker::Internal>,alloc::collections::btree::node::marker::Edge>::descend",
            signature: "fn(self: Handle<alloc::collections::btree::node::NodeRef<alloc::collections::btree::node::marker::Dying, alloc::string::String, i32, alloc::collections::btree::node::marker::Internal>, alloc::collections::btree::node::marker::Edge>) -> NodeRef<alloc::collections::btree::node::marker::Dying, alloc::string::String, i32, alloc::collections::btree::node::marker::LeafOrInternal>",
            address: 4294984100,
            self_type: Owned,
            parameter_count: 1,
            callable: true,
        },
    ],
    "Handle<alloc::collections::btree::node::NodeRef<alloc::collections::btree::node::marker::Dying, alloc::string::String, i32, alloc::collections::btree::node::marker::Leaf>, alloc::collections::btree::node::marker::Edge>": [
        DiscoveredMethod {
            name: "deallocating_end",
            full_name: "alloc::collections::btree::navigate::<impl alloc::collections::btree::node::Handle<alloc::collections::btree::node::NodeRef<alloc::collections::btree::node::marker::Dying,K,V,alloc::collections::btree::node::marker::Leaf>,alloc::collections::btree::node::marker::Edge>>::deallocating_end",
            signature: "fn(self: Handle<alloc::collections::btree::node::NodeRef<alloc::collections::btree::node::marker::Dying, alloc::string::String, i32, alloc::collections::btree::node::marker::Leaf>, alloc::collections::btree::node::marker::Edge>, alloc: Global)",
            address: 4294990728,
            self_type: Owned,
            parameter_count: 2,
            callable: true,
        },
        DiscoveredMethod {
            name: "deallocating_next",
            full_name: "alloc::collections::btree::navigate::<impl alloc::collections::btree::node::Handle<alloc::collections::btree::node::NodeRef<alloc::collections::btree::node::marker::Dying,K,V,alloc::collections::btree::node::marker::Leaf>,alloc::collections::btree::node::marker::Edge>>::deallocating_next",
            signature: "fn(self: Handle<alloc::collections::btree::node::NodeRef<alloc::collections::btree::node::marker::Dying, alloc::string::String, i32, alloc::collections::btree::node::marker::Leaf>, alloc::collections::btree::node::marker::Edge>, alloc: Global) -> Option<(Handle<alloc::collections::btree::node::NodeRef<alloc::collections::btree::node::marker::Dying, alloc::string::String, i32, alloc::collections::btree::node::marker::Leaf>, alloc::collections::btree::node::marker::Edge>, Handle<alloc::collections::btree::node::NodeRef<alloc::collections::btree::node::marker::Dying, alloc::string::String, i32, alloc::collections::btree::node::marker::LeafOrInternal>, alloc::collections::btree::node::marker::KV>)>",
            address: 4294990940,
            self_type: Owned,
            parameter_count: 2,
            callable: true,
        },
    ],
    "Handle<alloc::collections::btree::node::NodeRef<alloc::collections::btree::node::marker::Dying, alloc::string::String, i32, alloc::collections::btree::node::marker::LeafOrInternal>, alloc::collections::btree::node::marker::KV>": [
        DiscoveredMethod {
            name: "drop_key_val",
            full_name: "alloc::collections::btree::node::Handle<alloc::collections::btree::node::NodeRef<alloc::collections::btree::node::marker::Dying,K,V,NodeType>,alloc::collections::btree::node::marker::KV>::drop_key_val",
            signature: "fn(self: Handle<alloc::collections::btree::node::NodeRef<alloc::collections::btree::node::marker::Dying, alloc::string::String, i32, alloc::collections::btree::node::marker::LeafOrInternal>, alloc::collections::btree::node::marker::KV>)",
            address: 4294983812,
            self_type: Owned,
            parameter_count: 1,
            callable: true,
        },
        DiscoveredMethod {
            name: "next_leaf_edge",
            full_name: "alloc::collections::btree::navigate::<impl alloc::collections::btree::node::Handle<alloc::collections::btree::node::NodeRef<BorrowType,K,V,alloc::collections::btree::node::marker::LeafOrInternal>,alloc::collections::btree::node::marker::KV>>::next_leaf_edge",
            signature: "fn(self: Handle<alloc::collections::btree::node::NodeRef<alloc::collections::btree::node::marker::Dying, alloc::string::String, i32, alloc::collections::btree::node::marker::LeafOrInternal>, alloc::collections::btree::node::marker::KV>) -> Handle<alloc::collections::btree::node::NodeRef<alloc::collections::btree::node::marker::Dying, alloc::string::String, i32, alloc::collections::btree::node::marker::Leaf>, alloc::collections::btree::node::marker::Edge>",
            address: 4294990200,
            self_type: Owned,
            parameter_count: 1,
            callable: true,
        },
    ],
    "Handle<alloc::collections::btree::node::NodeRef<alloc::collections::btree::node::marker::Mut, alloc::string::String, i32, alloc::collections::btree::node::marker::Internal>, alloc::collections::btree::node::marker::Edge>": [
        DiscoveredMethod {
            name: "correct_parent_link",
            full_name: "alloc::collections::btree::node::Handle<alloc::collections::btree::node::NodeRef<alloc::collections::btree::node::marker::Mut,K,V,alloc::collections::btree::node::marker::Internal>,alloc::collections::btree::node::marker::Edge>::correct_parent_link",
            signature: "fn(self: Handle<alloc::collections::btree::node::NodeRef<alloc::collections::btree::node::marker::Mut, alloc::string::String, i32, alloc::collections::btree::node::marker::Internal>, alloc::collections::btree::node::marker::Edge>)",
            address: 4294984624,
            self_type: Owned,
            parameter_count: 1,
            callable: true,
        },
        DiscoveredMethod {
            name: "descend",
            full_name: "alloc::collections::btree::node::Handle<alloc::collections::btree::node::NodeRef<BorrowType,K,V,alloc::collections::btree::node::marker::Internal>,alloc::collections::btree::node::marker::Edge>::descend",
            signature: "fn(self: Handle<alloc::collections::btree::node::NodeRef<alloc::collections::btree::node::marker::Mut, alloc::string::String, i32, alloc::collections::btree::node::marker::Internal>, alloc::collections::btree::node::marker::Edge>) -> NodeRef<alloc::collections::btree::node::marker::Mut, alloc::string::String, i32, alloc::collections::btree::node::marker::LeafOrInternal>",
            address: 4294984248,
            self_type: Owned,
            parameter_count: 1,
            callable: true,
        },
    ],
    "Handle<alloc::collections::btree::node::NodeRef<alloc::collections::btree::node::marker::Mut, alloc::string::String, i32, alloc::collections::btree::node::marker::Internal>, alloc::collections::btree::node::marker::KV>": [
        DiscoveredMethod {
            name: "consider_for_balancing",
            full_name: "alloc::collections::btree::node::Handle<alloc::collections::btree::node::NodeRef<alloc::collections::btree::node::marker::Mut,K,V,alloc::collections::btree::node::marker::Internal>,alloc::collections::btree::node::marker::KV>::consider_for_balancing",
            signature: "fn(self: Handle<alloc::collections::btree::node::NodeRef<alloc::collections::btree::node::marker::Mut, alloc::string::String, i32, alloc::collections::btree::node::marker::Internal>, alloc::collections::btree::node::marker::KV>) -> BalancingContext<alloc::string::String, i32>",
            address: 4294984396,
            self_type: Owned,
            parameter_count: 1,
            callable: true,
        },
        DiscoveredMethod {
            name: "kv_mut",
            full_name: "alloc::collections::btree::node::Handle<alloc::collections::btree::node::NodeRef<alloc::collections::btree::node::marker::Mut,K,V,NodeType>,alloc::collections::btree::node::marker::KV>::kv_mut",
            signature: "fn(self: &mut Handle<alloc::collections::btree::node::NodeRef<alloc::collections::btree::node::marker::Mut, alloc::string::String, i32, alloc::collections::btree::node::marker::Internal>, alloc::collections::btree::node::marker::KV>) -> (&mut String, &mut i32)",
            address: 4294983568,
            self_type: BorrowedMut,
            parameter_count: 1,
            callable: true,
        },
        DiscoveredMethod {
            name: "replace_kv",
            full_name: "alloc::collections::btree::node::Handle<alloc::collections::btree::node::NodeRef<alloc::collections::btree::node::marker::Mut,K,V,NodeType>,alloc::collections::btree::node::marker::KV>::replace_kv",
            signature: "fn(self: &mut Handle<alloc::collections::btree::node::NodeRef<alloc::collections::btree::node::marker::Mut, alloc::string::String, i32, alloc::collections::btree::node::marker::Internal>, alloc::collections::btree::node::marker::KV>, k: String, v: i32) -> (String, i32)",
            address: 4294983216,
            self_type: BorrowedMut,
            parameter_count: 3,
            callable: true,
        },
    ],
    "Handle<alloc::collections::btree::node::NodeRef<alloc::collections::btree::node::marker::Mut, alloc::string::String, i32, alloc::collections::btree::node::marker::Leaf>, alloc::collections::btree::node::marker::KV>": [
        DiscoveredMethod {
            name: "into_val_mut",
            full_name: "alloc::collections::btree::node::Handle<alloc::collections::btree::node::NodeRef<alloc::collections::btree::node::marker::Mut,K,V,NodeType>,alloc::collections::btree::node::marker::KV>::into_val_mut",
            signature: "fn(self: Handle<alloc::collections::btree::node::NodeRef<alloc::collections::btree::node::marker::Mut, alloc::string::String, i32, alloc::collections::btree::node::marker::Leaf>, alloc::collections::btree::node::marker::KV>) -> &mut i32",
            address: 4294983436,
            self_type: Owned,
            parameter_count: 1,
            callable: true,
        },
    ],
    "HashMap<String, i32>": [
        DiscoveredMethod {
            name: "extend",
            full_name: "<hashbrown::map::HashMap<K,V,S,A> as core::iter::traits::collect::Extend<(K,V)>>::extend",
            signature: "fn(self: &mut HashMap<String, i32>, iter: [(String, i32); 1])",
            address: 4295028552,
            self_type: BorrowedMut,
            parameter_count: 2,
            callable: true,
        },
        DiscoveredMethod {
            name: "insert",
            full_name: "hashbrown::map::HashMap<K,V,S,A>::insert",
            signature: "fn(self: &mut HashMap<String, i32>, k: String, v: i32) -> Option<i32>",
            address: 4295040720,
            self_type: BorrowedMut,
            parameter_count: 3,
            callable: true,
        },
    ],
    "Hasher<core::hash::sip::Sip13Rounds>": [
        DiscoveredMethod {
            name: "finish",
            full_name: "<core::hash::sip::Hasher<S> as core::hash::Hasher>::finish",
            signature: "fn(self: &Hasher<core::hash::sip::Sip13Rounds>) -> u64",
            address: 4294999752,
            self_type: Borrowed,
            parameter_count: 1,
            callable: true,
        },
        DiscoveredMethod {
            name: "reset",
            full_name: "core::hash::sip::Hasher<S>::reset",
            signature: "fn(self: &mut Hasher<core::hash::sip::Sip13Rounds>)",
            address: 4294992512,
            self_type: BorrowedMut,
            parameter_count: 1,
            callable: true,
        },
        DiscoveredMethod {
            name: "write",
            full_name: "<core::hash::sip::Hasher<S> as core::hash::Hasher>::write",
            signature: "fn(self: &mut Hasher<core::hash::sip::Sip13Rounds>, msg: &[u8])",
            address: 4294999192,
            self_type: BorrowedMut,
            parameter_count: 2,
            callable: true,
        },
        DiscoveredMethod {
            name: "write_str",
            full_name: "<core::hash::sip::Hasher<S> as core::hash::Hasher>::write_str",
            signature: "fn(self: &mut Hasher<core::hash::sip::Sip13Rounds>, s: &str)",
            address: 4294999912,
            self_type: BorrowedMut,
            parameter_count: 2,
            callable: true,
        },
    ],
    "IndexRange": [
        DiscoveredMethod {
            name: "try_fold",
            full_name: "<core::ops::index_range::IndexRange as core::iter::traits::iterator::Iterator>::try_fold",
            signature: "fn(self: &mut IndexRange, accum: ())",
            address: 4295039340,
            self_type: BorrowedMut,
            parameter_count: 2,
            callable: true,
        },
        DiscoveredMethod {
            name: "try_fold",
            full_name: "<core::ops::index_range::IndexRange as core::iter::traits::iterator::Iterator>::try_fold",
            signature: "fn(self: &mut IndexRange, accum: ())",
            address: 4295039640,
            self_type: BorrowedMut,
            parameter_count: 2,
            callable: true,
        },
    ],
    "IntoIter<(alloc::string::String, i32), 1>": [
        DiscoveredMethod {
            name: "collect",
            full_name: "core::iter::traits::iterator::Iterator::collect",
            signature: "fn(self: IntoIter<(alloc::string::String, i32), 1>) -> Vec<(String, i32)>",
            address: 4295033256,
            self_type: Owned,
            parameter_count: 1,
            callable: true,
        },
        DiscoveredMethod {
            name: "drop",
            full_name: "<core::array::iter::IntoIter<T,_> as core::ops::drop::Drop>::drop",
            signature: "fn(self: &mut IntoIter<(alloc::string::String, i32), 1>)",
            address: 4295038864,
            self_type: BorrowedMut,
            parameter_count: 1,
            callable: true,
        },
        DiscoveredMethod {
            name: "fold",
            full_name: "<core::array::iter::IntoIter<T,_> as core::iter::traits::iterator::Iterator>::fold",
            signature: "fn(self: IntoIter<(alloc::string::String, i32), 1>, init: (), fold: {closure_env#0}<(alloc::string::String, i32), hashbrown::map::{impl#82}::extend::{closure_env#0}<alloc::string::String, i32, std::hash::random::RandomState, alloc::alloc::Global, [(alloc::string::String, i32); 1]>>)",
            address: 4295040224,
            self_type: Owned,
            parameter_count: 3,
            callable: true,
        },
        DiscoveredMethod {
            name: "fold",
            full_name: "<core::array::iter::IntoIter<T,_> as core::iter::traits::iterator::Iterator>::fold",
            signature: "fn(self: IntoIter<(alloc::string::String, i32), 1>, init: (), fold: {closure_env#0}<(alloc::string::String, i32), alloc::vec::{impl#20}::extend_trusted::{closure_env#0}<(alloc::string::String, i32), alloc::alloc::Global, core::array::iter::IntoIter<(alloc::string::String, i32), 1>>>)",
            address: 4295040380,
            self_type: Owned,
            parameter_count: 3,
            callable: true,
        },
        DiscoveredMethod {
            name: "for_each",
            full_name: "core::iter::traits::iterator::Iterator::for_each",
            signature: "fn(self: IntoIter<(alloc::string::String, i32), 1>, f: {closure_env#0}<(alloc::string::String, i32), alloc::alloc::Global, core::array::iter::IntoIter<(alloc::string::String, i32), 1>>)",
            address: 4295033372,
            self_type: Owned,
            parameter_count: 2,
            callable: true,
        },
        DiscoveredMethod {
            name: "for_each",
            full_name: "core::iter::traits::iterator::Iterator::for_each",
            signature: "fn(self: IntoIter<(alloc::string::String, i32), 1>, f: {closure_env#0}<alloc::string::String, i32, std::hash::random::RandomState, alloc::alloc::Global, [(alloc::string::String, i32); 1]>)",
            address: 4295033424,
            self_type: Owned,
            parameter_count: 2,
            callable: true,
        },
        DiscoveredMethod {
            name: "into_iter",
            full_name: "<I as core::iter::traits::collect::IntoIterator>::into_iter",
            signature: "fn(self: IntoIter<(alloc::string::String, i32), 1>) -> IntoIter<(alloc::string::String, i32), 1>",
            address: 4295038744,
            self_type: Owned,
            parameter_count: 1,
            callable: true,
        },
        DiscoveredMethod {
            name: "size_hint",
            full_name: "<core::array::iter::IntoIter<T,_> as core::iter::traits::iterator::Iterator>::size_hint",
            signature: "fn(self: &IntoIter<(alloc::string::String, i32), 1>) -> (u64, Option<u64>)",
            address: 4295040544,
            self_type: Borrowed,
            parameter_count: 1,
            callable: true,
        },
    ],
    "IntoIter<(alloc::string::String, i32), alloc::alloc::Global>": [
        DiscoveredMethod {
            name: "drop",
            full_name: "<alloc::vec::into_iter::IntoIter<T,A> as core::ops::drop::Drop>::drop",
            signature: "fn(self: &mut IntoIter<(alloc::string::String, i32), alloc::alloc::Global>)",
            address: 4295038896,
            self_type: BorrowedMut,
            parameter_count: 1,
            callable: true,
        },
        DiscoveredMethod {
            name: "len",
            full_name: "core::iter::traits::exact_size::ExactSizeIterator::len",
            signature: "fn(self: &IntoIter<(alloc::string::String, i32), alloc::alloc::Global>) -> u64",
            address: 4295033060,
            self_type: Borrowed,
            parameter_count: 1,
            callable: true,
        },
        DiscoveredMethod {
            name: "next",
            full_name: "<alloc::vec::into_iter::IntoIter<T,A> as core::iter::traits::iterator::Iterator>::next",
            signature: "fn(self: &mut IntoIter<(alloc::string::String, i32), alloc::alloc::Global>) -> Option<(String, i32)>",
            address: 4295027636,
            self_type: BorrowedMut,
            parameter_count: 1,
            callable: true,
        },
        DiscoveredMethod {
            name: "peekable",
            full_name: "core::iter::traits::iterator::Iterator::peekable",
            signature: "fn(self: IntoIter<(alloc::string::String, i32), alloc::alloc::Global>) -> Peekable<alloc::vec::into_iter::IntoIter<(alloc::string::String, i32), alloc::alloc::Global>>",
            address: 4295033580,
            self_type: Owned,
            parameter_count: 1,
            callable: true,
        },
        DiscoveredMethod {
            name: "size_hint",
            full_name: "<alloc::vec::into_iter::IntoIter<T,A> as core::iter::traits::iterator::Iterator>::size_hint",
            signature: "fn(self: &IntoIter<(alloc::string::String, i32), alloc::alloc::Global>) -> (u64, Option<u64>)",
            address: 4295027844,
            self_type: Borrowed,
            parameter_count: 1,
            callable: true,
        },
    ],
    "IntoIter<alloc::string::String, i32, alloc::alloc::Global>": [
        DiscoveredMethod {
            name: "drop",
            full_name: "<alloc::collections::btree::map::IntoIter<K,V,A> as core::ops::drop::Drop>::drop",
            signature: "fn(self: &mut IntoIter<alloc::string::String, i32, alloc::alloc::Global>)",
            address: 4295027480,
            self_type: BorrowedMut,
            parameter_count: 1,
            callable: true,
        },
        DiscoveredMethod {
            name: "dying_next",
            full_name: "alloc::collections::btree::map::IntoIter<K,V,A>::dying_next",
            signature: "fn(self: &mut IntoIter<alloc::string::String, i32, alloc::alloc::Global>) -> Option<<alias@0:783c>>",
            address: 4295025220,
            self_type: BorrowedMut,
            parameter_count: 1,
            callable: true,
        },
    ],
    "IntoIter<usize, 2>": [
        DiscoveredMethod {
            name: "drop",
            full_name: "<core::array::iter::IntoIter<T,_> as core::ops::drop::Drop>::drop",
            signature: "fn(self: &mut IntoIter<usize, 2>)",
            address: 4295038880,
            self_type: BorrowedMut,
            parameter_count: 1,
            callable: true,
        },
    ],
    "LazyLeafRange<alloc::collections::btree::node::marker::Dying, alloc::string::String, i32>": [
        DiscoveredMethod {
            name: "deallocating_end",
            full_name: "alloc::collections::btree::navigate::LazyLeafRange<alloc::collections::btree::node::marker::Dying,K,V>::deallocating_end",
            signature: "fn(self: &mut LazyLeafRange<alloc::collections::btree::node::marker::Dying, alloc::string::String, i32>, alloc: Global)",
            address: 4295026740,
            self_type: BorrowedMut,
            parameter_count: 2,
            callable: true,
        },
        DiscoveredMethod {
            name: "deallocating_next_unchecked",
            full_name: "alloc::collections::btree::navigate::LazyLeafRange<alloc::collections::btree::node::marker::Dying,K,V>::deallocating_next_unchecked",
            signature: "fn(self: &mut LazyLeafRange<alloc::collections::btree::node::marker::Dying, alloc::string::String, i32>, alloc: Global) -> Handle<alloc::collections::btree::node::NodeRef<alloc::collections::btree::node::marker::Dying, alloc::string::String, i32, alloc::collections::btree::node::marker::LeafOrInternal>, alloc::collections::btree::node::marker::KV>",
            address: 4295026892,
            self_type: BorrowedMut,
            parameter_count: 2,
            callable: true,
        },
        DiscoveredMethod {
            name: "init_front",
            full_name: "alloc::collections::btree::navigate::LazyLeafRange<BorrowType,K,V>::init_front",
            signature: "fn(self: &mut LazyLeafRange<alloc::collections::btree::node::marker::Dying, alloc::string::String, i32>) -> Option<&mut Handle<alloc::collections::btree::node::NodeRef<alloc::collections::btree::node::marker::Dying, alloc::string::String, i32, alloc::collections::btree::node::marker::Leaf>, alloc::collections::btree::node::marker::Edge>>",
            address: 4295025840,
            self_type: BorrowedMut,
            parameter_count: 1,
            callable: true,
        },
        DiscoveredMethod {
            name: "take_front",
            full_name: "alloc::collections::btree::navigate::LazyLeafRange<alloc::collections::btree::node::marker::Dying,K,V>::take_front",
            signature: "fn(self: &mut LazyLeafRange<alloc::collections::btree::node::marker::Dying, alloc::string::String, i32>) -> Option<<alias@0:767b>>",
            address: 4295026288,
            self_type: BorrowedMut,
            parameter_count: 1,
            callable: true,
        },
    ],
    "LocalKey<core::cell::Cell<(u64, u64)>>": [
        DiscoveredMethod {
            name: "try_with",
            full_name: "std::thread::local::LocalKey<T>::try_with",
            signature: "fn(self: &LocalKey<core::cell::Cell<(u64, u64)>>, f: {closure_env#0}) -> Result<<alias@0:19c>, <alias@0:783>>",
            address: 4295013536,
            self_type: Borrowed,
            parameter_count: 2,
            callable: true,
        },
        DiscoveredMethod {
            name: "with",
            full_name: "std::thread::local::LocalKey<T>::with",
            signature: "fn(self: &LocalKey<core::cell::Cell<(u64, u64)>>, f: {closure_env#0}) -> RandomState",
            address: 4295013456,
            self_type: Borrowed,
            parameter_count: 2,
            callable: true,
        },
    ],
    "MergeState<(alloc::string::String, i32)>": [
        DiscoveredMethod {
            name: "drop",
            full_name: "<core::slice::sort::stable::merge::MergeState<T> as core::ops::drop::Drop>::drop",
            signature: "fn(self: &mut MergeState<(alloc::string::String, i32)>)",
            address: 4295040000,
            self_type: BorrowedMut,
            parameter_count: 1,
            callable: true,
        },
        DiscoveredMethod {
            name: "merge_down",
            full_name: "core::slice::sort::stable::merge::MergeState<T>::merge_down",
            signature: "fn(self: &mut MergeState<(alloc::string::String, i32)>, left_end: *(String, i32), right_end: *(String, i32), out: *(String, i32))",
            address: 4295035172,
            self_type: BorrowedMut,
            parameter_count: 4,
            callable: true,
        },
        DiscoveredMethod {
            name: "merge_up",
            full_name: "core::slice::sort::stable::merge::MergeState<T>::merge_up",
            signature: "fn(self: &mut MergeState<(alloc::string::String, i32)>, right: *(String, i32), right_end: *(String, i32))",
            address: 4295035640,
            self_type: BorrowedMut,
            parameter_count: 3,
            callable: true,
        },
    ],
    "NeverShortCircuit<()>": [
        DiscoveredMethod {
            name: "branch",
            full_name: "<core::ops::try_trait::NeverShortCircuit<T> as core::ops::try_trait::Try>::branch",
            signature: "fn(self: NeverShortCircuit<()>)",
            address: 4295039988,
            self_type: Owned,
            parameter_count: 1,
            callable: true,
        },
    ],
    "NodeRef<alloc::collections::btree::node::marker::Dying, alloc::string::String, i32, alloc::collections::btree::node::marker::LeafOrInternal>": [
        DiscoveredMethod {
            name: "ascend",
            full_name: "alloc::collections::btree::node::NodeRef<BorrowType,K,V,Type>::ascend",
            signature: "fn(self: NodeRef<alloc::collections::btree::node::marker::Dying, alloc::string::String, i32, alloc::collections::btree::node::marker::LeafOrInternal>) -> Result<<alias@0:3caa>, <alias@0:3e46>>",
            address: 4294987448,
            self_type: Owned,
            parameter_count: 1,
            callable: true,
        },
        DiscoveredMethod {
            name: "deallocate_and_ascend",
            full_name: "alloc::collections::btree::node::NodeRef<alloc::collections::btree::node::marker::Dying,K,V,alloc::collections::btree::node::marker::LeafOrInternal>::deallocate_and_ascend",
            signature: "fn(self: NodeRef<alloc::collections::btree::node::marker::Dying, alloc::string::String, i32, alloc::collections::btree::node::marker::LeafOrInternal>, alloc: Global) -> Option<<alias@0:3caa>>",
            address: 4294982276,
            self_type: Owned,
            parameter_count: 2,
            callable: true,
        },
    ],
    "NodeRef<alloc::collections::btree::node::marker::Mut, alloc::string::String, i32, alloc::collections::btree::node::marker::Internal>": [
        DiscoveredMethod {
            name: "correct_childrens_parent_links",
            full_name: "alloc::collections::btree::node::NodeRef<alloc::collections::btree::node::marker::Mut,K,V,alloc::collections::btree::node::marker::Internal>::correct_childrens_parent_links",
            signature: "fn(self: &mut NodeRef<alloc::collections::btree::node::marker::Mut, alloc::string::String, i32, alloc::collections::btree::node::marker::Internal>, range: RangeInclusive<usize>)",
            address: 4294980808,
            self_type: BorrowedMut,
            parameter_count: 2,
            callable: true,
        },
        DiscoveredMethod {
            name: "correct_childrens_parent_links",
            full_name: "alloc::collections::btree::node::NodeRef<alloc::collections::btree::node::marker::Mut,K,V,alloc::collections::btree::node::marker::Internal>::correct_childrens_parent_links",
            signature: "fn(self: &mut NodeRef<alloc::collections::btree::node::marker::Mut, alloc::string::String, i32, alloc::collections::btree::node::marker::Internal>, range: Range<usize>)",
            address: 4294980988,
            self_type: BorrowedMut,
            parameter_count: 2,
            callable: true,
        },
        DiscoveredMethod {
            name: "push",
            full_name: "alloc::collections::btree::node::NodeRef<alloc::collections::btree::node::marker::Mut,K,V,alloc::collections::btree::node::marker::Internal>::push",
            signature: "fn(self: &mut NodeRef<alloc::collections::btree::node::marker::Mut, alloc::string::String, i32, alloc::collections::btree::node::marker::Internal>, key: String, val: i32, edge: NodeRef<alloc::collections::btree::node::marker::Owned, alloc::string::String, i32, alloc::collections::btree::node::marker::LeafOrInternal>)",
            address: 4294981168,
            self_type: BorrowedMut,
            parameter_count: 4,
            callable: true,
        },
    ],
    "NodeRef<alloc::collections::btree::node::marker::Mut, alloc::string::String, i32, alloc::collections::btree::node::marker::Leaf>": [
        DiscoveredMethod {
            name: "push_with_handle",
            full_name: "alloc::collections::btree::node::NodeRef<alloc::collections::btree::node::marker::Mut,K,V,alloc::collections::btree::node::marker::Leaf>::push_with_handle",
            signature: "fn(self: &mut NodeRef<alloc::collections::btree::node::marker::Mut, alloc::string::String, i32, alloc::collections::btree::node::marker::Leaf>, key: String, val: i32) -> Handle<alloc::collections::btree::node::NodeRef<alloc::collections::btree::node::marker::Mut, alloc::string::String, i32, alloc::collections::btree::node::marker::Leaf>, alloc::collections::btree::node::marker::KV>",
            address: 4294980236,
            self_type: BorrowedMut,
            parameter_count: 3,
            callable: true,
        },
    ],
    "NodeRef<alloc::collections::btree::node::marker::Mut, alloc::string::String, i32, alloc::collections::btree::node::marker::LeafOrInternal>": [
        DiscoveredMethod {
            name: "ascend",
            full_name: "alloc::collections::btree::node::NodeRef<BorrowType,K,V,Type>::ascend",
            signature: "fn(self: NodeRef<alloc::collections::btree::node::marker::Mut, alloc::string::String, i32, alloc::collections::btree::node::marker::LeafOrInternal>) -> Result<<alias@0:3ac3>, <alias@0:2bac>>",
            address: 4294987800,
            self_type: Owned,
            parameter_count: 1,
            callable: true,
        },
        DiscoveredMethod {
            name: "last_leaf_edge",
            full_name: "alloc::collections::btree::navigate::<impl alloc::collections::btree::node::NodeRef<BorrowType,K,V,alloc::collections::btree::node::marker::LeafOrInternal>>::last_leaf_edge",
            signature: "fn(self: NodeRef<alloc::collections::btree::node::marker::Mut, alloc::string::String, i32, alloc::collections::btree::node::marker::LeafOrInternal>) -> Handle<alloc::collections::btree::node::NodeRef<alloc::collections::btree::node::marker::Mut, alloc::string::String, i32, alloc::collections::btree::node::marker::Leaf>, alloc::collections::btree::node::marker::Edge>",
            address: 4294989964,
            self_type: Owned,
            parameter_count: 1,
            callable: true,
        },
    ],
    "NodeRef<alloc::collections::btree::node::marker::Owned, alloc::string::String, i32, alloc::collections::btree::node::marker::LeafOrInternal>": [
        DiscoveredMethod {
            name: "bulk_push",
            full_name: "alloc::collections::btree::append::<impl alloc::collections::btree::node::NodeRef<alloc::collections::btree::node::marker::Owned,K,V,alloc::collections::btree::node::marker::LeafOrInternal>>::bulk_push",
            signature: "fn(self: &mut NodeRef<alloc::collections::btree::node::marker::Owned, alloc::string::String, i32, alloc::collections::btree::node::marker::LeafOrInternal>, iter: DedupSortedIter<alloc::string::String, i32, alloc::vec::into_iter::IntoIter<(alloc::string::String, i32), alloc::alloc::Global>>, length: &mut u64, alloc: Global)",
            address: 4294988672,
            self_type: BorrowedMut,
            parameter_count: 4,
            callable: true,
        },
        DiscoveredMethod {
            name: "fix_right_border_of_plentiful",
            full_name: "alloc::collections::btree::fix::<impl alloc::collections::btree::node::NodeRef<alloc::collections::btree::node::marker::Owned,K,V,alloc::collections::btree::node::marker::LeafOrInternal>>::fix_right_border_of_plentiful",
            signature: "fn(self: &mut NodeRef<alloc::collections::btree::node::marker::Owned, alloc::string::String, i32, alloc::collections::btree::node::marker::LeafOrInternal>)",
            address: 4294979844,
            self_type: BorrowedMut,
            parameter_count: 1,
            callable: true,
        },
    ],
    "NonNull<(alloc::string::String, i32)>": [
        DiscoveredMethod {
            name: "offset_from_unsigned",
            full_name: "core::ptr::non_null::NonNull<T>::offset_from_unsigned",
            signature: "fn(self: NonNull<(alloc::string::String, i32)>, subtracted: NonNull<(alloc::string::String, i32)>) -> u64",
            address: 4295032836,
            self_type: Owned,
            parameter_count: 2,
            callable: true,
        },
    ],
    "Option<Option<(String, i32)>>": [
        DiscoveredMethod {
            name: "get_or_insert_with",
            full_name: "core::option::Option<T>::get_or_insert_with",
            signature: "fn(self: &mut Option<Option<(String, i32)>>, f: {closure_env#0}<alloc::vec::into_iter::IntoIter<(alloc::string::String, i32), alloc::alloc::Global>>) -> &mut Option<(String, i32)>",
            address: 4295036804,
            self_type: BorrowedMut,
            parameter_count: 2,
            callable: true,
        },
    ],
    "PartitionState<(alloc::string::String, i32)>": [
        DiscoveredMethod {
            name: "partition_one",
            full_name: "core::slice::sort::stable::quicksort::PartitionState<T>::partition_one",
            signature: "fn(self: &mut PartitionState<(alloc::string::String, i32)>, towards_left: bool) -> *(String, i32)",
            address: 4295048180,
            self_type: BorrowedMut,
            parameter_count: 2,
            callable: true,
        },
    ],
    "RandomState": [
        DiscoveredMethod {
            name: "build_hasher",
            full_name: "<std::hash::random::RandomState as core::hash::BuildHasher>::build_hasher",
            signature: "fn(self: &RandomState) -> DefaultHasher",
            address: 4295000132,
            self_type: Borrowed,
            parameter_count: 1,
            callable: true,
        },
        DiscoveredMethod {
            name: "hash_one",
            full_name: "core::hash::BuildHasher::hash_one",
            signature: "fn(self: &RandomState, x: &String) -> u64",
            address: 4294992380,
            self_type: Borrowed,
            parameter_count: 2,
            callable: true,
        },
    ],
    "Range<i32>": [
        DiscoveredMethod {
            name: "into_iter",
            full_name: "<I as core::iter::traits::collect::IntoIterator>::into_iter",
            signature: "fn(self: Range<i32>) -> Range<i32>",
            address: 4295038792,
            self_type: Owned,
            parameter_count: 1,
            callable: true,
        },
        DiscoveredMethod {
            name: "next",
            full_name: "core::iter::range::<impl core::iter::traits::iterator::Iterator for core::ops::range::Range<A>>::next",
            signature: "fn(self: &mut Range<i32>) -> Option<i32>",
            address: 4295032988,
            self_type: BorrowedMut,
            parameter_count: 1,
            callable: true,
        },
        DiscoveredMethod {
            name: "spec_next",
            full_name: "<core::ops::range::Range<T> as core::iter::range::RangeIteratorImpl>::spec_next",
            signature: "fn(self: &mut Range<i32>) -> Option<i32>",
            address: 4295039048,
            self_type: BorrowedMut,
            parameter_count: 1,
            callable: true,
        },
    ],
    "Range<usize>": [
        DiscoveredMethod {
            name: "index_mut",
            full_name: "<core::ops::range::Range<usize> as core::slice::index::SliceIndex<[T]>>::index_mut",
            signature: "fn(self: Range<usize>)",
            address: 4295027952,
            self_type: Owned,
            parameter_count: 1,
            callable: true,
        },
        DiscoveredMethod {
            name: "next",
            full_name: "core::iter::range::<impl core::iter::traits::iterator::Iterator for core::ops::range::Range<A>>::next",
            signature: "fn(self: &mut Range<usize>) -> Option<u64>",
            address: 4295032952,
            self_type: BorrowedMut,
            parameter_count: 1,
            callable: true,
        },
        DiscoveredMethod {
            name: "spec_next",
            full_name: "<core::ops::range::Range<T> as core::iter::range::RangeIteratorImpl>::spec_next",
            signature: "fn(self: &mut Range<usize>) -> Option<u64>",
            address: 4295039192,
            self_type: BorrowedMut,
            parameter_count: 1,
            callable: true,
        },
    ],
    "RangeFrom<usize>": [
        DiscoveredMethod {
            name: "index_mut",
            full_name: "<core::ops::range::RangeFrom<usize> as core::slice::index::SliceIndex<[T]>>::index_mut",
            signature: "fn(self: RangeFrom<usize>)",
            address: 4295028400,
            self_type: Owned,
            parameter_count: 1,
            callable: true,
        },
    ],
    "RangeInclusive<usize>": [
        DiscoveredMethod {
            name: "next",
            full_name: "core::iter::range::<impl core::iter::traits::iterator::Iterator for core::ops::range::RangeInclusive<A>>::next",
            signature: "fn(self: &mut RangeInclusive<usize>) -> Option<u64>",
            address: 4295033024,
            self_type: BorrowedMut,
            parameter_count: 1,
            callable: true,
        },
        DiscoveredMethod {
            name: "spec_next",
            full_name: "<core::ops::range::RangeInclusive<T> as core::iter::range::RangeInclusiveIteratorImpl>::spec_next",
            signature: "fn(self: &mut RangeInclusive<usize>) -> Option<u64>",
            address: 4295028144,
            self_type: BorrowedMut,
            parameter_count: 1,
            callable: true,
        },
    ],
    "RawIterRange<(alloc::string::String, i32)>": [
        DiscoveredMethod {
            name: "next_impl",
            full_name: "hashbrown::raw::RawIterRange<T>::next_impl",
            signature: "fn(self: &mut RawIterRange<(alloc::string::String, i32)>) -> Option<<alias@0:c3f>>",
            address: 4294978032,
            self_type: BorrowedMut,
            parameter_count: 1,
            callable: true,
        },
    ],
    "RawIterRange<(alloc::string::String, small::TestStruct0)>": [
        DiscoveredMethod {
            name: "next_impl",
            full_name: "hashbrown::raw::RawIterRange<T>::next_impl",
            signature: "fn(self: &mut RawIterRange<(alloc::string::String, small::TestStruct0)>) -> Option<<alias@0:e44>>",
            address: 4294977544,
            self_type: BorrowedMut,
            parameter_count: 1,
            callable: true,
        },
    ],
    "RawTable<(alloc::string::String, i32), alloc::alloc::Global>": [
        DiscoveredMethod {
            name: "drop",
            full_name: "<hashbrown::raw::RawTable<T,A> as core::ops::drop::Drop>::drop",
            signature: "fn(self: &mut RawTable<(alloc::string::String, i32), alloc::alloc::Global>)",
            address: 4294969480,
            self_type: BorrowedMut,
            parameter_count: 1,
            callable: true,
        },
        DiscoveredMethod {
            name: "find_or_find_insert_slot",
            full_name: "hashbrown::raw::RawTable<T,A>::find_or_find_insert_slot",
            signature: "fn(self: &mut RawTable<(alloc::string::String, i32), alloc::alloc::Global>, hash: u64, eq: {closure_env#0}<alloc::string::String, alloc::string::String, i32>, hasher: {closure_env#0}<alloc::string::String, i32, std::hash::random::RandomState>) -> Result<<alias@0:c3f>, <alias@0:14c0>>",
            address: 4294979088,
            self_type: BorrowedMut,
            parameter_count: 4,
            callable: true,
        },
        DiscoveredMethod {
            name: "insert_in_slot",
            full_name: "hashbrown::raw::RawTable<T,A>::insert_in_slot",
            signature: "fn(self: &mut RawTable<(alloc::string::String, i32), alloc::alloc::Global>, hash: u64, slot: InsertSlot, value: (String, i32)) -> Bucket<(alloc::string::String, i32)>",
            address: 4294978520,
            self_type: BorrowedMut,
            parameter_count: 4,
            callable: true,
        },
        DiscoveredMethod {
            name: "reserve",
            full_name: "hashbrown::raw::RawTable<T,A>::reserve",
            signature: "fn(self: &mut RawTable<(alloc::string::String, i32), alloc::alloc::Global>, additional: u64, hasher: {closure_env#0}<alloc::string::String, i32, std::hash::random::RandomState>)",
            address: 4294979612,
            self_type: BorrowedMut,
            parameter_count: 3,
            callable: true,
        },
        DiscoveredMethod {
            name: "reserve_rehash",
            full_name: "hashbrown::raw::RawTable<T,A>::reserve_rehash",
            signature: "fn(self: &mut RawTable<(alloc::string::String, i32), alloc::alloc::Global>, additional: u64, hasher: {closure_env#0}<alloc::string::String, i32, std::hash::random::RandomState>, fallibility: Fallibility) -> Result<(), <alias@0:1ead>>",
            address: 4295257484,
            self_type: BorrowedMut,
            parameter_count: 4,
            callable: true,
        },
    ],
    "RawTable<(alloc::string::String, small::TestStruct0), alloc::alloc::Global>": [
        DiscoveredMethod {
            name: "drop",
            full_name: "<hashbrown::raw::RawTable<T,A> as core::ops::drop::Drop>::drop",
            signature: "fn(self: &mut RawTable<(alloc::string::String, small::TestStruct0), alloc::alloc::Global>)",
            address: 4294969540,
            self_type: BorrowedMut,
            parameter_count: 1,
            callable: true,
        },
    ],
    "RawTableInner": [
        DiscoveredMethod {
            name: "drop_elements",
            full_name: "hashbrown::raw::RawTableInner::drop_elements",
            signature: "fn(self: &mut RawTableInner)",
            address: 4294970128,
            self_type: BorrowedMut,
            parameter_count: 1,
            callable: true,
        },
        DiscoveredMethod {
            name: "drop_elements",
            full_name: "hashbrown::raw::RawTableInner::drop_elements",
            signature: "fn(self: &mut RawTableInner)",
            address: 4294970504,
            self_type: BorrowedMut,
            parameter_count: 1,
            callable: true,
        },
        DiscoveredMethod {
            name: "drop_inner_table",
            full_name: "hashbrown::raw::RawTableInner::drop_inner_table",
            signature: "fn(self: &mut RawTableInner, alloc: &Global, table_layout: TableLayout)",
            address: 4294973104,
            self_type: BorrowedMut,
            parameter_count: 3,
            callable: true,
        },
        DiscoveredMethod {
            name: "drop_inner_table",
            full_name: "hashbrown::raw::RawTableInner::drop_inner_table",
            signature: "fn(self: &mut RawTableInner, alloc: &Global, table_layout: TableLayout)",
            address: 4294973292,
            self_type: BorrowedMut,
            parameter_count: 3,
            callable: true,
        },
        DiscoveredMethod {
            name: "find_insert_slot",
            full_name: "hashbrown::raw::RawTableInner::find_insert_slot",
            signature: "fn(self: &RawTableInner, hash: u64) -> InsertSlot",
            address: 4294973480,
            self_type: Borrowed,
            parameter_count: 2,
            callable: true,
        },
        DiscoveredMethod {
            name: "find_insert_slot_in_group",
            full_name: "hashbrown::raw::RawTableInner::find_insert_slot_in_group",
            signature: "fn(self: &RawTableInner, group: &Group, probe_seq: &ProbeSeq) -> Option<u64>",
            address: 4294975580,
            self_type: Borrowed,
            parameter_count: 3,
            callable: true,
        },
        DiscoveredMethod {
            name: "find_or_find_insert_slot_inner",
            full_name: "hashbrown::raw::RawTableInner::find_or_find_insert_slot_inner",
            signature: "fn(self: &RawTableInner, hash: u64) -> Result<u64, <alias@0:14c0>>",
            address: 4294975928,
            self_type: Borrowed,
            parameter_count: 2,
            callable: true,
        },
        DiscoveredMethod {
            name: "fix_insert_slot",
            full_name: "hashbrown::raw::RawTableInner::fix_insert_slot",
            signature: "fn(self: &RawTableInner, index: u64) -> InsertSlot",
            address: 4294971068,
            self_type: Borrowed,
            parameter_count: 2,
            callable: true,
        },
        DiscoveredMethod {
            name: "prepare_insert_slot",
            full_name: "hashbrown::raw::RawTableInner::prepare_insert_slot",
            signature: "fn(self: &mut RawTableInner, hash: u64) -> (u64, Tag)",
            address: 4294974180,
            self_type: BorrowedMut,
            parameter_count: 2,
            callable: true,
        },
        DiscoveredMethod {
            name: "prepare_rehash_in_place",
            full_name: "hashbrown::raw::RawTableInner::prepare_rehash_in_place",
            signature: "fn(self: &mut RawTableInner)",
            address: 4294974984,
            self_type: BorrowedMut,
            parameter_count: 1,
            callable: true,
        },
        DiscoveredMethod {
            name: "rehash_in_place",
            full_name: "hashbrown::raw::RawTableInner::rehash_in_place",
            signature: "fn(self: &mut RawTableInner, size_of: u64, drop: Option<fn() -> fn(*u8)>)",
            address: 4294971360,
            self_type: BorrowedMut,
            parameter_count: 3,
            callable: true,
        },
    ],
    "RawVec<(alloc::string::String, i32), alloc::alloc::Global>": [
        DiscoveredMethod {
            name: "drop",
            full_name: "<alloc::raw_vec::RawVec<T,A> as core::ops::drop::Drop>::drop",
            signature: "fn(self: &mut RawVec<(alloc::string::String, i32), alloc::alloc::Global>)",
            address: 4295038812,
            self_type: BorrowedMut,
            parameter_count: 1,
            callable: true,
        },
    ],
    "ScopeGuard<&mut hashbrown::raw::RawTableInner, hashbrown::raw::{impl#12}::rehash_in_place::{closure_env#0}>": [
        DiscoveredMethod {
            name: "drop",
            full_name: "<hashbrown::scopeguard::ScopeGuard<T,F> as core::ops::drop::Drop>::drop",
            signature: "fn(self: &mut ScopeGuard<&mut hashbrown::raw::RawTableInner, hashbrown::raw::{impl#12}::rehash_in_place::{closure_env#0}>)",
            address: 4295027316,
            self_type: BorrowedMut,
            parameter_count: 1,
            callable: true,
        },
    ],
    "ScopeGuard<hashbrown::raw::RawTableInner, hashbrown::raw::{impl#12}::prepare_resize::{closure_env#0}<alloc::alloc::Global>>": [
        DiscoveredMethod {
            name: "drop",
            full_name: "<hashbrown::scopeguard::ScopeGuard<T,F> as core::ops::drop::Drop>::drop",
            signature: "fn(self: &mut ScopeGuard<hashbrown::raw::RawTableInner, hashbrown::raw::{impl#12}::prepare_resize::{closure_env#0}<alloc::alloc::Global>>)",
            address: 4295027360,
            self_type: BorrowedMut,
            parameter_count: 1,
            callable: true,
        },
    ],
    "SetLenOnDrop": [
        DiscoveredMethod {
            name: "drop",
            full_name: "<alloc::vec::set_len_on_drop::SetLenOnDrop as core::ops::drop::Drop>::drop",
            signature: "fn(self: &mut SetLenOnDrop)",
            address: 4295027284,
            self_type: BorrowedMut,
            parameter_count: 1,
            callable: true,
        },
    ],
    "Storage<core::cell::Cell<(u64, u64)>, !>": [
        DiscoveredMethod {
            name: "get_or_init",
            full_name: "std::sys::thread_local::native::lazy::Storage<T,D>::get_or_init",
            signature: "fn(self: &Storage<core::cell::Cell<(u64, u64)>, !>, i: Option<&mut Option<Cell<(u64, u64)>>>) -> *Cell<(u64, u64)>",
            address: 4295013224,
            self_type: Borrowed,
            parameter_count: 2,
            callable: true,
        },
        DiscoveredMethod {
            name: "initialize",
            full_name: "std::sys::thread_local::native::lazy::Storage<T,D>::initialize",
            signature: "fn(self: &Storage<core::cell::Cell<(u64, u64)>, !>, i: Option<&mut Option<Cell<(u64, u64)>>>) -> *Cell<(u64, u64)>",
            address: 4295259572,
            self_type: Borrowed,
            parameter_count: 2,
            callable: true,
        },
    ],
    "String": [
        DiscoveredMethod {
            name: "borrow",
            full_name: "<T as core::borrow::Borrow<T>>::borrow",
            signature: "fn(self: &String) -> &String",
            address: 4295024468,
            self_type: Borrowed,
            parameter_count: 1,
            callable: true,
        },
        DiscoveredMethod {
            name: "cmp",
            full_name: "<alloc::string::String as core::cmp::Ord>::cmp",
            signature: "fn(self: &String, other: &String) -> Ordering",
            address: 4295024648,
            self_type: Borrowed,
            parameter_count: 2,
            callable: true,
        },
        DiscoveredMethod {
            name: "eq",
            full_name: "<alloc::string::String as core::cmp::PartialEq>::eq",
            signature: "fn(self: &String, other: &String) -> bool",
            address: 4295027132,
            self_type: Borrowed,
            parameter_count: 2,
            callable: true,
        },
        DiscoveredMethod {
            name: "equivalent",
            full_name: "<Q as hashbrown::Equivalent<K>>::equivalent",
            signature: "fn(self: &String, key: &String) -> bool",
            address: 4295024568,
            self_type: Borrowed,
            parameter_count: 2,
            callable: true,
        },
        DiscoveredMethod {
            name: "hash",
            full_name: "<alloc::string::String as core::hash::Hash>::hash",
            signature: "fn(self: &String, hasher: &mut DefaultHasher)",
            address: 4295024692,
            self_type: Borrowed,
            parameter_count: 2,
            callable: true,
        },
        DiscoveredMethod {
            name: "hash",
            full_name: "core::hash::impls::<impl core::hash::Hash for &T>::hash",
            signature: "fn(self: &&String, state: &mut DefaultHasher)",
            address: 4295020132,
            self_type: Borrowed,
            parameter_count: 2,
            callable: true,
        },
        DiscoveredMethod {
            name: "ne",
            full_name: "core::cmp::PartialEq::ne",
            signature: "fn(self: &String, other: &String) -> bool",
            address: 4295015244,
            self_type: Borrowed,
            parameter_count: 2,
            callable: true,
        },
    ],
    "TableLayout": [
        DiscoveredMethod {
            name: "calculate_layout_for",
            full_name: "hashbrown::raw::TableLayout::calculate_layout_for",
            signature: "fn(self: TableLayout, buckets: u64) -> Option<(Layout, u64)>",
            address: 4294969600,
            self_type: Owned,
            parameter_count: 2,
            callable: true,
        },
    ],
    "TestStruct0": [
        DiscoveredMethod {
            name: "method_0",
            full_name: "small::TestStruct0::method_0",
            signature: "fn(self: &TestStruct0, param: i32) -> i32",
            address: 4295001484,
            self_type: Borrowed,
            parameter_count: 2,
            callable: true,
        },
    ],
    "TestStruct1": [
        DiscoveredMethod {
            name: "method_1",
            full_name: "small::TestStruct1::method_1",
            signature: "fn(self: &TestStruct1, param: i32) -> i32",
            address: 4295001768,
            self_type: Borrowed,
            parameter_count: 2,
            callable: true,
        },
    ],
    "TestStruct2": [
        DiscoveredMethod {
            name: "method_2",
            full_name: "small::TestStruct2::method_2",
            signature: "fn(self: &TestStruct2, param: i32) -> i32",
            address: 4295002052,
            self_type: Borrowed,
            parameter_count: 2,
            callable: true,
        },
    ],
    "TestStruct3": [
        DiscoveredMethod {
            name: "method_3",
            full_name: "small::TestStruct3::method_3",
            signature: "fn(self: &TestStruct3, param: i32) -> i32",
            address: 4295002336,
            self_type: Borrowed,
            parameter_count: 2,
            callable: true,
        },
    ],
    "TestStruct4": [
        DiscoveredMethod {
            name: "method_4",
            full_name: "small::TestStruct4::method_4",
            signature: "fn(self: &TestStruct4, param: i32) -> i32",
            address: 4295002620,
            self_type: Borrowed,
            parameter_count: 2,
            callable: true,
        },
    ],
    "TestStruct5": [
        DiscoveredMethod {
            name: "method_0",
            full_name: "small::TestStruct5::method_0",
            signature: "fn(self: &TestStruct5, param: i32) -> i32",
            address: 4295002904,
            self_type: Borrowed,
            parameter_count: 2,
            callable: true,
        },
    ],
    "TestStruct6": [
        DiscoveredMethod {
            name: "method_1",
            full_name: "small::TestStruct6::method_1",
            signature: "fn(self: &TestStruct6, param: i32) -> i32",
            address: 4295003188,
            self_type: Borrowed,
            parameter_count: 2,
            callable: true,
        },
    ],
    "TestStruct7": [
        DiscoveredMethod {
            name: "method_2",
            full_name: "small::TestStruct7::method_2",
            signature: "fn(self: &TestStruct7, param: i32) -> i32",
            address: 4295003472,
            self_type: Borrowed,
            parameter_count: 2,
            callable: true,
        },
    ],
    "TestStruct8": [
        DiscoveredMethod {
            name: "method_3",
            full_name: "small::TestStruct8::method_3",
            signature: "fn(self: &TestStruct8, param: i32) -> i32",
            address: 4295003756,
            self_type: Borrowed,
            parameter_count: 2,
            callable: true,
        },
    ],
    "TestStruct9": [
        DiscoveredMethod {
            name: "method_4",
            full_name: "small::TestStruct9::method_4",
            signature: "fn(self: &TestStruct9, param: i32) -> i32",
            address: 4295004040,
            self_type: Borrowed,
            parameter_count: 2,
            callable: true,
        },
    ],
    "Vec<(String, i32)>": [
        DiscoveredMethod {
            name: "as_uninit_slice_mut",
            full_name: "alloc::slice::<impl core::slice::sort::stable::BufGuard<T> for alloc::vec::Vec<T>>::as_uninit_slice_mut",
            signature: "fn(self: &mut Vec<(String, i32)>)",
            address: 4294997152,
            self_type: BorrowedMut,
            parameter_count: 1,
            callable: true,
        },
        DiscoveredMethod {
            name: "drop",
            full_name: "<alloc::vec::Vec<T,A> as core::ops::drop::Drop>::drop",
            signature: "fn(self: &mut Vec<(String, i32)>)",
            address: 4294999136,
            self_type: BorrowedMut,
            parameter_count: 1,
            callable: true,
        },
        DiscoveredMethod {
            name: "extend_trusted",
            full_name: "alloc::vec::Vec<T,A>::extend_trusted",
            signature: "fn(self: &mut Vec<(String, i32)>, iterator: IntoIter<(alloc::string::String, i32), 1>)",
            address: 4294995148,
            self_type: BorrowedMut,
            parameter_count: 2,
            callable: true,
        },
        DiscoveredMethod {
            name: "into_iter",
            full_name: "<alloc::vec::Vec<T,A> as core::iter::traits::collect::IntoIterator>::into_iter",
            signature: "fn(self: Vec<(String, i32)>) -> IntoIter<(alloc::string::String, i32), alloc::alloc::Global>",
            address: 4295000680,
            self_type: Owned,
            parameter_count: 1,
            callable: true,
        },
        DiscoveredMethod {
            name: "reserve",
            full_name: "alloc::vec::Vec<T,A>::reserve",
            signature: "fn(self: &mut Vec<(String, i32)>, additional: u64)",
            address: 4294995620,
            self_type: BorrowedMut,
            parameter_count: 2,
            callable: true,
        },
        DiscoveredMethod {
            name: "spec_extend",
            full_name: "<alloc::vec::Vec<T,A> as alloc::vec::spec_extend::SpecExtend<T,I>>::spec_extend",
            signature: "fn(self: &mut Vec<(String, i32)>, iterator: IntoIter<(alloc::string::String, i32), 1>)",
            address: 4295000960,
            self_type: BorrowedMut,
            parameter_count: 2,
            callable: true,
        },
    ],
    "Vec<u8>": [
        DiscoveredMethod {
            name: "cmp",
            full_name: "<alloc::vec::Vec<T,A> as core::cmp::Ord>::cmp",
            signature: "fn(self: &Vec<u8>, other: &Vec<u8>) -> Ordering",
            address: 4294997532,
            self_type: Borrowed,
            parameter_count: 2,
            callable: true,
        },
        DiscoveredMethod {
            name: "eq",
            full_name: "alloc::vec::partial_eq::<impl core::cmp::PartialEq<alloc::vec::Vec<U,A2>> for alloc::vec::Vec<T,A1>>::eq",
            signature: "fn(self: &Vec<u8>, other: &Vec<u8>) -> bool",
            address: 4294994944,
            self_type: Borrowed,
            parameter_count: 2,
            callable: true,
        },
    ],
    "[(String, i32); 1]": [
        DiscoveredMethod {
            name: "into_iter",
            full_name: "core::array::iter::<impl core::iter::traits::collect::IntoIterator for [T; N]>::into_iter",
            signature: "fn(self: [(String, i32); 1]) -> IntoIter<(alloc::string::String, i32), 1>",
            address: 4295020264,
            self_type: Owned,
            parameter_count: 1,
            callable: true,
        },
    ],
    "u64": [
        DiscoveredMethod {
            name: "max",
            full_name: "core::cmp::Ord::max",
            signature: "fn(self: u64, other: u64) -> u64",
            address: 4295029572,
            self_type: Owned,
            parameter_count: 2,
            callable: true,
        },
        DiscoveredMethod {
            name: "min",
            full_name: "core::cmp::Ord::min",
            signature: "fn(self: u64, other: u64) -> u64",
            address: 4295029700,
            self_type: Owned,
            parameter_count: 2,
            callable: true,
        },
    ],
}
