---
source: rudy-db/tests/static_tests.rs
expression: methods
snapshot_kind: text
---
[
    DiscoveredMethod {
        name: "new",
        full_name: "method_discovery::Session::new",
        signature: "fn new",
        address: 31616,
        self_type: None,
        callable: true,
    },
    DiscoveredMethod {
        name: "get_id",
        full_name: "method_discovery::Session::get_id",
        signature: "fn get_id",
        address: 31664,
        self_type: Some(
            Borrowed,
        ),
        callable: true,
    },
    DiscoveredMethod {
        name: "set_name",
        full_name: "method_discovery::Session::set_name",
        signature: "fn set_name",
        address: 31680,
        self_type: Some(
            BorrowedMut,
        ),
        callable: true,
    },
]
