---
source: rudy-db/tests/static_tests.rs
expression: "resolver.find_function_by_name(\"function_call\").unwrap()"
snapshot_kind: text
---
Some(
    ResolvedFunction {
        name: "simple_test::function_call",
        address: "0x7a70",
        size: "0x4b",
        params: [
            Variable {
                name: "x",
                value: None,
                ty: TypeDefinition {
                    layout: Primitive(
                        Int(
                            IntLayout {
                                size: 4,
                            },
                        ),
                    ),
                    location: Die at DebugFile { [salsa id]: Id(c00) } 0x000001bc,
                },
            },
        ],
    },
)
