---
source: rudy-db/tests/static_tests.rs
expression: "resolver.resolve_function(\"function_call\").unwrap()"
snapshot_kind: text
---
Some(
    ResolvedFunction {
        name: "simple_test::function_call",
        address: "0x1000008a0",
        params: [
            Variable {
                name: "x",
                value: None,
                ty: Some(
                    Type {
                        name: "i32",
                    },
                ),
            },
        ],
    },
)
