---
source: tests/mod.rs
expression: parsed
snapshot_kind: text
---
DebugInfo {
    debug_files: [
        DebugFile {
            [salsa id]: Id(800),
            file: File {
                [salsa id]: Id(0),
                path: "/Users/sam/work/tardis/target/x86_64-unknown-linux-gnu/debug-test/simple-test",
                member_file: None,
                mtime: SystemTime {
                    tv_sec: 1748701984,
                    tv_nsec: 242039158,
                },
                size: 3705688,
            },
            relocatable: false,
        },
    ],
    index: Index {
        [salsa id]: Id(2000),
        data: IndexData {
            name_to_file: {
                NameId {
                    path: [],
                    name: "std",
                }: DebugFile {
                    [salsa id]: Id(800),
                    file: File {
                        [salsa id]: Id(0),
                        path: "/Users/sam/work/tardis/target/x86_64-unknown-linux-gnu/debug-test/simple-test",
                        member_file: None,
                        mtime: SystemTime {
                            tv_sec: 1748701984,
                            tv_nsec: 242039158,
                        },
                        size: 3705688,
                    },
                    relocatable: false,
                },
                NameId {
                    path: [
                        "std",
                    ],
                    name: "rt",
                }: DebugFile {
                    [salsa id]: Id(800),
                    file: File {
                        [salsa id]: Id(0),
                        path: "/Users/sam/work/tardis/target/x86_64-unknown-linux-gnu/debug-test/simple-test",
                        member_file: None,
                        mtime: SystemTime {
                            tv_sec: 1748701984,
                            tv_nsec: 242039158,
                        },
                        size: 3705688,
                    },
                    relocatable: false,
                },
                NameId {
                    path: [
                        "std",
                        "rt",
                    ],
                    name: "lang_start",
                }: DebugFile {
                    [salsa id]: Id(800),
                    file: File {
                        [salsa id]: Id(0),
                        path: "/Users/sam/work/tardis/target/x86_64-unknown-linux-gnu/debug-test/simple-test",
                        member_file: None,
                        mtime: SystemTime {
                            tv_sec: 1748701984,
                            tv_nsec: 242039158,
                        },
                        size: 3705688,
                    },
                    relocatable: false,
                },
                NameId {
                    path: [
                        "std",
                        "rt",
                        "lang_start",
                    ],
                    name: "core",
                }: DebugFile {
                    [salsa id]: Id(800),
                    file: File {
                        [salsa id]: Id(0),
                        path: "/Users/sam/work/tardis/target/x86_64-unknown-linux-gnu/debug-test/simple-test",
                        member_file: None,
                        mtime: SystemTime {
                            tv_sec: 1748701984,
                            tv_nsec: 242039158,
                        },
                        size: 3705688,
                    },
                    relocatable: false,
                },
                NameId {
                    path: [
                        "std",
                        "rt",
                        "lang_start",
                        "core",
                    ],
                    name: "hint",
                }: DebugFile {
                    [salsa id]: Id(800),
                    file: File {
                        [salsa id]: Id(0),
                        path: "/Users/sam/work/tardis/target/x86_64-unknown-linux-gnu/debug-test/simple-test",
                        member_file: None,
                        mtime: SystemTime {
                            tv_sec: 1748701984,
                            tv_nsec: 242039158,
                        },
                        size: 3705688,
                    },
                    relocatable: false,
                },
                NameId {
                    path: [
                        "std",
                        "rt",
                        "lang_start",
                        "core",
                        "hint",
                    ],
                    name: "core",
                }: DebugFile {
                    [salsa id]: Id(800),
                    file: File {
                        [salsa id]: Id(0),
                        path: "/Users/sam/work/tardis/target/x86_64-unknown-linux-gnu/debug-test/simple-test",
                        member_file: None,
                        mtime: SystemTime {
                            tv_sec: 1748701984,
                            tv_nsec: 242039158,
                        },
                        size: 3705688,
                    },
                    relocatable: false,
                },
                NameId {
                    path: [
                        "std",
                        "rt",
                        "lang_start",
                        "core",
                        "hint",
                        "core",
                    ],
                    name: "alloc",
                }: DebugFile {
                    [salsa id]: Id(800),
                    file: File {
                        [salsa id]: Id(0),
                        path: "/Users/sam/work/tardis/target/x86_64-unknown-linux-gnu/debug-test/simple-test",
                        member_file: None,
                        mtime: SystemTime {
                            tv_sec: 1748701984,
                            tv_nsec: 242039158,
                        },
                        size: 3705688,
                    },
                    relocatable: false,
                },
                NameId {
                    path: [
                        "std",
                        "rt",
                        "lang_start",
                        "core",
                        "hint",
                        "core",
                        "alloc",
                    ],
                    name: "layout",
                }: DebugFile {
                    [salsa id]: Id(800),
                    file: File {
                        [salsa id]: Id(0),
                        path: "/Users/sam/work/tardis/target/x86_64-unknown-linux-gnu/debug-test/simple-test",
                        member_file: None,
                        mtime: SystemTime {
                            tv_sec: 1748701984,
                            tv_nsec: 242039158,
                        },
                        size: 3705688,
                    },
                    relocatable: false,
                },
                NameId {
                    path: [
                        "std",
                        "rt",
                        "lang_start",
                        "core",
                        "hint",
                        "core",
                        "alloc",
                        "layout",
                    ],
                    name: "{impl#0}",
                }: DebugFile {
                    [salsa id]: Id(800),
                    file: File {
                        [salsa id]: Id(0),
                        path: "/Users/sam/work/tardis/target/x86_64-unknown-linux-gnu/debug-test/simple-test",
                        member_file: None,
                        mtime: SystemTime {
                            tv_sec: 1748701984,
                            tv_nsec: 242039158,
                        },
                        size: 3705688,
                    },
                    relocatable: false,
                },
                NameId {
                    path: [
                        "std",
                        "rt",
                        "lang_start",
                        "core",
                        "hint",
                        "core",
                        "alloc",
                        "layout",
                        "{impl#0}",
                    ],
                    name: "from_size_align_unchecked",
                }: DebugFile {
                    [salsa id]: Id(800),
                    file: File {
                        [salsa id]: Id(0),
                        path: "/Users/sam/work/tardis/target/x86_64-unknown-linux-gnu/debug-test/simple-test",
                        member_file: None,
                        mtime: SystemTime {
                            tv_sec: 1748701984,
                            tv_nsec: 242039158,
                        },
                        size: 3705688,
                    },
                    relocatable: false,
                },
                NameId {
                    path: [
                        "std",
                        "rt",
                        "lang_start",
                        "core",
                        "hint",
                        "core",
                        "alloc",
                        "layout",
                        "{impl#0}",
                        "from_size_align_unchecked",
                    ],
                    name: "std",
                }: DebugFile {
                    [salsa id]: Id(800),
                    file: File {
                        [salsa id]: Id(0),
                        path: "/Users/sam/work/tardis/target/x86_64-unknown-linux-gnu/debug-test/simple-test",
                        member_file: None,
                        mtime: SystemTime {
                            tv_sec: 1748701984,
                            tv_nsec: 242039158,
                        },
                        size: 3705688,
                    },
                    relocatable: false,
                },
                NameId {
                    path: [
                        "std",
                        "rt",
                        "lang_start",
                        "core",
                        "hint",
                        "core",
                        "alloc",
                        "layout",
                        "{impl#0}",
                        "from_size_align_unchecked",
                        "std",
                    ],
                    name: "process",
                }: DebugFile {
                    [salsa id]: Id(800),
                    file: File {
                        [salsa id]: Id(0),
                        path: "/Users/sam/work/tardis/target/x86_64-unknown-linux-gnu/debug-test/simple-test",
                        member_file: None,
                        mtime: SystemTime {
                            tv_sec: 1748701984,
                            tv_nsec: 242039158,
                        },
                        size: 3705688,
                    },
                    relocatable: false,
                },
                NameId {
                    path: [
                        "std",
                        "rt",
                        "lang_start",
                        "core",
                        "hint",
                        "core",
                        "alloc",
                        "layout",
                        "{impl#0}",
                        "from_size_align_unchecked",
                        "std",
                        "process",
                    ],
                    name: "{impl#59}",
                }: DebugFile {
                    [salsa id]: Id(800),
                    file: File {
                        [salsa id]: Id(0),
                        path: "/Users/sam/work/tardis/target/x86_64-unknown-linux-gnu/debug-test/simple-test",
                        member_file: None,
                        mtime: SystemTime {
                            tv_sec: 1748701984,
                            tv_nsec: 242039158,
                        },
                        size: 3705688,
                    },
                    relocatable: false,
                },
                NameId {
                    path: [
                        "std",
                        "rt",
                        "lang_start",
                        "core",
                        "hint",
                        "core",
                        "alloc",
                        "layout",
                        "{impl#0}",
                        "from_size_align_unchecked",
                        "std",
                        "process",
                        "{impl#59}",
                    ],
                    name: "core",
                }: DebugFile {
                    [salsa id]: Id(800),
                    file: File {
                        [salsa id]: Id(0),
                        path: "/Users/sam/work/tardis/target/x86_64-unknown-linux-gnu/debug-test/simple-test",
                        member_file: None,
                        mtime: SystemTime {
                            tv_sec: 1748701984,
                            tv_nsec: 242039158,
                        },
                        size: 3705688,
                    },
                    relocatable: false,
                },
                NameId {
                    path: [
                        "std",
                        "rt",
                        "lang_start",
                        "core",
                        "hint",
                        "core",
                        "alloc",
                        "layout",
                        "{impl#0}",
                        "from_size_align_unchecked",
                        "std",
                        "process",
                        "{impl#59}",
                        "core",
                    ],
                    name: "fmt",
                }: DebugFile {
                    [salsa id]: Id(800),
                    file: File {
                        [salsa id]: Id(0),
                        path: "/Users/sam/work/tardis/target/x86_64-unknown-linux-gnu/debug-test/simple-test",
                        member_file: None,
                        mtime: SystemTime {
                            tv_sec: 1748701984,
                            tv_nsec: 242039158,
                        },
                        size: 3705688,
                    },
                    relocatable: false,
                },
                NameId {
                    path: [
                        "std",
                        "rt",
                        "lang_start",
                        "core",
                        "hint",
                        "core",
                        "alloc",
                        "layout",
                        "{impl#0}",
                        "from_size_align_unchecked",
                        "std",
                        "process",
                        "{impl#59}",
                        "core",
                        "fmt",
                    ],
                    name: "rt",
                }: DebugFile {
                    [salsa id]: Id(800),
                    file: File {
                        [salsa id]: Id(0),
                        path: "/Users/sam/work/tardis/target/x86_64-unknown-linux-gnu/debug-test/simple-test",
                        member_file: None,
                        mtime: SystemTime {
                            tv_sec: 1748701984,
                            tv_nsec: 242039158,
                        },
                        size: 3705688,
                    },
                    relocatable: false,
                },
                NameId {
                    path: [
                        "std",
                        "rt",
                        "lang_start",
                        "core",
                        "hint",
                        "core",
                        "alloc",
                        "layout",
                        "{impl#0}",
                        "from_size_align_unchecked",
                        "std",
                        "process",
                        "{impl#59}",
                        "core",
                        "fmt",
                        "rt",
                    ],
                    name: "core",
                }: DebugFile {
                    [salsa id]: Id(800),
                    file: File {
                        [salsa id]: Id(0),
                        path: "/Users/sam/work/tardis/target/x86_64-unknown-linux-gnu/debug-test/simple-test",
                        member_file: None,
                        mtime: SystemTime {
                            tv_sec: 1748701984,
                            tv_nsec: 242039158,
                        },
                        size: 3705688,
                    },
                    relocatable: false,
                },
                NameId {
                    path: [
                        "std",
                        "rt",
                        "lang_start",
                        "core",
                        "hint",
                        "core",
                        "alloc",
                        "layout",
                        "{impl#0}",
                        "from_size_align_unchecked",
                        "std",
                        "process",
                        "{impl#59}",
                        "core",
                        "fmt",
                        "rt",
                        "core",
                    ],
                    name: "ptr",
                }: DebugFile {
                    [salsa id]: Id(800),
                    file: File {
                        [salsa id]: Id(0),
                        path: "/Users/sam/work/tardis/target/x86_64-unknown-linux-gnu/debug-test/simple-test",
                        member_file: None,
                        mtime: SystemTime {
                            tv_sec: 1748701984,
                            tv_nsec: 242039158,
                        },
                        size: 3705688,
                    },
                    relocatable: false,
                },
                NameId {
                    path: [
                        "std",
                        "rt",
                        "lang_start",
                        "core",
                        "hint",
                        "core",
                        "alloc",
                        "layout",
                        "{impl#0}",
                        "from_size_align_unchecked",
                        "std",
                        "process",
                        "{impl#59}",
                        "core",
                        "fmt",
                        "rt",
                        "core",
                        "ptr",
                    ],
                    name: "alignment",
                }: DebugFile {
                    [salsa id]: Id(800),
                    file: File {
                        [salsa id]: Id(0),
                        path: "/Users/sam/work/tardis/target/x86_64-unknown-linux-gnu/debug-test/simple-test",
                        member_file: None,
                        mtime: SystemTime {
                            tv_sec: 1748701984,
                            tv_nsec: 242039158,
                        },
                        size: 3705688,
                    },
                    relocatable: false,
                },
                NameId {
                    path: [
                        "std",
                        "rt",
                        "lang_start",
                        "core",
                        "hint",
                        "core",
                        "alloc",
                        "layout",
                        "{impl#0}",
                        "from_size_align_unchecked",
                        "std",
                        "process",
                        "{impl#59}",
                        "core",
                        "fmt",
                        "rt",
                        "core",
                        "ptr",
                        "alignment",
                    ],
                    name: "simple_test",
                }: DebugFile {
                    [salsa id]: Id(800),
                    file: File {
                        [salsa id]: Id(0),
                        path: "/Users/sam/work/tardis/target/x86_64-unknown-linux-gnu/debug-test/simple-test",
                        member_file: None,
                        mtime: SystemTime {
                            tv_sec: 1748701984,
                            tv_nsec: 242039158,
                        },
                        size: 3705688,
                    },
                    relocatable: false,
                },
                NameId {
                    path: [
                        "std",
                        "rt",
                        "lang_start",
                        "core",
                        "hint",
                        "core",
                        "alloc",
                        "layout",
                        "{impl#0}",
                        "from_size_align_unchecked",
                        "std",
                        "process",
                        "{impl#59}",
                        "core",
                        "fmt",
                        "rt",
                        "core",
                        "ptr",
                        "alignment",
                        "simple_test",
                    ],
                    name: "core",
                }: DebugFile {
                    [salsa id]: Id(800),
                    file: File {
                        [salsa id]: Id(0),
                        path: "/Users/sam/work/tardis/target/x86_64-unknown-linux-gnu/debug-test/simple-test",
                        member_file: None,
                        mtime: SystemTime {
                            tv_sec: 1748701984,
                            tv_nsec: 242039158,
                        },
                        size: 3705688,
                    },
                    relocatable: false,
                },
                NameId {
                    path: [
                        "std",
                        "rt",
                        "lang_start",
                        "core",
                        "hint",
                        "core",
                        "alloc",
                        "layout",
                        "{impl#0}",
                        "from_size_align_unchecked",
                        "std",
                        "process",
                        "{impl#59}",
                        "core",
                        "fmt",
                        "rt",
                        "core",
                        "ptr",
                        "alignment",
                        "simple_test",
                        "core",
                    ],
                    name: "fmt",
                }: DebugFile {
                    [salsa id]: Id(800),
                    file: File {
                        [salsa id]: Id(0),
                        path: "/Users/sam/work/tardis/target/x86_64-unknown-linux-gnu/debug-test/simple-test",
                        member_file: None,
                        mtime: SystemTime {
                            tv_sec: 1748701984,
                            tv_nsec: 242039158,
                        },
                        size: 3705688,
                    },
                    relocatable: false,
                },
                NameId {
                    path: [
                        "std",
                        "rt",
                        "lang_start",
                        "core",
                        "hint",
                        "core",
                        "alloc",
                        "layout",
                        "{impl#0}",
                        "from_size_align_unchecked",
                        "std",
                        "process",
                        "{impl#59}",
                        "core",
                        "fmt",
                        "rt",
                        "core",
                        "ptr",
                        "alignment",
                        "simple_test",
                        "core",
                        "fmt",
                    ],
                    name: "rt",
                }: DebugFile {
                    [salsa id]: Id(800),
                    file: File {
                        [salsa id]: Id(0),
                        path: "/Users/sam/work/tardis/target/x86_64-unknown-linux-gnu/debug-test/simple-test",
                        member_file: None,
                        mtime: SystemTime {
                            tv_sec: 1748701984,
                            tv_nsec: 242039158,
                        },
                        size: 3705688,
                    },
                    relocatable: false,
                },
                NameId {
                    path: [
                        "std",
                        "rt",
                        "lang_start",
                        "core",
                        "hint",
                        "core",
                        "alloc",
                        "layout",
                        "{impl#0}",
                        "from_size_align_unchecked",
                        "std",
                        "process",
                        "{impl#59}",
                        "core",
                        "fmt",
                        "rt",
                        "core",
                        "ptr",
                        "alignment",
                        "simple_test",
                        "core",
                        "fmt",
                        "rt",
                    ],
                    name: "alloc",
                }: DebugFile {
                    [salsa id]: Id(800),
                    file: File {
                        [salsa id]: Id(0),
                        path: "/Users/sam/work/tardis/target/x86_64-unknown-linux-gnu/debug-test/simple-test",
                        member_file: None,
                        mtime: SystemTime {
                            tv_sec: 1748701984,
                            tv_nsec: 242039158,
                        },
                        size: 3705688,
                    },
                    relocatable: false,
                },
                NameId {
                    path: [
                        "std",
                        "rt",
                        "lang_start",
                        "core",
                        "hint",
                        "core",
                        "alloc",
                        "layout",
                        "{impl#0}",
                        "from_size_align_unchecked",
                        "std",
                        "process",
                        "{impl#59}",
                        "core",
                        "fmt",
                        "rt",
                        "core",
                        "ptr",
                        "alignment",
                        "simple_test",
                        "core",
                        "fmt",
                        "rt",
                        "alloc",
                    ],
                    name: "collections",
                }: DebugFile {
                    [salsa id]: Id(800),
                    file: File {
                        [salsa id]: Id(0),
                        path: "/Users/sam/work/tardis/target/x86_64-unknown-linux-gnu/debug-test/simple-test",
                        member_file: None,
                        mtime: SystemTime {
                            tv_sec: 1748701984,
                            tv_nsec: 242039158,
                        },
                        size: 3705688,
                    },
                    relocatable: false,
                },
                NameId {
                    path: [
                        "std",
                        "rt",
                        "lang_start",
                        "core",
                        "hint",
                        "core",
                        "alloc",
                        "layout",
                        "{impl#0}",
                        "from_size_align_unchecked",
                        "std",
                        "process",
                        "{impl#59}",
                        "core",
                        "fmt",
                        "rt",
                        "core",
                        "ptr",
                        "alignment",
                        "simple_test",
                        "core",
                        "fmt",
                        "rt",
                        "alloc",
                        "collections",
                    ],
                    name: "btree",
                }: DebugFile {
                    [salsa id]: Id(800),
                    file: File {
                        [salsa id]: Id(0),
                        path: "/Users/sam/work/tardis/target/x86_64-unknown-linux-gnu/debug-test/simple-test",
                        member_file: None,
                        mtime: SystemTime {
                            tv_sec: 1748701984,
                            tv_nsec: 242039158,
                        },
                        size: 3705688,
                    },
                    relocatable: false,
                },
                NameId {
                    path: [
                        "std",
                        "rt",
                        "lang_start",
                        "core",
                        "hint",
                        "core",
                        "alloc",
                        "layout",
                        "{impl#0}",
                        "from_size_align_unchecked",
                        "std",
                        "process",
                        "{impl#59}",
                        "core",
                        "fmt",
                        "rt",
                        "core",
                        "ptr",
                        "alignment",
                        "simple_test",
                        "core",
                        "fmt",
                        "rt",
                        "alloc",
                        "collections",
                        "btree",
                    ],
                    name: "navigate",
                }: DebugFile {
                    [salsa id]: Id(800),
                    file: File {
                        [salsa id]: Id(0),
                        path: "/Users/sam/work/tardis/target/x86_64-unknown-linux-gnu/debug-test/simple-test",
                        member_file: None,
                        mtime: SystemTime {
                            tv_sec: 1748701984,
                            tv_nsec: 242039158,
                        },
                        size: 3705688,
                    },
                    relocatable: false,
                },
                NameId {
                    path: [
                        "std",
                        "rt",
                        "lang_start",
                        "core",
                        "hint",
                        "core",
                        "alloc",
                        "layout",
                        "{impl#0}",
                        "from_size_align_unchecked",
                        "std",
                        "process",
                        "{impl#59}",
                        "core",
                        "fmt",
                        "rt",
                        "core",
                        "ptr",
                        "alignment",
                        "simple_test",
                        "core",
                        "fmt",
                        "rt",
                        "alloc",
                        "collections",
                        "btree",
                        "navigate",
                    ],
                    name: "LazyLeafRange",
                }: DebugFile {
                    [salsa id]: Id(800),
                    file: File {
                        [salsa id]: Id(0),
                        path: "/Users/sam/work/tardis/target/x86_64-unknown-linux-gnu/debug-test/simple-test",
                        member_file: None,
                        mtime: SystemTime {
                            tv_sec: 1748701984,
                            tv_nsec: 242039158,
                        },
                        size: 3705688,
                    },
                    relocatable: false,
                },
                NameId {
                    path: [
                        "std",
                        "rt",
                        "lang_start",
                        "core",
                        "hint",
                        "core",
                        "alloc",
                        "layout",
                        "{impl#0}",
                        "from_size_align_unchecked",
                        "std",
                        "process",
                        "{impl#59}",
                        "core",
                        "fmt",
                        "rt",
                        "core",
                        "ptr",
                        "alignment",
                        "simple_test",
                        "core",
                        "fmt",
                        "rt",
                        "alloc",
                        "collections",
                        "btree",
                        "navigate",
                        "LazyLeafRange",
                    ],
                    name: "panic_abort",
                }: DebugFile {
                    [salsa id]: Id(800),
                    file: File {
                        [salsa id]: Id(0),
                        path: "/Users/sam/work/tardis/target/x86_64-unknown-linux-gnu/debug-test/simple-test",
                        member_file: None,
                        mtime: SystemTime {
                            tv_sec: 1748701984,
                            tv_nsec: 242039158,
                        },
                        size: 3705688,
                    },
                    relocatable: false,
                },
                NameId {
                    path: [
                        "std",
                        "rt",
                        "lang_start",
                        "core",
                        "hint",
                        "core",
                        "alloc",
                        "layout",
                        "{impl#0}",
                        "from_size_align_unchecked",
                        "std",
                        "process",
                        "{impl#59}",
                        "core",
                        "fmt",
                        "rt",
                        "core",
                        "ptr",
                        "alignment",
                        "simple_test",
                        "core",
                        "fmt",
                        "rt",
                        "alloc",
                        "collections",
                        "btree",
                        "navigate",
                        "LazyLeafRange",
                        "panic_abort",
                    ],
                    name: "__rust_start_panic",
                }: DebugFile {
                    [salsa id]: Id(800),
                    file: File {
                        [salsa id]: Id(0),
                        path: "/Users/sam/work/tardis/target/x86_64-unknown-linux-gnu/debug-test/simple-test",
                        member_file: None,
                        mtime: SystemTime {
                            tv_sec: 1748701984,
                            tv_nsec: 242039158,
                        },
                        size: 3705688,
                    },
                    relocatable: false,
                },
                NameId {
                    path: [
                        "std",
                        "rt",
                        "lang_start",
                        "core",
                        "hint",
                        "core",
                        "alloc",
                        "layout",
                        "{impl#0}",
                        "from_size_align_unchecked",
                        "std",
                        "process",
                        "{impl#59}",
                        "core",
                        "fmt",
                        "rt",
                        "core",
                        "ptr",
                        "alignment",
                        "simple_test",
                        "core",
                        "fmt",
                        "rt",
                        "alloc",
                        "collections",
                        "btree",
                        "navigate",
                        "LazyLeafRange",
                        "panic_abort",
                        "__rust_start_panic",
                    ],
                    name: "core",
                }: DebugFile {
                    [salsa id]: Id(800),
                    file: File {
                        [salsa id]: Id(0),
                        path: "/Users/sam/work/tardis/target/x86_64-unknown-linux-gnu/debug-test/simple-test",
                        member_file: None,
                        mtime: SystemTime {
                            tv_sec: 1748701984,
                            tv_nsec: 242039158,
                        },
                        size: 3705688,
                    },
                    relocatable: false,
                },
                NameId {
                    path: [
                        "std",
                        "rt",
                        "lang_start",
                        "core",
                        "hint",
                        "core",
                        "alloc",
                        "layout",
                        "{impl#0}",
                        "from_size_align_unchecked",
                        "std",
                        "process",
                        "{impl#59}",
                        "core",
                        "fmt",
                        "rt",
                        "core",
                        "ptr",
                        "alignment",
                        "simple_test",
                        "core",
                        "fmt",
                        "rt",
                        "alloc",
                        "collections",
                        "btree",
                        "navigate",
                        "LazyLeafRange",
                        "panic_abort",
                        "__rust_start_panic",
                        "core",
                    ],
                    name: "fmt",
                }: DebugFile {
                    [salsa id]: Id(800),
                    file: File {
                        [salsa id]: Id(0),
                        path: "/Users/sam/work/tardis/target/x86_64-unknown-linux-gnu/debug-test/simple-test",
                        member_file: None,
                        mtime: SystemTime {
                            tv_sec: 1748701984,
                            tv_nsec: 242039158,
                        },
                        size: 3705688,
                    },
                    relocatable: false,
                },
                NameId {
                    path: [
                        "std",
                        "rt",
                        "lang_start",
                        "core",
                        "hint",
                        "core",
                        "alloc",
                        "layout",
                        "{impl#0}",
                        "from_size_align_unchecked",
                        "std",
                        "process",
                        "{impl#59}",
                        "core",
                        "fmt",
                        "rt",
                        "core",
                        "ptr",
                        "alignment",
                        "simple_test",
                        "core",
                        "fmt",
                        "rt",
                        "alloc",
                        "collections",
                        "btree",
                        "navigate",
                        "LazyLeafRange",
                        "panic_abort",
                        "__rust_start_panic",
                        "core",
                        "fmt",
                    ],
                    name: "{impl#73}",
                }: DebugFile {
                    [salsa id]: Id(800),
                    file: File {
                        [salsa id]: Id(0),
                        path: "/Users/sam/work/tardis/target/x86_64-unknown-linux-gnu/debug-test/simple-test",
                        member_file: None,
                        mtime: SystemTime {
                            tv_sec: 1748701984,
                            tv_nsec: 242039158,
                        },
                        size: 3705688,
                    },
                    relocatable: false,
                },
                NameId {
                    path: [
                        "std",
                        "rt",
                        "lang_start",
                        "core",
                        "hint",
                        "core",
                        "alloc",
                        "layout",
                        "{impl#0}",
                        "from_size_align_unchecked",
                        "std",
                        "process",
                        "{impl#59}",
                        "core",
                        "fmt",
                        "rt",
                        "core",
                        "ptr",
                        "alignment",
                        "simple_test",
                        "core",
                        "fmt",
                        "rt",
                        "alloc",
                        "collections",
                        "btree",
                        "navigate",
                        "LazyLeafRange",
                        "panic_abort",
                        "__rust_start_panic",
                        "core",
                        "fmt",
                        "{impl#73}",
                    ],
                    name: "core",
                }: DebugFile {
                    [salsa id]: Id(800),
                    file: File {
                        [salsa id]: Id(0),
                        path: "/Users/sam/work/tardis/target/x86_64-unknown-linux-gnu/debug-test/simple-test",
                        member_file: None,
                        mtime: SystemTime {
                            tv_sec: 1748701984,
                            tv_nsec: 242039158,
                        },
                        size: 3705688,
                    },
                    relocatable: false,
                },
                NameId {
                    path: [
                        "std",
                        "rt",
                        "lang_start",
                        "core",
                        "hint",
                        "core",
                        "alloc",
                        "layout",
                        "{impl#0}",
                        "from_size_align_unchecked",
                        "std",
                        "process",
                        "{impl#59}",
                        "core",
                        "fmt",
                        "rt",
                        "core",
                        "ptr",
                        "alignment",
                        "simple_test",
                        "core",
                        "fmt",
                        "rt",
                        "alloc",
                        "collections",
                        "btree",
                        "navigate",
                        "LazyLeafRange",
                        "panic_abort",
                        "__rust_start_panic",
                        "core",
                        "fmt",
                        "{impl#73}",
                        "core",
                    ],
                    name: "fmt",
                }: DebugFile {
                    [salsa id]: Id(800),
                    file: File {
                        [salsa id]: Id(0),
                        path: "/Users/sam/work/tardis/target/x86_64-unknown-linux-gnu/debug-test/simple-test",
                        member_file: None,
                        mtime: SystemTime {
                            tv_sec: 1748701984,
                            tv_nsec: 242039158,
                        },
                        size: 3705688,
                    },
                    relocatable: false,
                },
                NameId {
                    path: [
                        "std",
                        "rt",
                        "lang_start",
                        "core",
                        "hint",
                        "core",
                        "alloc",
                        "layout",
                        "{impl#0}",
                        "from_size_align_unchecked",
                        "std",
                        "process",
                        "{impl#59}",
                        "core",
                        "fmt",
                        "rt",
                        "core",
                        "ptr",
                        "alignment",
                        "simple_test",
                        "core",
                        "fmt",
                        "rt",
                        "alloc",
                        "collections",
                        "btree",
                        "navigate",
                        "LazyLeafRange",
                        "panic_abort",
                        "__rust_start_panic",
                        "core",
                        "fmt",
                        "{impl#73}",
                        "core",
                        "fmt",
                    ],
                    name: "{impl#73}",
                }: DebugFile {
                    [salsa id]: Id(800),
                    file: File {
                        [salsa id]: Id(0),
                        path: "/Users/sam/work/tardis/target/x86_64-unknown-linux-gnu/debug-test/simple-test",
                        member_file: None,
                        mtime: SystemTime {
                            tv_sec: 1748701984,
                            tv_nsec: 242039158,
                        },
                        size: 3705688,
                    },
                    relocatable: false,
                },
                NameId {
                    path: [
                        "std",
                        "rt",
                        "lang_start",
                        "core",
                        "hint",
                        "core",
                        "alloc",
                        "layout",
                        "{impl#0}",
                        "from_size_align_unchecked",
                        "std",
                        "process",
                        "{impl#59}",
                        "core",
                        "fmt",
                        "rt",
                        "core",
                        "ptr",
                        "alignment",
                        "simple_test",
                        "core",
                        "fmt",
                        "rt",
                        "alloc",
                        "collections",
                        "btree",
                        "navigate",
                        "LazyLeafRange",
                        "panic_abort",
                        "__rust_start_panic",
                        "core",
                        "fmt",
                        "{impl#73}",
                        "core",
                        "fmt",
                        "{impl#73}",
                    ],
                    name: "core",
                }: DebugFile {
                    [salsa id]: Id(800),
                    file: File {
                        [salsa id]: Id(0),
                        path: "/Users/sam/work/tardis/target/x86_64-unknown-linux-gnu/debug-test/simple-test",
                        member_file: None,
                        mtime: SystemTime {
                            tv_sec: 1748701984,
                            tv_nsec: 242039158,
                        },
                        size: 3705688,
                    },
                    relocatable: false,
                },
                NameId {
                    path: [
                        "std",
                        "rt",
                        "lang_start",
                        "core",
                        "hint",
                        "core",
                        "alloc",
                        "layout",
                        "{impl#0}",
                        "from_size_align_unchecked",
                        "std",
                        "process",
                        "{impl#59}",
                        "core",
                        "fmt",
                        "rt",
                        "core",
                        "ptr",
                        "alignment",
                        "simple_test",
                        "core",
                        "fmt",
                        "rt",
                        "alloc",
                        "collections",
                        "btree",
                        "navigate",
                        "LazyLeafRange",
                        "panic_abort",
                        "__rust_start_panic",
                        "core",
                        "fmt",
                        "{impl#73}",
                        "core",
                        "fmt",
                        "{impl#73}",
                        "core",
                    ],
                    name: "num",
                }: DebugFile {
                    [salsa id]: Id(800),
                    file: File {
                        [salsa id]: Id(0),
                        path: "/Users/sam/work/tardis/target/x86_64-unknown-linux-gnu/debug-test/simple-test",
                        member_file: None,
                        mtime: SystemTime {
                            tv_sec: 1748701984,
                            tv_nsec: 242039158,
                        },
                        size: 3705688,
                    },
                    relocatable: false,
                },
                NameId {
                    path: [
                        "std",
                        "rt",
                        "lang_start",
                        "core",
                        "hint",
                        "core",
                        "alloc",
                        "layout",
                        "{impl#0}",
                        "from_size_align_unchecked",
                        "std",
                        "process",
                        "{impl#59}",
                        "core",
                        "fmt",
                        "rt",
                        "core",
                        "ptr",
                        "alignment",
                        "simple_test",
                        "core",
                        "fmt",
                        "rt",
                        "alloc",
                        "collections",
                        "btree",
                        "navigate",
                        "LazyLeafRange",
                        "panic_abort",
                        "__rust_start_panic",
                        "core",
                        "fmt",
                        "{impl#73}",
                        "core",
                        "fmt",
                        "{impl#73}",
                        "core",
                        "num",
                    ],
                    name: "dec2flt",
                }: DebugFile {
                    [salsa id]: Id(800),
                    file: File {
                        [salsa id]: Id(0),
                        path: "/Users/sam/work/tardis/target/x86_64-unknown-linux-gnu/debug-test/simple-test",
                        member_file: None,
                        mtime: SystemTime {
                            tv_sec: 1748701984,
                            tv_nsec: 242039158,
                        },
                        size: 3705688,
                    },
                    relocatable: false,
                },
                NameId {
                    path: [
                        "std",
                        "rt",
                        "lang_start",
                        "core",
                        "hint",
                        "core",
                        "alloc",
                        "layout",
                        "{impl#0}",
                        "from_size_align_unchecked",
                        "std",
                        "process",
                        "{impl#59}",
                        "core",
                        "fmt",
                        "rt",
                        "core",
                        "ptr",
                        "alignment",
                        "simple_test",
                        "core",
                        "fmt",
                        "rt",
                        "alloc",
                        "collections",
                        "btree",
                        "navigate",
                        "LazyLeafRange",
                        "panic_abort",
                        "__rust_start_panic",
                        "core",
                        "fmt",
                        "{impl#73}",
                        "core",
                        "fmt",
                        "{impl#73}",
                        "core",
                        "num",
                        "dec2flt",
                    ],
                    name: "decimal_seq",
                }: DebugFile {
                    [salsa id]: Id(800),
                    file: File {
                        [salsa id]: Id(0),
                        path: "/Users/sam/work/tardis/target/x86_64-unknown-linux-gnu/debug-test/simple-test",
                        member_file: None,
                        mtime: SystemTime {
                            tv_sec: 1748701984,
                            tv_nsec: 242039158,
                        },
                        size: 3705688,
                    },
                    relocatable: false,
                },
                NameId {
                    path: [
                        "std",
                        "rt",
                        "lang_start",
                        "core",
                        "hint",
                        "core",
                        "alloc",
                        "layout",
                        "{impl#0}",
                        "from_size_align_unchecked",
                        "std",
                        "process",
                        "{impl#59}",
                        "core",
                        "fmt",
                        "rt",
                        "core",
                        "ptr",
                        "alignment",
                        "simple_test",
                        "core",
                        "fmt",
                        "rt",
                        "alloc",
                        "collections",
                        "btree",
                        "navigate",
                        "LazyLeafRange",
                        "panic_abort",
                        "__rust_start_panic",
                        "core",
                        "fmt",
                        "{impl#73}",
                        "core",
                        "fmt",
                        "{impl#73}",
                        "core",
                        "num",
                        "dec2flt",
                        "decimal_seq",
                    ],
                    name: "DecimalSeq",
                }: DebugFile {
                    [salsa id]: Id(800),
                    file: File {
                        [salsa id]: Id(0),
                        path: "/Users/sam/work/tardis/target/x86_64-unknown-linux-gnu/debug-test/simple-test",
                        member_file: None,
                        mtime: SystemTime {
                            tv_sec: 1748701984,
                            tv_nsec: 242039158,
                        },
                        size: 3705688,
                    },
                    relocatable: false,
                },
                NameId {
                    path: [
                        "std",
                        "rt",
                        "lang_start",
                        "core",
                        "hint",
                        "core",
                        "alloc",
                        "layout",
                        "{impl#0}",
                        "from_size_align_unchecked",
                        "std",
                        "process",
                        "{impl#59}",
                        "core",
                        "fmt",
                        "rt",
                        "core",
                        "ptr",
                        "alignment",
                        "simple_test",
                        "core",
                        "fmt",
                        "rt",
                        "alloc",
                        "collections",
                        "btree",
                        "navigate",
                        "LazyLeafRange",
                        "panic_abort",
                        "__rust_start_panic",
                        "core",
                        "fmt",
                        "{impl#73}",
                        "core",
                        "fmt",
                        "{impl#73}",
                        "core",
                        "num",
                        "dec2flt",
                        "decimal_seq",
                        "DecimalSeq",
                    ],
                    name: "compiler_builtins",
                }: DebugFile {
                    [salsa id]: Id(800),
                    file: File {
                        [salsa id]: Id(0),
                        path: "/Users/sam/work/tardis/target/x86_64-unknown-linux-gnu/debug-test/simple-test",
                        member_file: None,
                        mtime: SystemTime {
                            tv_sec: 1748701984,
                            tv_nsec: 242039158,
                        },
                        size: 3705688,
                    },
                    relocatable: false,
                },
                NameId {
                    path: [
                        "std",
                        "rt",
                        "lang_start",
                        "core",
                        "hint",
                        "core",
                        "alloc",
                        "layout",
                        "{impl#0}",
                        "from_size_align_unchecked",
                        "std",
                        "process",
                        "{impl#59}",
                        "core",
                        "fmt",
                        "rt",
                        "core",
                        "ptr",
                        "alignment",
                        "simple_test",
                        "core",
                        "fmt",
                        "rt",
                        "alloc",
                        "collections",
                        "btree",
                        "navigate",
                        "LazyLeafRange",
                        "panic_abort",
                        "__rust_start_panic",
                        "core",
                        "fmt",
                        "{impl#73}",
                        "core",
                        "fmt",
                        "{impl#73}",
                        "core",
                        "num",
                        "dec2flt",
                        "decimal_seq",
                        "DecimalSeq",
                        "compiler_builtins",
                    ],
                    name: "int",
                }: DebugFile {
                    [salsa id]: Id(800),
                    file: File {
                        [salsa id]: Id(0),
                        path: "/Users/sam/work/tardis/target/x86_64-unknown-linux-gnu/debug-test/simple-test",
                        member_file: None,
                        mtime: SystemTime {
                            tv_sec: 1748701984,
                            tv_nsec: 242039158,
                        },
                        size: 3705688,
                    },
                    relocatable: false,
                },
                NameId {
                    path: [
                        "std",
                        "rt",
                        "lang_start",
                        "core",
                        "hint",
                        "core",
                        "alloc",
                        "layout",
                        "{impl#0}",
                        "from_size_align_unchecked",
                        "std",
                        "process",
                        "{impl#59}",
                        "core",
                        "fmt",
                        "rt",
                        "core",
                        "ptr",
                        "alignment",
                        "simple_test",
                        "core",
                        "fmt",
                        "rt",
                        "alloc",
                        "collections",
                        "btree",
                        "navigate",
                        "LazyLeafRange",
                        "panic_abort",
                        "__rust_start_panic",
                        "core",
                        "fmt",
                        "{impl#73}",
                        "core",
                        "fmt",
                        "{impl#73}",
                        "core",
                        "num",
                        "dec2flt",
                        "decimal_seq",
                        "DecimalSeq",
                        "compiler_builtins",
                        "int",
                    ],
                    name: "udiv",
                }: DebugFile {
                    [salsa id]: Id(800),
                    file: File {
                        [salsa id]: Id(0),
                        path: "/Users/sam/work/tardis/target/x86_64-unknown-linux-gnu/debug-test/simple-test",
                        member_file: None,
                        mtime: SystemTime {
                            tv_sec: 1748701984,
                            tv_nsec: 242039158,
                        },
                        size: 3705688,
                    },
                    relocatable: false,
                },
                NameId {
                    path: [
                        "std",
                        "rt",
                        "lang_start",
                        "core",
                        "hint",
                        "core",
                        "alloc",
                        "layout",
                        "{impl#0}",
                        "from_size_align_unchecked",
                        "std",
                        "process",
                        "{impl#59}",
                        "core",
                        "fmt",
                        "rt",
                        "core",
                        "ptr",
                        "alignment",
                        "simple_test",
                        "core",
                        "fmt",
                        "rt",
                        "alloc",
                        "collections",
                        "btree",
                        "navigate",
                        "LazyLeafRange",
                        "panic_abort",
                        "__rust_start_panic",
                        "core",
                        "fmt",
                        "{impl#73}",
                        "core",
                        "fmt",
                        "{impl#73}",
                        "core",
                        "num",
                        "dec2flt",
                        "decimal_seq",
                        "DecimalSeq",
                        "compiler_builtins",
                        "int",
                        "udiv",
                    ],
                    name: "__udivti3",
                }: DebugFile {
                    [salsa id]: Id(800),
                    file: File {
                        [salsa id]: Id(0),
                        path: "/Users/sam/work/tardis/target/x86_64-unknown-linux-gnu/debug-test/simple-test",
                        member_file: None,
                        mtime: SystemTime {
                            tv_sec: 1748701984,
                            tv_nsec: 242039158,
                        },
                        size: 3705688,
                    },
                    relocatable: false,
                },
                NameId {
                    path: [
                        "std",
                        "rt",
                        "lang_start",
                        "core",
                        "hint",
                        "core",
                        "alloc",
                        "layout",
                        "{impl#0}",
                        "from_size_align_unchecked",
                        "std",
                        "process",
                        "{impl#59}",
                        "core",
                        "fmt",
                        "rt",
                        "core",
                        "ptr",
                        "alignment",
                        "simple_test",
                        "core",
                        "fmt",
                        "rt",
                        "alloc",
                        "collections",
                        "btree",
                        "navigate",
                        "LazyLeafRange",
                        "panic_abort",
                        "__rust_start_panic",
                        "core",
                        "fmt",
                        "{impl#73}",
                        "core",
                        "fmt",
                        "{impl#73}",
                        "core",
                        "num",
                        "dec2flt",
                        "decimal_seq",
                        "DecimalSeq",
                        "compiler_builtins",
                        "int",
                        "udiv",
                        "__udivti3",
                    ],
                    name: "compiler_builtins",
                }: DebugFile {
                    [salsa id]: Id(800),
                    file: File {
                        [salsa id]: Id(0),
                        path: "/Users/sam/work/tardis/target/x86_64-unknown-linux-gnu/debug-test/simple-test",
                        member_file: None,
                        mtime: SystemTime {
                            tv_sec: 1748701984,
                            tv_nsec: 242039158,
                        },
                        size: 3705688,
                    },
                    relocatable: false,
                },
                NameId {
                    path: [
                        "std",
                        "rt",
                        "lang_start",
                        "core",
                        "hint",
                        "core",
                        "alloc",
                        "layout",
                        "{impl#0}",
                        "from_size_align_unchecked",
                        "std",
                        "process",
                        "{impl#59}",
                        "core",
                        "fmt",
                        "rt",
                        "core",
                        "ptr",
                        "alignment",
                        "simple_test",
                        "core",
                        "fmt",
                        "rt",
                        "alloc",
                        "collections",
                        "btree",
                        "navigate",
                        "LazyLeafRange",
                        "panic_abort",
                        "__rust_start_panic",
                        "core",
                        "fmt",
                        "{impl#73}",
                        "core",
                        "fmt",
                        "{impl#73}",
                        "core",
                        "num",
                        "dec2flt",
                        "decimal_seq",
                        "DecimalSeq",
                        "compiler_builtins",
                        "int",
                        "udiv",
                        "__udivti3",
                        "compiler_builtins",
                    ],
                    name: "int",
                }: DebugFile {
                    [salsa id]: Id(800),
                    file: File {
                        [salsa id]: Id(0),
                        path: "/Users/sam/work/tardis/target/x86_64-unknown-linux-gnu/debug-test/simple-test",
                        member_file: None,
                        mtime: SystemTime {
                            tv_sec: 1748701984,
                            tv_nsec: 242039158,
                        },
                        size: 3705688,
                    },
                    relocatable: false,
                },
                NameId {
                    path: [
                        "std",
                        "rt",
                        "lang_start",
                        "core",
                        "hint",
                        "core",
                        "alloc",
                        "layout",
                        "{impl#0}",
                        "from_size_align_unchecked",
                        "std",
                        "process",
                        "{impl#59}",
                        "core",
                        "fmt",
                        "rt",
                        "core",
                        "ptr",
                        "alignment",
                        "simple_test",
                        "core",
                        "fmt",
                        "rt",
                        "alloc",
                        "collections",
                        "btree",
                        "navigate",
                        "LazyLeafRange",
                        "panic_abort",
                        "__rust_start_panic",
                        "core",
                        "fmt",
                        "{impl#73}",
                        "core",
                        "fmt",
                        "{impl#73}",
                        "core",
                        "num",
                        "dec2flt",
                        "decimal_seq",
                        "DecimalSeq",
                        "compiler_builtins",
                        "int",
                        "udiv",
                        "__udivti3",
                        "compiler_builtins",
                        "int",
                    ],
                    name: "specialized_div_rem",
                }: DebugFile {
                    [salsa id]: Id(800),
                    file: File {
                        [salsa id]: Id(0),
                        path: "/Users/sam/work/tardis/target/x86_64-unknown-linux-gnu/debug-test/simple-test",
                        member_file: None,
                        mtime: SystemTime {
                            tv_sec: 1748701984,
                            tv_nsec: 242039158,
                        },
                        size: 3705688,
                    },
                    relocatable: false,
                },
                NameId {
                    path: [
                        "std",
                        "rt",
                        "lang_start",
                        "core",
                        "hint",
                        "core",
                        "alloc",
                        "layout",
                        "{impl#0}",
                        "from_size_align_unchecked",
                        "std",
                        "process",
                        "{impl#59}",
                        "core",
                        "fmt",
                        "rt",
                        "core",
                        "ptr",
                        "alignment",
                        "simple_test",
                        "core",
                        "fmt",
                        "rt",
                        "alloc",
                        "collections",
                        "btree",
                        "navigate",
                        "LazyLeafRange",
                        "panic_abort",
                        "__rust_start_panic",
                        "core",
                        "fmt",
                        "{impl#73}",
                        "core",
                        "fmt",
                        "{impl#73}",
                        "core",
                        "num",
                        "dec2flt",
                        "decimal_seq",
                        "DecimalSeq",
                        "compiler_builtins",
                        "int",
                        "udiv",
                        "__udivti3",
                        "compiler_builtins",
                        "int",
                        "specialized_div_rem",
                    ],
                    name: "compiler_builtins",
                }: DebugFile {
                    [salsa id]: Id(800),
                    file: File {
                        [salsa id]: Id(0),
                        path: "/Users/sam/work/tardis/target/x86_64-unknown-linux-gnu/debug-test/simple-test",
                        member_file: None,
                        mtime: SystemTime {
                            tv_sec: 1748701984,
                            tv_nsec: 242039158,
                        },
                        size: 3705688,
                    },
                    relocatable: false,
                },
                NameId {
                    path: [
                        "std",
                        "rt",
                        "lang_start",
                        "core",
                        "hint",
                        "core",
                        "alloc",
                        "layout",
                        "{impl#0}",
                        "from_size_align_unchecked",
                        "std",
                        "process",
                        "{impl#59}",
                        "core",
                        "fmt",
                        "rt",
                        "core",
                        "ptr",
                        "alignment",
                        "simple_test",
                        "core",
                        "fmt",
                        "rt",
                        "alloc",
                        "collections",
                        "btree",
                        "navigate",
                        "LazyLeafRange",
                        "panic_abort",
                        "__rust_start_panic",
                        "core",
                        "fmt",
                        "{impl#73}",
                        "core",
                        "fmt",
                        "{impl#73}",
                        "core",
                        "num",
                        "dec2flt",
                        "decimal_seq",
                        "DecimalSeq",
                        "compiler_builtins",
                        "int",
                        "udiv",
                        "__udivti3",
                        "compiler_builtins",
                        "int",
                        "specialized_div_rem",
                        "compiler_builtins",
                    ],
                    name: "int",
                }: DebugFile {
                    [salsa id]: Id(800),
                    file: File {
                        [salsa id]: Id(0),
                        path: "/Users/sam/work/tardis/target/x86_64-unknown-linux-gnu/debug-test/simple-test",
                        member_file: None,
                        mtime: SystemTime {
                            tv_sec: 1748701984,
                            tv_nsec: 242039158,
                        },
                        size: 3705688,
                    },
                    relocatable: false,
                },
                NameId {
                    path: [
                        "std",
                        "rt",
                        "lang_start",
                        "core",
                        "hint",
                        "core",
                        "alloc",
                        "layout",
                        "{impl#0}",
                        "from_size_align_unchecked",
                        "std",
                        "process",
                        "{impl#59}",
                        "core",
                        "fmt",
                        "rt",
                        "core",
                        "ptr",
                        "alignment",
                        "simple_test",
                        "core",
                        "fmt",
                        "rt",
                        "alloc",
                        "collections",
                        "btree",
                        "navigate",
                        "LazyLeafRange",
                        "panic_abort",
                        "__rust_start_panic",
                        "core",
                        "fmt",
                        "{impl#73}",
                        "core",
                        "fmt",
                        "{impl#73}",
                        "core",
                        "num",
                        "dec2flt",
                        "decimal_seq",
                        "DecimalSeq",
                        "compiler_builtins",
                        "int",
                        "udiv",
                        "__udivti3",
                        "compiler_builtins",
                        "int",
                        "specialized_div_rem",
                        "compiler_builtins",
                        "int",
                    ],
                    name: "udiv",
                }: DebugFile {
                    [salsa id]: Id(800),
                    file: File {
                        [salsa id]: Id(0),
                        path: "/Users/sam/work/tardis/target/x86_64-unknown-linux-gnu/debug-test/simple-test",
                        member_file: None,
                        mtime: SystemTime {
                            tv_sec: 1748701984,
                            tv_nsec: 242039158,
                        },
                        size: 3705688,
                    },
                    relocatable: false,
                },
            },
            source_to_file: {},
            base_address: {},
            address_info: AddressTree {
                root: None,
            },
        },
    },
}
