---
source: tests/mod.rs
expression: parsed
snapshot_kind: text
---
DebugInfo {
    debug_files: [
        DebugFile {
            [salsa id]: Id(800),
            file: File {
                [salsa id]: Id(0),
                path: "/Users/sam/work/tardis/target/x86_64-unknown-linux-gnu/debug-test/simple-test",
                member_file: None,
                mtime: SystemTime {
                    tv_sec: 1748701984,
                    tv_nsec: 242039158,
                },
                size: 3705688,
            },
            relocatable: false,
        },
    ],
    index: Index {
        [salsa id]: Id(3400),
        data: IndexData {
            function_name_to_die: {
                "<&T as core::fmt::Debug>::fmt": "$OUT_DIR/simple-test:0xd769b:0x1685d",
                "<&T as core::fmt::Display>::fmt": "$OUT_DIR/simple-test:0xd769b:0x17499",
                "<&mut T as core::fmt::Display>::fmt": "$OUT_DIR/simple-test:0x193f:0x2976c",
                "<&str as core::str::pattern::Pattern>::is_contained_in": "$OUT_DIR/simple-test:0x193f:0x29bc5",
                "<() as core::fmt::Debug>::fmt": "$OUT_DIR/simple-test:0x193f:0x287ec",
                "<() as std::process::Termination>::report": "$OUT_DIR/simple-test:0x3e7:0x39",
                "<*mut T as core::fmt::Debug>::fmt": "$OUT_DIR/simple-test:0x193f:0x29720",
                "<T as alloc::slice::<impl [T]>::to_vec_in::ConvertVec>::to_vec": "$OUT_DIR/simple-test:0x193f:0xeb51",
                "<T as core::any::Any>::type_id": "$OUT_DIR/simple-test:0x193f:0x27a09",
                "<alloc::string::String as core::fmt::Display>::fmt": "$OUT_DIR/simple-test:0x193f:0xf57c",
                "<alloc::string::String as core::fmt::Write>::write_char": "$OUT_DIR/simple-test:0x193f:0xf469",
                "<alloc::string::String as core::fmt::Write>::write_str": "$OUT_DIR/simple-test:0x193f:0xf483",
                "<core::fmt::Error as core::fmt::Debug>::fmt": "$OUT_DIR/simple-test:0x193f:0x2978c",
                "<core::ops::range::Range<Idx> as core::fmt::Debug>::fmt": "$OUT_DIR/simple-test:0xd769b:0x17c51",
                "<core::str::pattern::CharSearcher as core::str::pattern::Searcher>::next_match": "$OUT_DIR/simple-test:0x193f:0x2a3eb",
                "<core::str::pattern::StrSearcher as core::str::pattern::Searcher>::next": "$OUT_DIR/simple-test:0x193f:0x2a3c5",
                "<gimli::read::unit::AttributeValue<R,Offset> as core::clone::Clone>::clone": "$OUT_DIR/simple-test:0x193f:0xb3189",
                "<std::backtrace_rs::symbolize::gimli::parse_running_mmaps::MapsEntry as core::str::traits::FromStr>::from_str::{{closure}}": "$OUT_DIR/simple-test:0x193f:0x937fe",
                "<std::io::default_write_fmt::Adapter<T> as core::fmt::Write>::write_str": "$OUT_DIR/simple-test:0x193f:0x5c5ce",
                "<std::panicking::begin_panic_handler::StaticStrPayload as core::panic::PanicPayload>::as_str": "$OUT_DIR/simple-test:0x193f:0x34d7e",
                "<std::panicking::begin_panic_handler::StaticStrPayload as core::panic::PanicPayload>::get": "$OUT_DIR/simple-test:0x193f:0x34d64",
                "<std::path::Component as core::cmp::PartialEq>::eq": "$OUT_DIR/simple-test:0x193f:0x76c99",
                "<std::path::Components as core::cmp::PartialEq>::eq": "$OUT_DIR/simple-test:0x193f:0x75fa2",
                "<std::path::StripPrefixError as core::fmt::Debug>::fmt": "$OUT_DIR/simple-test:0x193f:0x76d6f",
                "<std::sys::stdio::unix::Stderr as std::io::Write>::flush": "$OUT_DIR/simple-test:0x193f:0x4bd75",
                "<std::sys::stdio::unix::Stderr as std::io::Write>::is_write_vectored": "$OUT_DIR/simple-test:0x193f:0x4bd5c",
                "addr2line::Context<R>::find_unit": "$OUT_DIR/simple-test:0x193f:0xa9107",
                "addr2line::function::Function<R>::parse_children": "$OUT_DIR/simple-test:0x193f:0xa45d0",
                "addr2line::function::name_attr": "$OUT_DIR/simple-test:0x193f:0xa5fcd",
                "addr2line::function::name_entry": "$OUT_DIR/simple-test:0x193f:0xa5b4c",
                "addr2line::line::LazyLines::borrow": "$OUT_DIR/simple-test:0x193f:0xa9ab9",
                "addr2line::line::render_file": "$OUT_DIR/simple-test:0x193f:0xa913e",
                "addr2line::lookup::LoopingLookup<T,L,F>::new_lookup": "$OUT_DIR/simple-test:0x193f:0xacd4e",
                "addr2line::unit::ResUnit<R>::find_function_or_location": "$OUT_DIR/simple-test:0x193f:0xa6243",
                "addr2line::unit::ResUnit<R>::find_function_or_location::{{closure}}": "$OUT_DIR/simple-test:0x193f:0xa66f3",
                "alloc::collections::btree::map::IntoIter<K,V,A>::dying_next": "$OUT_DIR/simple-test:0x193f:0x864f",
                "alloc::raw_vec::RawVec<T,A>::grow_one": "$OUT_DIR/simple-test:0xcac0a:0x1ad7",
                "alloc::raw_vec::RawVecInner<A>::reserve::do_reserve_and_handle": "$OUT_DIR/simple-test:0xcac0a:0x1d49",
                "alloc::raw_vec::capacity_overflow": "$OUT_DIR/simple-test:0xcac0a:0x1d04",
                "alloc::raw_vec::finish_grow": "$OUT_DIR/simple-test:0xcac0a:0x1e92",
                "alloc::string::String::push": "$OUT_DIR/simple-test:0x193f:0xf314",
                "alloc::sync::Arc<T,A>::drop_slow": "$OUT_DIR/simple-test:0x193f:0xde0d",
                "core::char::methods::<impl char>::escape_debug_ext": "$OUT_DIR/simple-test:0x193f:0x2c0d0",
                "core::fmt::Arguments::new_const": "$OUT_DIR/simple-test:0x13f0:0x7b",
                "core::fmt::Arguments::new_v1": "$OUT_DIR/simple-test:0x13f0:0x60",
                "core::fmt::Formatter::pad_integral::write_prefix": "$OUT_DIR/simple-test:0xd769b:0x16806",
                "core::fmt::Write::write_char": "$OUT_DIR/simple-test:0x193f:0x294de",
                "core::fmt::Write::write_fmt": "$OUT_DIR/simple-test:0xd769b:0x15828",
                "core::fmt::num::imp::<impl u32>::_fmt": "$OUT_DIR/simple-test:0xd769b:0x12ac8",
                "core::fmt::num::imp::<impl u64>::_fmt": "$OUT_DIR/simple-test:0xd769b:0x12ba8",
                "core::fmt::rt::Argument::new_display": "$OUT_DIR/simple-test:0x49e:0x70",
                "core::num::<impl u64>::from_ascii_radix": "$OUT_DIR/simple-test:0x193f:0x2ba63",
                "core::num::<impl usize>::from_ascii_radix": "$OUT_DIR/simple-test:0x193f:0x2bb94",
                "core::ops::function::FnOnce::call_once": "$OUT_DIR/simple-test:0x80c:0x54e",
                "core::ops::function::FnOnce::call_once{{vtable.shim}}": "$OUT_DIR/simple-test:0x193f:0x2dd50",
                "core::panic::PanicPayload::as_str": "$OUT_DIR/simple-test:0x193f:0x2bf8a",
                "core::panicking::assert_failed": "$OUT_DIR/simple-test:0xd769b:0x22a0e",
                "core::ptr::drop_in_place<(usize,std::backtrace_rs::symbolize::gimli::Mapping)>": "$OUT_DIR/simple-test:0x193f:0x18e6b",
                "core::ptr::drop_in_place<<alloc::collections::btree::map::IntoIter<K,V,A> as core::ops::drop::Drop>::drop::DropGuard<u64,core::result::Result<alloc::sync::Arc<gimli::read::abbrev::Abbreviations>,gimli::read::Error>,alloc::alloc::Global>>": "$OUT_DIR/simple-test:0x193f:0x157ba",
                "core::ptr::drop_in_place<addr2line::Context<gimli::read::endian_slice::EndianSlice<gimli::endianity::LittleEndian>>>": "$OUT_DIR/simple-test:0x193f:0x13cf7",
                "core::ptr::drop_in_place<addr2line::function::LazyFunction<gimli::read::endian_slice::EndianSlice<gimli::endianity::LittleEndian>>>": "$OUT_DIR/simple-test:0x193f:0x139a3",
                "core::ptr::drop_in_place<addr2line::unit::DwoUnit<gimli::read::endian_slice::EndianSlice<gimli::endianity::LittleEndian>>>": "$OUT_DIR/simple-test:0x193f:0x152a1",
                "core::ptr::drop_in_place<addr2line::unit::ResUnit<gimli::read::endian_slice::EndianSlice<gimli::endianity::LittleEndian>>>": "$OUT_DIR/simple-test:0x193f:0x12802",
                "core::ptr::drop_in_place<addr2line::unit::ResUnits<gimli::read::endian_slice::EndianSlice<gimli::endianity::LittleEndian>>>": "$OUT_DIR/simple-test:0x193f:0x12ace",
                "core::ptr::drop_in_place<addr2line::unit::SupUnit<gimli::read::endian_slice::EndianSlice<gimli::endianity::LittleEndian>>>": "$OUT_DIR/simple-test:0x193f:0x12c65",
                "core::ptr::drop_in_place<addr2line::unit::SupUnits<gimli::read::endian_slice::EndianSlice<gimli::endianity::LittleEndian>>>": "$OUT_DIR/simple-test:0x193f:0x12c72",
                "core::ptr::drop_in_place<alloc::boxed::Box<[addr2line::function::LazyFunction<gimli::read::endian_slice::EndianSlice<gimli::endianity::LittleEndian>>]>>": "$OUT_DIR/simple-test:0x193f:0x145da",
                "core::ptr::drop_in_place<alloc::boxed::Box<[alloc::string::String]>>": "$OUT_DIR/simple-test:0x193f:0x19be9",
                "core::ptr::drop_in_place<alloc::string::String>": "$OUT_DIR/simple-test:0x193f:0x15491",
                "core::ptr::drop_in_place<alloc::sync::ArcInner<gimli::read::dwarf::Dwarf<gimli::read::endian_slice::EndianSlice<gimli::endianity::LittleEndian>>>>": "$OUT_DIR/simple-test:0x193f:0x13910",
                "core::ptr::drop_in_place<alloc::vec::Vec<addr2line::function::LazyFunction<gimli::read::endian_slice::EndianSlice<gimli::endianity::LittleEndian>>>>": "$OUT_DIR/simple-test:0x193f:0x1aaae",
                "core::ptr::drop_in_place<alloc::vec::Vec<addr2line::line::LineSequence>>": "$OUT_DIR/simple-test:0x193f:0x1a476",
                "core::ptr::drop_in_place<alloc::vec::Vec<addr2line::unit::ResUnit<gimli::read::endian_slice::EndianSlice<gimli::endianity::LittleEndian>>>>": "$OUT_DIR/simple-test:0x193f:0x1b29b",
                "core::ptr::drop_in_place<alloc::vec::Vec<addr2line::unit::SupUnit<gimli::read::endian_slice::EndianSlice<gimli::endianity::LittleEndian>>>>": "$OUT_DIR/simple-test:0x193f:0x1370e",
                "core::ptr::drop_in_place<alloc::vec::Vec<alloc::string::String>>": "$OUT_DIR/simple-test:0x193f:0x1aa87",
                "core::ptr::drop_in_place<alloc::vec::Vec<std::backtrace_rs::symbolize::gimli::Library>>": "$OUT_DIR/simple-test:0x193f:0x1b303",
                "core::ptr::drop_in_place<alloc::vec::Vec<std::backtrace_rs::symbolize::gimli::parse_running_mmaps::MapsEntry>>": "$OUT_DIR/simple-test:0x193f:0x1b2cf",
                "core::ptr::drop_in_place<alloc::vec::Vec<u8>>": "$OUT_DIR/simple-test:0x193f:0x11a7e",
                "core::ptr::drop_in_place<core::option::Option<gimli::read::line::IncompleteLineProgram<gimli::read::endian_slice::EndianSlice<gimli::endianity::LittleEndian>,usize>>>": "$OUT_DIR/simple-test:0x193f:0x1a9b7",
                "core::ptr::drop_in_place<core::result::Result<(),std::io::error::Error>>": "$OUT_DIR/simple-test:0x193f:0x10e90",
                "core::ptr::drop_in_place<core::result::Result<addr2line::Context<gimli::read::endian_slice::EndianSlice<gimli::endianity::LittleEndian>>,gimli::read::Error>>": "$OUT_DIR/simple-test:0x193f:0x13d04",
                "core::ptr::drop_in_place<core::result::Result<addr2line::frame::FrameIter<gimli::read::endian_slice::EndianSlice<gimli::endianity::LittleEndian>>,gimli::read::Error>>": "$OUT_DIR/simple-test:0x193f:0x144ba",
                "core::ptr::drop_in_place<core::result::Result<addr2line::function::Functions<gimli::read::endian_slice::EndianSlice<gimli::endianity::LittleEndian>>,gimli::read::Error>>": "$OUT_DIR/simple-test:0x193f:0x145f4",
                "core::ptr::drop_in_place<core::result::Result<addr2line::line::Lines,gimli::read::Error>>": "$OUT_DIR/simple-test:0x193f:0x19c03",
                "core::ptr::drop_in_place<core::result::Result<core::option::Option<alloc::boxed::Box<addr2line::unit::DwoUnit<gimli::read::endian_slice::EndianSlice<gimli::endianity::LittleEndian>>>>,gimli::read::Error>>": "$OUT_DIR/simple-test:0x193f:0x152c8",
                "core::ptr::drop_in_place<core::result::Result<core::option::Option<alloc::sync::Arc<std::sync::poison::mutex::Mutex<alloc::vec::Vec<u8>>>>,std::thread::local::AccessError>>": "$OUT_DIR/simple-test:0x193f:0x15231",
                "core::ptr::drop_in_place<gimli::read::abbrev::Abbreviations>": "$OUT_DIR/simple-test:0x193f:0x174be",
                "core::ptr::drop_in_place<gimli::read::abbrev::AbbreviationsCache>": "$OUT_DIR/simple-test:0x193f:0x17948",
                "core::ptr::drop_in_place<gimli::read::dwarf::Dwarf<gimli::read::endian_slice::EndianSlice<gimli::endianity::LittleEndian>>>": "$OUT_DIR/simple-test:0x193f:0x13903",
                "core::ptr::drop_in_place<gimli::read::dwarf::Unit<gimli::read::endian_slice::EndianSlice<gimli::endianity::LittleEndian>,usize>>": "$OUT_DIR/simple-test:0x193f:0x12658",
                "core::ptr::drop_in_place<gimli::read::line::LineRows<gimli::read::endian_slice::EndianSlice<gimli::endianity::LittleEndian>,gimli::read::line::IncompleteLineProgram<gimli::read::endian_slice::EndianSlice<gimli::endianity::LittleEndian>,usize>,usize>>": "$OUT_DIR/simple-test:0x193f:0x1aa46",
                "core::ptr::drop_in_place<std::backtrace_rs::backtrace::libunwind::Bomb>": "$OUT_DIR/simple-test:0x193f:0x18081",
                "core::ptr::drop_in_place<std::backtrace_rs::symbolize::gimli::Library>": "$OUT_DIR/simple-test:0x193f:0x19675",
                "core::ptr::drop_in_place<std::backtrace_rs::symbolize::gimli::stash::Stash>": "$OUT_DIR/simple-test:0x193f:0x185ff",
                "core::ptr::drop_in_place<std::ffi::os_str::OsString>": "$OUT_DIR/simple-test:0x193f:0x11a98",
                "core::ptr::drop_in_place<std::io::buffered::bufwriter::BufWriter<W>::flush_buf::BufGuard>": "$OUT_DIR/simple-test:0x193f:0x1adc8",
                "core::ptr::drop_in_place<std::io::buffered::linewriter::LineWriter<std::io::stdio::StdoutRaw>>": "$OUT_DIR/simple-test:0x193f:0x1a062",
                "core::ptr::drop_in_place<std::io::default_write_fmt::Adapter<std::io::cursor::Cursor<&mut [u8]>>>": "$OUT_DIR/simple-test:0x193f:0x1aea5",
                "core::ptr::drop_in_place<std::io::error::Error>": "$OUT_DIR/simple-test:0x193f:0x1a055",
                "core::ptr::drop_in_place<std::io::stdio::StdinLock>": "$OUT_DIR/simple-test:0x193f:0x1adef",
                "core::ptr::drop_in_place<std::panicking::begin_panic_handler::FormatStringPayload>": "$OUT_DIR/simple-test:0x193f:0x1b011",
                "core::ptr::drop_in_place<std::sync::poison::rwlock::RwLockReadGuard<std::panicking::Hook>>": "$OUT_DIR/simple-test:0x193f:0x19b7b",
                "core::ptr::drop_in_place<std::sync::reentrant_lock::ReentrantLockGuard<core::cell::RefCell<std::io::buffered::linewriter::LineWriter<std::io::stdio::StdoutRaw>>>>": "$OUT_DIR/simple-test:0x193f:0x1adfc",
                "core::slice::sort::shared::pivot::median3_rec": "$OUT_DIR/simple-test:0x193f:0x1db7f",
                "core::slice::sort::shared::smallsort::insertion_sort_shift_left": "$OUT_DIR/simple-test:0x193f:0x1f070",
                "core::slice::sort::shared::smallsort::small_sort_general": "$OUT_DIR/simple-test:0x193f:0x1e5c3",
                "core::slice::sort::shared::smallsort::sort4_stable": "$OUT_DIR/simple-test:0x193f:0x1dcc8",
                "core::slice::sort::shared::smallsort::sort8_stable": "$OUT_DIR/simple-test:0x193f:0x1debc",
                "core::slice::sort::stable::drift::sort": "$OUT_DIR/simple-test:0x193f:0x21f78",
                "core::slice::sort::stable::driftsort_main": "$OUT_DIR/simple-test:0x193f:0x1fe87",
                "core::slice::sort::stable::quicksort::quicksort": "$OUT_DIR/simple-test:0x193f:0x2631a",
                "core::slice::sort::unstable::heapsort::heapsort": "$OUT_DIR/simple-test:0x193f:0x26d52",
                "core::slice::sort::unstable::ipnsort": "$OUT_DIR/simple-test:0x193f:0x26b91",
                "core::slice::sort::unstable::quicksort::quicksort": "$OUT_DIR/simple-test:0x193f:0x2701e",
                "core::str::<impl str>::split_once": "$OUT_DIR/simple-test:0x193f:0x2aed8",
                "core::str::<impl str>::trim_start_matches": "$OUT_DIR/simple-test:0x193f:0x2ac1d",
                "core::str::pattern::simd_contains::{{closure}}": "$OUT_DIR/simple-test:0x193f:0x29a50",
                "core::str::validations::next_code_point": "$OUT_DIR/simple-test:0x193f:0x298fd",
                "core::unicode::printable::check": "$OUT_DIR/simple-test:0xd769b:0x1ee48",
                "gimli::read::aranges::ArangeHeader<R,Offset>::parse": "$OUT_DIR/simple-test:0x193f:0xbaf80",
                "gimli::read::dwarf::Dwarf<R>::attr_string": "$OUT_DIR/simple-test:0x193f:0xb6839",
                "gimli::read::dwarf::Unit<R>::new": "$OUT_DIR/simple-test:0x193f:0xb716f",
                "gimli::read::index::UnitIndex<R>::parse": "$OUT_DIR/simple-test:0x193f:0xba9ca",
                "gimli::read::line::FileEntry<R,Offset>::parse": "$OUT_DIR/simple-test:0x193f:0xb6391",
                "gimli::read::line::FileEntryFormat::parse": "$OUT_DIR/simple-test:0x193f:0xb3ce2",
                "gimli::read::line::parse_attribute": "$OUT_DIR/simple-test:0x193f:0xb44cb",
                "gimli::read::line::parse_directory_v5": "$OUT_DIR/simple-test:0x193f:0xb60bf",
                "gimli::read::line::parse_file_v5": "$OUT_DIR/simple-test:0x193f:0xb3b6c",
                "gimli::read::reader::Reader::read_offset": "$OUT_DIR/simple-test:0x193f:0xb32f7",
                "gimli::read::reader::Reader::read_sized_offset": "$OUT_DIR/simple-test:0x193f:0xb36be",
                "gimli::read::reader::Reader::read_uleb128": "$OUT_DIR/simple-test:0x193f:0xb32b6",
                "gimli::read::rnglists::RngListIter<R>::next": "$OUT_DIR/simple-test:0x193f:0xbb855",
                "gimli::read::unit::Attribute<R>::value": "$OUT_DIR/simple-test:0x193f:0xb1543",
                "gimli::read::unit::AttributeValue<R,Offset>::udata_value": "$OUT_DIR/simple-test:0x193f:0xad2a9",
                "gimli::read::unit::DebugInfoUnitHeadersIter<R>::next": "$OUT_DIR/simple-test:0x193f:0xb1fe4",
                "gimli::read::unit::EntriesCursor<R>::next_entry": "$OUT_DIR/simple-test:0x193f:0xb1a95",
                "gimli::read::unit::parse_attribute": "$OUT_DIR/simple-test:0x193f:0xad33f",
                "gimli::read::unit::skip_attributes": "$OUT_DIR/simple-test:0x193f:0xb0adf",
                "memchr::arch::x86_64::memchr::memchr_raw::find_sse2": "$OUT_DIR/simple-test:0xc0573:0x2bf9",
                "panic_abort::__rust_start_panic::abort": "$OUT_DIR/simple-test:0xc04f1:0x66",
                "simple_test::function_call": "$OUT_DIR/simple-test:0x1216:0xaa",
                "simple_test::main": "$OUT_DIR/simple-test:0x1216:0xe8",
                "std::alloc::default_alloc_error_hook": "$OUT_DIR/simple-test:0x193f:0xa3f83",
                "std::backtrace_rs::backtrace::libunwind::trace::trace_fn": "$OUT_DIR/simple-test:0x193f:0x87f9f",
                "std::backtrace_rs::print::BacktraceFrameFmt::print_fileline": "$OUT_DIR/simple-test:0x193f:0x99a12",
                "std::backtrace_rs::print::BacktraceFrameFmt::print_raw_with_column": "$OUT_DIR/simple-test:0x193f:0x998d5",
                "std::backtrace_rs::symbolize::gimli::Cache::with_global": "$OUT_DIR/simple-test:0x193f:0x8d9ab",
                "std::backtrace_rs::symbolize::gimli::Context::new": "$OUT_DIR/simple-test:0x193f:0x88546",
                "std::backtrace_rs::symbolize::gimli::elf::<impl std::backtrace_rs::symbolize::gimli::Mapping>::load_dwarf_package": "$OUT_DIR/simple-test:0x193f:0x95cc8",
                "std::backtrace_rs::symbolize::gimli::elf::<impl std::backtrace_rs::symbolize::gimli::Mapping>::new_debug": "$OUT_DIR/simple-test:0x193f:0x941c5",
                "std::backtrace_rs::symbolize::gimli::elf::Object::build_id": "$OUT_DIR/simple-test:0x193f:0x9897d",
                "std::backtrace_rs::symbolize::gimli::elf::Object::parse": "$OUT_DIR/simple-test:0x193f:0x96b8a",
                "std::backtrace_rs::symbolize::gimli::elf::Object::search_symtab": "$OUT_DIR/simple-test:0x193f:0x987c3",
                "std::backtrace_rs::symbolize::gimli::elf::Object::section": "$OUT_DIR/simple-test:0x193f:0x98014",
                "std::backtrace_rs::symbolize::gimli::elf::decompress_zlib": "$OUT_DIR/simple-test:0x193f:0x98d6e",
                "std::backtrace_rs::symbolize::gimli::elf::locate_build_id": "$OUT_DIR/simple-test:0x193f:0x98dd2",
                "std::backtrace_rs::symbolize::gimli::libs_dl_iterate_phdr::callback": "$OUT_DIR/simple-test:0x193f:0x8d13b",
                "std::backtrace_rs::symbolize::gimli::mmap": "$OUT_DIR/simple-test:0x193f:0x8c9b6",
                "std::backtrace_rs::symbolize::gimli::stash::Stash::allocate": "$OUT_DIR/simple-test:0x193f:0x88170",
                "std::fs::buffer_capacity_required": "$OUT_DIR/simple-test:0x193f:0x7c079",
                "std::io::Write::write_all": "$OUT_DIR/simple-test:0x193f:0x5b841",
                "std::io::Write::write_all_vectored": "$OUT_DIR/simple-test:0x193f:0x5ba03",
                "std::io::Write::write_fmt": "$OUT_DIR/simple-test:0x193f:0x5c29c",
                "std::io::buffered::bufwriter::BufWriter<W>::flush_buf": "$OUT_DIR/simple-test:0x193f:0x6a8b0",
                "std::io::buffered::bufwriter::BufWriter<W>::write_all_cold": "$OUT_DIR/simple-test:0x193f:0x6b124",
                "std::io::default_read_to_end": "$OUT_DIR/simple-test:0x193f:0x6d58e",
                "std::io::default_read_to_end::small_probe_read": "$OUT_DIR/simple-test:0x193f:0x6cf75",
                "std::io::impls::<impl std::io::Write for alloc::vec::Vec<u8,A>>::flush": "$OUT_DIR/simple-test:0x193f:0x5d224",
                "std::io::impls::<impl std::io::Write for alloc::vec::Vec<u8,A>>::is_write_vectored": "$OUT_DIR/simple-test:0x193f:0x5ced5",
                "std::io::impls::<impl std::io::Write for alloc::vec::Vec<u8,A>>::write": "$OUT_DIR/simple-test:0x193f:0x5cbdb",
                "std::io::impls::<impl std::io::Write for alloc::vec::Vec<u8,A>>::write_all": "$OUT_DIR/simple-test:0x193f:0x5cbce",
                "std::io::impls::<impl std::io::Write for alloc::vec::Vec<u8,A>>::write_all_vectored": "$OUT_DIR/simple-test:0x193f:0x5cfda",
                "std::io::impls::<impl std::io::Write for alloc::vec::Vec<u8,A>>::write_vectored": "$OUT_DIR/simple-test:0x193f:0x5cfcd",
                "std::io::stdio::print_to_buffer_if_capture_used": "$OUT_DIR/simple-test:0x193f:0x68dac",
                "std::panicking::begin_panic_handler::{{closure}}": "$OUT_DIR/simple-test:0x193f:0x34db9",
                "std::panicking::default_hook::{{closure}}": "$OUT_DIR/simple-test:0x193f:0x340a5",
                "std::panicking::default_hook::{{closure}}::{{closure}}": "$OUT_DIR/simple-test:0x193f:0x34269",
                "std::path::Components::len_before_body": "$OUT_DIR/simple-test:0x193f:0x7501d",
                "std::path::Components::parse_next_component_back": "$OUT_DIR/simple-test:0x193f:0x75361",
                "std::rt::handle_rt_panic": "$OUT_DIR/simple-test:0x193f:0x99afe",
                "std::rt::lang_start": "$OUT_DIR/simple-test:0x0:0x132",
                "std::rt::lang_start::{{closure}}": "$OUT_DIR/simple-test:0x0:0xc8",
                "std::sync::once_lock::OnceLock<T>::initialize": "$OUT_DIR/simple-test:0x193f:0x7840c",
                "std::sync::poison::once::Once::call_once::{{closure}}": "$OUT_DIR/simple-test:0x193f:0x775d3",
                "std::sync::poison::once::Once::call_once_force::{{closure}}": "$OUT_DIR/simple-test:0x193f:0x76e14",
                "std::sys::backtrace::BacktraceLock::print": "$OUT_DIR/simple-test:0x193f:0x4e0e1",
                "std::sys::backtrace::__rust_begin_short_backtrace": "$OUT_DIR/simple-test:0x26b:0x70",
                "std::sys::backtrace::__rust_end_short_backtrace": "$OUT_DIR/simple-test:0x193f:0x4e696",
                "std::sys::backtrace::_print_fmt::{{closure}}": "$OUT_DIR/simple-test:0x193f:0x4dc4d",
                "std::sys::backtrace::_print_fmt::{{closure}}::{{closure}}": "$OUT_DIR/simple-test:0x193f:0x4ddc8",
                "std::sys::backtrace::output_filename": "$OUT_DIR/simple-test:0x193f:0x4e6af",
                "std::sys::exit_guard::unique_thread_exit": "$OUT_DIR/simple-test:0x193f:0x53759",
                "std::sys::fs::unix::File::open_c": "$OUT_DIR/simple-test:0x193f:0x35e2a",
                "std::sys::fs::unix::readlink::{{closure}}": "$OUT_DIR/simple-test:0x193f:0x387eb",
                "std::sys::fs::unix::stat::{{closure}}": "$OUT_DIR/simple-test:0x193f:0x39298",
                "std::sys::fs::unix::try_statx": "$OUT_DIR/simple-test:0x193f:0x3be69",
                "std::sys::pal::common::small_c_string::run_with_cstr_allocating": "$OUT_DIR/simple-test:0x193f:0x447f0",
                "std::sys::pal::unix::decode_error_kind": "$OUT_DIR/simple-test:0x193f:0x43ad2",
                "std::sys::pal::unix::os::getenv::{{closure}}": "$OUT_DIR/simple-test:0x193f:0x3ded3",
                "std::sys::pal::unix::stack_overflow::imp::make_handler": "$OUT_DIR/simple-test:0x193f:0x41634",
                "std::sys::pal::unix::stack_overflow::imp::signal_handler": "$OUT_DIR/simple-test:0x193f:0x4128d",
                "std::sys::pal::unix::stack_overflow::imp::signal_handler::{{closure}}": "$OUT_DIR/simple-test:0x193f:0x41393",
                "std::sys::personality::gcc::find_eh_action::{{closure}}": "$OUT_DIR/simple-test:0x193f:0x4e84c",
                "std::sys::thread_local::guard::key::enable": "$OUT_DIR/simple-test:0x193f:0x4fb40",
                "std::sys::thread_local::guard::key::enable::run": "$OUT_DIR/simple-test:0x193f:0x4fc64",
                "std::sys::thread_local::native::eager::destroy": "$OUT_DIR/simple-test:0x193f:0x4f6e3",
                "std::thread::ThreadId::new::exhausted": "$OUT_DIR/simple-test:0x193f:0x83d58",
                "std::thread::current::try_with_current": "$OUT_DIR/simple-test:0x193f:0x80d47",
            },
            symbol_name_to_die: {
                "simple_test::STATIC_FIELD": "$OUT_DIR/simple-test:0x1216:0x2f",
                "simple_test::STATIC_TEST_STRUCT": "$OUT_DIR/simple-test:0x1216:0x49",
                "simple_test::STRUCTS": "$OUT_DIR/simple-test:0x1216:0x90",
            },
            type_name_to_die: {
                "&[&str]": "$OUT_DIR/simple-test:0x13f0:0x352",
                "&[core::fmt::rt::Argument]": "$OUT_DIR/simple-test:0x13f0:0x3ea",
                "&[core::fmt::rt::Placeholder]": "$OUT_DIR/simple-test:0x13f0:0x3b5",
                "&mut dyn core::fmt::Write": "$OUT_DIR/simple-test:0x13f0:0x44f",
                "&str": "$OUT_DIR/simple-test:0x13f0:0x379",
                "()": "$OUT_DIR/simple-test:0x13f0:0x411",
                "<std::rt::lang_start::{closure_env#0}<()> as core::ops::function::Fn<()>>::{vtable_type}": "$OUT_DIR/simple-test:0x0:0x3d",
                "__ARRAY_SIZE_TYPE__": "$OUT_DIR/simple-test:0x13f0:0x497",
                "alloc::alloc::Global": "$OUT_DIR/simple-test:0x80c:0x95c",
                "core::alloc::layout::Layout": "$OUT_DIR/simple-test:0x80c:0x656",
                "core::fmt::Arguments": "$OUT_DIR/simple-test:0x13f0:0x34",
                "core::fmt::Error": "$OUT_DIR/simple-test:0x13f0:0x1cb",
                "core::fmt::Formatter": "$OUT_DIR/simple-test:0x13f0:0x1d3",
                "core::fmt::FormattingOptions": "$OUT_DIR/simple-test:0x13f0:0x1f4",
                "core::fmt::rt::Argument": "$OUT_DIR/simple-test:0x13f0:0x142",
                "core::fmt::rt::ArgumentType": "$OUT_DIR/simple-test:0x13f0:0x157",
                "core::fmt::rt::Count": "$OUT_DIR/simple-test:0x13f0:0xd0",
                "core::fmt::rt::Placeholder": "$OUT_DIR/simple-test:0x13f0:0x97",
                "core::marker::PhantomData<&()>": "$OUT_DIR/simple-test:0x13f0:0x33e",
                "core::marker::PhantomData<simple_test::TestStruct>": "$OUT_DIR/simple-test:0x80c:0x6b6",
                "core::marker::PhantomData<u8>": "$OUT_DIR/simple-test:0x80c:0x6c8",
                "core::option::Option<&[core::fmt::rt::Placeholder]>": "$OUT_DIR/simple-test:0x13f0:0x227",
                "core::option::Option<alloc::boxed::Box<simple_test::TestStruct, alloc::alloc::Global>>": "$OUT_DIR/simple-test:0x1216:0x155",
                "core::ptr::alignment::Alignment": "$OUT_DIR/simple-test:0x80c:0x2ca",
                "core::ptr::alignment::AlignmentEnum": "$OUT_DIR/simple-test:0x80c:0x39",
                "core::ptr::non_null::NonNull<()>": "$OUT_DIR/simple-test:0x13f0:0x293",
                "core::ptr::non_null::NonNull<simple_test::TestStruct>": "$OUT_DIR/simple-test:0x80c:0x3d0",
                "core::ptr::non_null::NonNull<u8>": "$OUT_DIR/simple-test:0x80c:0x416",
                "core::ptr::unique::Unique<simple_test::TestStruct>": "$OUT_DIR/simple-test:0x80c:0x43a",
                "core::ptr::unique::Unique<u8>": "$OUT_DIR/simple-test:0x80c:0x48b",
                "core::result::Result<(), core::fmt::Error>": "$OUT_DIR/simple-test:0x13f0:0x2b8",
                "dyn core::fmt::Write": "$OUT_DIR/simple-test:0x13f0:0x476",
                "i32": "$OUT_DIR/simple-test:0x80c:0x9a0",
                "isize": "$OUT_DIR/simple-test:0x0:0x249",
                "simple_test::TestStruct": "$OUT_DIR/simple-test:0x1216:0x63",
                "std::process::ExitCode": "$OUT_DIR/simple-test:0x3e7:0x64",
                "std::rt::lang_start::{closure_env#0}<()>": "$OUT_DIR/simple-test:0x80c:0x975",
                "std::sys::process::unix::common::ExitCode": "$OUT_DIR/simple-test:0x3e7:0x8e",
                "u16": "$OUT_DIR/simple-test:0x13f0:0x3e3",
                "u32": "$OUT_DIR/simple-test:0x13f0:0x3dc",
                "u64": "$OUT_DIR/simple-test:0x13f0:0x3ae",
                "u8": "$OUT_DIR/simple-test:0x13f0:0x3a0",
                "usize": "$OUT_DIR/simple-test:0x13f0:0x3a7",
            },
            cu_to_base_addr: {
                "$OUT_DIR/simple-test:0x0": "0x0",
                "$OUT_DIR/simple-test:0x1216": "0x0",
                "$OUT_DIR/simple-test:0x193f": "0x0",
                "$OUT_DIR/simple-test:0x26b": "0x0",
                "$OUT_DIR/simple-test:0x3e7": "0x0",
                "$OUT_DIR/simple-test:0x80c": "0x0",
                "$OUT_DIR/simple-test:0xc04f1": "0x0",
                "$OUT_DIR/simple-test:0xcac0a": "0x0",
                "$OUT_DIR/simple-test:0xd769b": "0x0",
            },
            address_range_to_cu: {
                "0x6060..0x3579f": "$OUT_DIR/simple-test:0x193f",
                "0x6ef0..0x6f2a": "$OUT_DIR/simple-test:0xc04f1",
                "0x6fe0..0x423e7": "$OUT_DIR/simple-test:0xcac0a",
                "0x7180..0x468b1": "$OUT_DIR/simple-test:0xd769b",
                "0x7ab0..0x7b15": "$OUT_DIR/simple-test:0x0",
                "0x7b20..0x7b37": "$OUT_DIR/simple-test:0x26b",
                "0x7b40..0x7b48": "$OUT_DIR/simple-test:0x3e7",
                "0x7b80..0x7bd4": "$OUT_DIR/simple-test:0x80c",
                "0x7be0..0x7d42": "$OUT_DIR/simple-test:0x1216",
            },
            address_range_to_function: {
                "0x6060..0x6152": "core::str::pattern::simd_contains::{{closure}}",
                "0x6152..0x6182": "core::panicking::assert_failed",
                "0x6190..0x6206": "alloc::raw_vec::finish_grow",
                "0x6210..0x62ea": "alloc::raw_vec::RawVecInner<A>::reserve::do_reserve_and_handle",
                "0x62f0..0x6336": "std::rt::handle_rt_panic",
                "0x6340..0x637b": "std::thread::ThreadId::new::exhausted",
                "0x6380..0x64bb": "std::io::buffered::bufwriter::BufWriter<W>::write_all_cold",
                "0x64ca..0x651f": "std::sync::once_lock::OnceLock<T>::initialize",
                "0x651f..0x6578": "std::sync::once_lock::OnceLock<T>::initialize",
                "0x6580..0x6613": "std::sys::pal::common::small_c_string::run_with_cstr_allocating",
                "0x6620..0x66bc": "std::sys::pal::common::small_c_string::run_with_cstr_allocating",
                "0x66c0..0x6778": "std::sys::pal::common::small_c_string::run_with_cstr_allocating",
                "0x6780..0x683d": "std::sys::pal::common::small_c_string::run_with_cstr_allocating",
                "0x6f20..0x6f2a": "panic_abort::__rust_start_panic::abort",
                "0x6fe0..0x7017": "alloc::raw_vec::capacity_overflow",
                "0x7020..0x70c5": "alloc::raw_vec::RawVecInner<A>::reserve::do_reserve_and_handle",
                "0x70d0..0x7146": "alloc::raw_vec::finish_grow",
                "0x7429..0x7459": "core::panicking::assert_failed",
                "0x7ab0..0x7aee": "std::rt::lang_start",
                "0x7af0..0x7b15": "std::rt::lang_start::{{closure}}",
                "0x7b20..0x7b37": "std::sys::backtrace::__rust_begin_short_backtrace",
                "0x7b40..0x7b48": "<() as std::process::Termination>::report",
                "0x7b80..0x7b9a": "core::ops::function::FnOnce::call_once{{vtable.shim}}",
                "0x7ba0..0x7bbb": "core::ops::function::FnOnce::call_once",
                "0x7bc0..0x7bd4": "core::ops::function::FnOnce::call_once",
                "0x7be0..0x7d0d": "simple_test::function_call",
                "0x7d10..0x7d42": "simple_test::main",
                "0x7e50..0x7e6a": "<T as core::any::Any>::type_id",
                "0x7e70..0x7e8a": "<T as core::any::Any>::type_id",
                "0x7e90..0x7eaa": "<&T as core::fmt::Debug>::fmt",
                "0x7eb0..0x7edd": "<&T as core::fmt::Debug>::fmt",
                "0x7ee0..0x7ef8": "<&T as core::fmt::Display>::fmt",
                "0x7f00..0x7f7b": "<&T as core::fmt::Display>::fmt",
                "0x7f80..0x8112": "core::fmt::Write::write_char",
                "0x8120..0x8262": "core::fmt::Write::write_char",
                "0x8270..0x8375": "core::fmt::Write::write_char",
                "0x8380..0x8476": "core::fmt::Write::write_char",
                "0x8480..0x8495": "core::fmt::Write::write_fmt",
                "0x84a0..0x84b5": "core::fmt::Write::write_fmt",
                "0x84c0..0x84d5": "core::fmt::Write::write_fmt",
                "0x84e0..0x84f5": "core::fmt::Write::write_fmt",
                "0x8500..0x8515": "core::fmt::Write::write_fmt",
                "0x8520..0x8629": "core::num::<impl u64>::from_ascii_radix",
                "0x87b0..0x87ba": "core::ops::function::FnOnce::call_once{{vtable.shim}}",
                "0x87c0..0x8809": "core::ops::function::FnOnce::call_once{{vtable.shim}}",
                "0x8810..0x881a": "core::ops::function::FnOnce::call_once{{vtable.shim}}",
                "0x8820..0x88a2": "core::ops::function::FnOnce::call_once{{vtable.shim}}",
                "0x88b0..0x88c1": "core::ops::function::FnOnce::call_once{{vtable.shim}}",
                "0x88d0..0x88ee": "core::ops::function::FnOnce::call_once{{vtable.shim}}",
                "0x88f0..0x8901": "core::ops::function::FnOnce::call_once{{vtable.shim}}",
                "0x8910..0x8998": "core::ops::function::FnOnce::call_once{{vtable.shim}}",
                "0x8b40..0x8c33": "core::ptr::drop_in_place<addr2line::unit::ResUnit<gimli::read::endian_slice::EndianSlice<gimli::endianity::LittleEndian>>>",
                "0x8c90..0x8d6d": "core::ptr::drop_in_place<addr2line::unit::ResUnits<gimli::read::endian_slice::EndianSlice<gimli::endianity::LittleEndian>>>",
                "0x8d70..0x8e4d": "core::ptr::drop_in_place<addr2line::unit::SupUnits<gimli::read::endian_slice::EndianSlice<gimli::endianity::LittleEndian>>>",
                "0x9040..0x9135": "core::ptr::drop_in_place<alloc::vec::Vec<addr2line::unit::SupUnit<gimli::read::endian_slice::EndianSlice<gimli::endianity::LittleEndian>>>>",
                "0x9140..0x919c": "core::ptr::drop_in_place<alloc::sync::ArcInner<gimli::read::dwarf::Dwarf<gimli::read::endian_slice::EndianSlice<gimli::endianity::LittleEndian>>>>",
                "0x9260..0x92cc": "core::ptr::drop_in_place<core::result::Result<addr2line::Context<gimli::read::endian_slice::EndianSlice<gimli::endianity::LittleEndian>>,gimli::read::Error>>",
                "0x9460..0x9492": "core::ptr::drop_in_place<core::result::Result<addr2line::frame::FrameIter<gimli::read::endian_slice::EndianSlice<gimli::endianity::LittleEndian>>,gimli::read::Error>>",
                "0x94a0..0x9585": "core::ptr::drop_in_place<core::result::Result<addr2line::function::Functions<gimli::read::endian_slice::EndianSlice<gimli::endianity::LittleEndian>>,gimli::read::Error>>",
                "0x9590..0x95b5": "core::ptr::drop_in_place<core::result::Result<core::option::Option<alloc::sync::Arc<std::sync::poison::mutex::Mutex<alloc::vec::Vec<u8>>>>,std::thread::local::AccessError>>",
                "0x95c0..0x966e": "core::ptr::drop_in_place<core::result::Result<core::option::Option<alloc::boxed::Box<addr2line::unit::DwoUnit<gimli::read::endian_slice::EndianSlice<gimli::endianity::LittleEndian>>>>,gimli::read::Error>>",
                "0x9710..0x9793": "core::ptr::drop_in_place<<alloc::collections::btree::map::IntoIter<K,V,A> as core::ops::drop::Drop>::drop::DropGuard<u64,core::result::Result<alloc::sync::Arc<gimli::read::abbrev::Abbreviations>,gimli::read::Error>,alloc::alloc::Global>>",
                "0x9920..0x9a5d": "core::ptr::drop_in_place<gimli::read::abbrev::Abbreviations>",
                "0x9a60..0x9b3d": "core::ptr::drop_in_place<gimli::read::abbrev::AbbreviationsCache>",
                "0x9c20..0x9c62": "core::ptr::drop_in_place<std::backtrace_rs::backtrace::libunwind::Bomb>",
                "0x9c70..0x9d4d": "core::ptr::drop_in_place<std::backtrace_rs::symbolize::gimli::stash::Stash>",
                "0x9ea0..0x9fa7": "core::ptr::drop_in_place<(usize,std::backtrace_rs::symbolize::gimli::Mapping)>",
                "0xa0e0..0xa103": "core::ptr::drop_in_place<std::sync::poison::rwlock::RwLockReadGuard<std::panicking::Hook>>",
                "0xa110..0xa209": "core::ptr::drop_in_place<core::result::Result<addr2line::line::Lines,gimli::read::Error>>",
                "0xa210..0xa30a": "core::ptr::drop_in_place<std::io::buffered::linewriter::LineWriter<std::io::stdio::StdoutRaw>>",
                "0xa430..0xa5b0": "core::str::<impl str>::trim_start_matches",
                "0xa5b0..0xa5b8": "core::panic::PanicPayload::as_str",
                "0xa5c0..0xa6c3": "core::slice::sort::shared::pivot::median3_rec",
                "0xa6d0..0xa782": "core::slice::sort::shared::pivot::median3_rec",
                "0xa790..0xa843": "core::slice::sort::shared::pivot::median3_rec",
                "0xa850..0xa8fc": "core::slice::sort::shared::pivot::median3_rec",
                "0xa900..0xa9b2": "core::slice::sort::shared::pivot::median3_rec",
                "0xa9c0..0xaa73": "core::slice::sort::shared::pivot::median3_rec",
                "0xaa80..0xabf0": "core::slice::sort::shared::smallsort::sort4_stable",
                "0xabf0..0xaf66": "core::slice::sort::shared::smallsort::sort8_stable",
                "0xaf70..0xb4ea": "core::slice::sort::shared::smallsort::small_sort_general",
                "0xb4f0..0xb582": "core::slice::sort::shared::smallsort::insertion_sort_shift_left",
                "0xb590..0xb632": "core::slice::sort::shared::smallsort::insertion_sort_shift_left",
                "0xb640..0xb700": "core::slice::sort::shared::smallsort::insertion_sort_shift_left",
                "0xb700..0xb858": "core::slice::sort::stable::driftsort_main",
                "0xb860..0xb9b8": "core::slice::sort::stable::driftsort_main",
                "0xb9c0..0xbb18": "core::slice::sort::stable::driftsort_main",
                "0xbb20..0xbc80": "core::slice::sort::stable::driftsort_main",
                "0xbc80..0xbde9": "core::slice::sort::stable::driftsort_main",
                "0xbdf0..0xc48d": "core::slice::sort::stable::drift::sort",
                "0xc490..0xcb72": "core::slice::sort::stable::drift::sort",
                "0xcb80..0xd263": "core::slice::sort::stable::drift::sort",
                "0xd270..0xd947": "core::slice::sort::stable::drift::sort",
                "0xd950..0xdfed": "core::slice::sort::stable::drift::sort",
                "0xdff0..0xe9ef": "core::slice::sort::stable::quicksort::quicksort",
                "0xe9f0..0xf45f": "core::slice::sort::stable::quicksort::quicksort",
                "0xf460..0xfecf": "core::slice::sort::stable::quicksort::quicksort",
                "0xfed0..0x1098a": "core::slice::sort::stable::quicksort::quicksort",
                "0x10990..0x11394": "core::slice::sort::stable::quicksort::quicksort",
                "0x113a0..0x1147b": "core::slice::sort::unstable::ipnsort",
                "0x11480..0x11586": "core::slice::sort::unstable::heapsort::heapsort",
                "0x11590..0x119f2": "core::slice::sort::unstable::quicksort::quicksort",
                "0x11a00..0x11a0e": "<*mut T as core::fmt::Debug>::fmt",
                "0x11a10..0x11a25": "<&mut T as core::fmt::Display>::fmt",
                "0x11a30..0x1227b": "<&str as core::str::pattern::Pattern>::is_contained_in",
                "0x12280..0x1228d": "<alloc::string::String as core::fmt::Write>::write_char",
                "0x12290..0x122f7": "<alloc::string::String as core::fmt::Write>::write_str",
                "0x12300..0x12706": "alloc::collections::btree::map::IntoIter<K,V,A>::dying_next",
                "0x12710..0x12b16": "alloc::collections::btree::map::IntoIter<K,V,A>::dying_next",
                "0x12b20..0x12bc0": "alloc::sync::Arc<T,A>::drop_slow",
                "0x12bc0..0x12c27": "alloc::sync::Arc<T,A>::drop_slow",
                "0x12c30..0x12c7e": "alloc::sync::Arc<T,A>::drop_slow",
                "0x12c80..0x12cd6": "alloc::sync::Arc<T,A>::drop_slow",
                "0x12e10..0x12ec3": "alloc::raw_vec::RawVec<T,A>::grow_one",
                "0x12ed0..0x12f86": "alloc::raw_vec::RawVec<T,A>::grow_one",
                "0x12f90..0x13047": "alloc::raw_vec::RawVec<T,A>::grow_one",
                "0x13050..0x13107": "alloc::raw_vec::RawVec<T,A>::grow_one",
                "0x13110..0x131c3": "alloc::raw_vec::RawVec<T,A>::grow_one",
                "0x131d0..0x13287": "alloc::raw_vec::RawVec<T,A>::grow_one",
                "0x13290..0x13343": "alloc::raw_vec::RawVec<T,A>::grow_one",
                "0x13350..0x13403": "alloc::raw_vec::RawVec<T,A>::grow_one",
                "0x13410..0x134c4": "alloc::raw_vec::RawVec<T,A>::grow_one",
                "0x134d0..0x13586": "alloc::raw_vec::RawVec<T,A>::grow_one",
                "0x13590..0x13644": "alloc::raw_vec::RawVec<T,A>::grow_one",
                "0x13650..0x13939": "gimli::read::line::parse_file_v5",
                "0x13940..0x13d12": "gimli::read::line::FileEntryFormat::parse",
                "0x13d20..0x14753": "gimli::read::line::parse_attribute",
                "0x14760..0x14841": "gimli::read::line::parse_directory_v5",
                "0x14ab0..0x15f04": "gimli::read::unit::parse_attribute",
                "0x15f10..0x164cc": "gimli::read::unit::skip_attributes",
                "0x164d0..0x16a32": "gimli::read::unit::Attribute<R>::value",
                "0x16a40..0x16d6d": "gimli::read::unit::EntriesCursor<R>::next_entry",
                "0x16dd0..0x1740a": "gimli::read::unit::DebugInfoUnitHeadersIter<R>::next",
                "0x17410..0x199e1": "gimli::read::dwarf::Unit<R>::new",
                "0x199f0..0x19bd3": "gimli::read::dwarf::Dwarf<R>::attr_string",
                "0x19be0..0x1a5be": "gimli::read::index::UnitIndex<R>::parse",
                "0x1a720..0x1a828": "gimli::read::reader::Reader::read_sized_offset",
                "0x1a830..0x1aace": "gimli::read::aranges::ArangeHeader<R,Offset>::parse",
                "0x1aad0..0x1b9fe": "gimli::read::rnglists::RngListIter<R>::next",
                "0x1ba00..0x1ba19": "<alloc::string::String as core::fmt::Display>::fmt",
                "0x1be50..0x1c2d6": "addr2line::line::render_file",
                "0x1c2e0..0x1e559": "addr2line::line::LazyLines::borrow",
                "0x1e560..0x1ea78": "addr2line::unit::ResUnit<R>::find_function_or_location",
                "0x1ea80..0x2047c": "addr2line::unit::ResUnit<R>::find_function_or_location::{{closure}}",
                "0x20480..0x209fd": "addr2line::lookup::LoopingLookup<T,L,F>::new_lookup",
                "0x20a00..0x20e04": "addr2line::function::name_entry",
                "0x20e10..0x21fd5": "addr2line::function::Function<R>::parse_children",
                "0x21fe0..0x2217d": "addr2line::function::name_attr",
                "0x22870..0x228fb": "std::thread::current::try_with_current",
                "0x22f20..0x230a2": "std::fs::buffer_capacity_required",
                "0x233a0..0x235e4": "std::io::buffered::bufwriter::BufWriter<W>::flush_buf",
                "0x23860..0x238cb": "std::io::impls::<impl std::io::Write for alloc::vec::Vec<u8,A>>::write",
                "0x23a30..0x23a38": "std::io::impls::<impl std::io::Write for alloc::vec::Vec<u8,A>>::is_write_vectored",
                "0x23ab0..0x23bec": "std::io::impls::<impl std::io::Write for alloc::vec::Vec<u8,A>>::write_all_vectored",
                "0x23bf0..0x23bf8": "std::io::impls::<impl std::io::Write for alloc::vec::Vec<u8,A>>::flush",
                "0x241d0..0x24420": "std::io::stdio::print_to_buffer_if_capture_used",
                "0x24510..0x2481d": "std::io::default_read_to_end",
                "0x24820..0x24915": "std::io::default_read_to_end::small_probe_read",
                "0x24c40..0x24e0b": "std::io::Write::write_all_vectored",
                "0x24e10..0x24f3d": "std::io::Write::write_fmt",
                "0x24f40..0x2506d": "std::io::Write::write_fmt",
                "0x25070..0x2519d": "std::io::Write::write_fmt",
                "0x25750..0x2583a": "std::path::Components::parse_next_component_back",
                "0x25fc0..0x2621e": "<std::path::Components as core::cmp::PartialEq>::eq",
                "0x26a40..0x26cbc": "std::sync::poison::once::Once::call_once::{{closure}}",
                "0x26e10..0x26e68": "std::sys::backtrace::BacktraceLock::print",
                "0x27110..0x2725c": "std::sys::backtrace::_print_fmt::{{closure}}",
                "0x27260..0x274fa": "std::sys::backtrace::_print_fmt::{{closure}}::{{closure}}",
                "0x27500..0x27509": "std::sys::backtrace::__rust_end_short_backtrace",
                "0x27510..0x27629": "std::sys::backtrace::output_filename",
                "0x27630..0x27788": "std::alloc::default_alloc_error_hook",
                "0x27ade..0x27c6c": "std::panicking::default_hook::{{closure}}",
                "0x27c70..0x27f50": "std::panicking::default_hook::{{closure}}::{{closure}}",
                "0x28250..0x28260": "<std::panicking::begin_panic_handler::StaticStrPayload as core::panic::PanicPayload>::get",
                "0x28260..0x2826d": "<std::panicking::begin_panic_handler::StaticStrPayload as core::panic::PanicPayload>::as_str",
                "0x28290..0x28362": "std::panicking::begin_panic_handler::{{closure}}",
                "0x28820..0x28cc8": "std::backtrace_rs::print::BacktraceFrameFmt::print_raw_with_column",
                "0x28cd0..0x28ef6": "std::backtrace_rs::print::BacktraceFrameFmt::print_fileline",
                "0x28f00..0x28fbe": "<std::path::Component as core::cmp::PartialEq>::eq",
                "0x28fc0..0x28ff5": "<std::path::StripPrefixError as core::fmt::Debug>::fmt",
                "0x29020..0x2917b": "std::sys::pal::unix::os::getenv::{{closure}}",
                "0x29180..0x29270": "std::sys::pal::unix::stack_overflow::imp::signal_handler",
                "0x29270..0x29380": "std::sys::pal::unix::stack_overflow::imp::signal_handler::{{closure}}",
                "0x29380..0x29704": "std::sys::pal::unix::stack_overflow::imp::make_handler",
                "0x29710..0x297c3": "std::sys::pal::unix::decode_error_kind",
                "0x29e30..0x29fec": "std::sys::exit_guard::unique_thread_exit",
                "0x2a130..0x2a2fd": "std::sys::fs::unix::readlink::{{closure}}",
                "0x2a690..0x2a953": "std::sys::fs::unix::try_statx",
                "0x2ab50..0x2ab58": "<std::sys::stdio::unix::Stderr as std::io::Write>::is_write_vectored",
                "0x2ab60..0x2ab68": "<std::sys::stdio::unix::Stderr as std::io::Write>::flush",
                "0x2ab70..0x2ab8f": "std::sys::thread_local::native::eager::destroy",
                "0x2aca0..0x2ada5": "std::sys::thread_local::guard::key::enable",
                "0x2adb0..0x2aef7": "std::sys::thread_local::guard::key::enable::run",
                "0x2af00..0x2af46": "std::backtrace_rs::backtrace::libunwind::trace::trace_fn",
                "0x2af50..0x2b056": "std::backtrace_rs::symbolize::gimli::stash::Stash::allocate",
                "0x2b060..0x2e64f": "std::backtrace_rs::symbolize::gimli::Context::new",
                "0x2e650..0x2e8f8": "std::backtrace_rs::symbolize::gimli::mmap",
                "0x2e900..0x32a0f": "std::backtrace_rs::symbolize::gimli::Cache::with_global",
                "0x32a10..0x335d7": "std::backtrace_rs::symbolize::gimli::elf::<impl std::backtrace_rs::symbolize::gimli::Mapping>::new_debug",
                "0x335e0..0x33a30": "std::backtrace_rs::symbolize::gimli::elf::<impl std::backtrace_rs::symbolize::gimli::Mapping>::load_dwarf_package",
                "0x33a30..0x34134": "std::backtrace_rs::symbolize::gimli::elf::Object::parse",
                "0x34140..0x344b0": "std::backtrace_rs::symbolize::gimli::elf::Object::section",
                "0x344b0..0x34564": "std::backtrace_rs::symbolize::gimli::elf::Object::search_symtab",
                "0x34570..0x346f3": "std::backtrace_rs::symbolize::gimli::elf::Object::build_id",
                "0x34830..0x34ac3": "std::backtrace_rs::symbolize::gimli::elf::locate_build_id",
                "0x34ad0..0x34ee6": "std::backtrace_rs::symbolize::gimli::libs_dl_iterate_phdr::callback",
                "0x356e0..0x3579f": "<std::backtrace_rs::symbolize::gimli::parse_running_mmaps::MapsEntry as core::str::traits::FromStr>::from_str::{{closure}}",
                "0x37cb0..0x37cca": "<core::fmt::Error as core::fmt::Debug>::fmt",
                "0x380f0..0x382c8": "<core::str::pattern::CharSearcher as core::str::pattern::Searcher>::next_match",
                "0x41d00..0x41d98": "alloc::raw_vec::RawVec<T,A>::grow_one",
                "0x423f0..0x425df": "<core::ops::range::Range<Idx> as core::fmt::Debug>::fmt",
                "0x42f10..0x42f25": "core::fmt::Write::write_fmt",
                "0x436a0..0x436f4": "core::fmt::Formatter::pad_integral::write_prefix",
                "0x45e20..0x45f33": "core::unicode::printable::check",
                "0x463c0..0x464d4": "core::fmt::num::imp::<impl u32>::_fmt",
                "0x46500..0x46610": "core::fmt::num::imp::<impl u64>::_fmt",
                "0x46610..0x466e8": "<&T as core::fmt::Debug>::fmt",
                "0x46710..0x46728": "<&T as core::fmt::Display>::fmt",
            },
        },
    },
}
